Archive member included to satisfy reference by file (symbol)

c:/progra~1/microc~1/xc32/v4.35/bin/bin/../../lib/gcc/pic32mx/8.3.1\libgcc.a(floatunsisf.o)
                              CMakeFiles/base_station_yellowcard_production_production_XC32_compile.dir/f0902cd0b01c5fa7d11bc8606214553b/src/PacketStructures.c.o (__floatunsisf)
c:/progra~1/microc~1/xc32/v4.35/bin/bin/../../lib/gcc/pic32mx/8.3.1/../../../../pic32mx/lib\libpic32.a(memcpy.o)
                              CMakeFiles/base_station_yellowcard_production_production_XC32_compile.dir/f0902cd0b01c5fa7d11bc8606214553b/src/Logging.c.o (memcpy)
c:/progra~1/microc~1/xc32/v4.35/bin/bin/../../lib/gcc/pic32mx/8.3.1/../../../../pic32mx/lib\libpic32.a(strlen.o)
                              CMakeFiles/base_station_yellowcard_production_production_XC32_compile.dir/f0902cd0b01c5fa7d11bc8606214553b/src/Logging.c.o (strlen)
c:/progra~1/microc~1/xc32/v4.35/bin/bin/../../lib/gcc/pic32mx/8.3.1/../../../../pic32mx/lib\libpic32.a(default-bootstrap-exception-handler.o)
                              C:\Users\Aeryn\AppData\Local\Temp\cca9XBzL.o (_bootstrap_exception_handler)
c:/progra~1/microc~1/xc32/v4.35/bin/bin/../../lib/gcc/pic32mx/8.3.1/../../../../pic32mx/lib\libpic32.a(default-on-reset.o)
                              C:\Users\Aeryn\AppData\Local\Temp\cca9XBzL.o (_on_reset)
c:/progra~1/microc~1/xc32/v4.35/bin/bin/../../lib/gcc/pic32mx/8.3.1/../../../../pic32mx/lib\libpic32.a(default-on-bootstrap.o)
                              C:\Users\Aeryn\AppData\Local\Temp\cca9XBzL.o (_on_bootstrap)
c:/progra~1/microc~1/xc32/v4.35/bin/bin/../../lib/gcc/pic32mx/8.3.1/../../../../pic32mx/lib\libpic32.a(default-nmi-handler.o)
                              C:\Users\Aeryn\AppData\Local\Temp\cca9XBzL.o (_nmi_handler)
c:/progra~1/microc~1/xc32/v4.35/bin/bin/../../lib/gcc/pic32mx/8.3.1/../../../../pic32mx/lib\libpic32.a(pic32_data_init_core.o)
                              C:\Users\Aeryn\AppData\Local\Temp\cca9XBzL.o (__pic32_data_init)
c:/progra~1/microc~1/xc32/v4.35/bin/bin/../../lib/gcc/pic32mx/8.3.1/../../../../pic32mx/lib\libpic32.a(general-exception.o)
                              C:\Users\Aeryn\AppData\Local\Temp\cca9XBzL.o (_general_exception_context)
c:/progra~1/microc~1/xc32/v4.35/bin/bin/../../lib/gcc/pic32mx/8.3.1/../../../../pic32mx/lib\libpic32.a(vector0.o)
                              C:\Users\Aeryn\AppData\Local\Temp\ccWbUkXf.o (__vector_dispatch_0)
c:/progra~1/microc~1/xc32/v4.35/bin/bin/../../lib/gcc/pic32mx/8.3.1/../../../../pic32mx/lib\libpic32.a(vector1.o)
                              C:\Users\Aeryn\AppData\Local\Temp\ccWbUkXf.o (__vector_dispatch_1)
c:/progra~1/microc~1/xc32/v4.35/bin/bin/../../lib/gcc/pic32mx/8.3.1/../../../../pic32mx/lib\libpic32.a(vector2.o)
                              C:\Users\Aeryn\AppData\Local\Temp\ccWbUkXf.o (__vector_dispatch_2)
c:/progra~1/microc~1/xc32/v4.35/bin/bin/../../lib/gcc/pic32mx/8.3.1/../../../../pic32mx/lib\libpic32.a(vector3.o)
                              C:\Users\Aeryn\AppData\Local\Temp\ccWbUkXf.o (__vector_dispatch_3)
c:/progra~1/microc~1/xc32/v4.35/bin/bin/../../lib/gcc/pic32mx/8.3.1/../../../../pic32mx/lib\libpic32.a(vector5.o)
                              C:\Users\Aeryn\AppData\Local\Temp\ccWbUkXf.o (__vector_dispatch_5)
c:/progra~1/microc~1/xc32/v4.35/bin/bin/../../lib/gcc/pic32mx/8.3.1/../../../../pic32mx/lib\libpic32.a(vector6.o)
                              C:\Users\Aeryn\AppData\Local\Temp\ccWbUkXf.o (__vector_dispatch_6)
c:/progra~1/microc~1/xc32/v4.35/bin/bin/../../lib/gcc/pic32mx/8.3.1/../../../../pic32mx/lib\libpic32.a(vector7.o)
                              C:\Users\Aeryn\AppData\Local\Temp\ccWbUkXf.o (__vector_dispatch_7)
c:/progra~1/microc~1/xc32/v4.35/bin/bin/../../lib/gcc/pic32mx/8.3.1/../../../../pic32mx/lib\libpic32.a(vector8.o)
                              C:\Users\Aeryn\AppData\Local\Temp\ccWbUkXf.o (__vector_dispatch_8)
c:/progra~1/microc~1/xc32/v4.35/bin/bin/../../lib/gcc/pic32mx/8.3.1/../../../../pic32mx/lib\libpic32.a(vector9.o)
                              C:\Users\Aeryn\AppData\Local\Temp\ccWbUkXf.o (__vector_dispatch_9)
c:/progra~1/microc~1/xc32/v4.35/bin/bin/../../lib/gcc/pic32mx/8.3.1/../../../../pic32mx/lib\libpic32.a(vector10.o)
                              C:\Users\Aeryn\AppData\Local\Temp\ccWbUkXf.o (__vector_dispatch_10)
c:/progra~1/microc~1/xc32/v4.35/bin/bin/../../lib/gcc/pic32mx/8.3.1/../../../../pic32mx/lib\libpic32.a(vector11.o)
                              C:\Users\Aeryn\AppData\Local\Temp\ccWbUkXf.o (__vector_dispatch_11)
c:/progra~1/microc~1/xc32/v4.35/bin/bin/../../lib/gcc/pic32mx/8.3.1/../../../../pic32mx/lib\libpic32.a(vector12.o)
                              C:\Users\Aeryn\AppData\Local\Temp\ccWbUkXf.o (__vector_dispatch_12)
c:/progra~1/microc~1/xc32/v4.35/bin/bin/../../lib/gcc/pic32mx/8.3.1/../../../../pic32mx/lib\libpic32.a(vector13.o)
                              C:\Users\Aeryn\AppData\Local\Temp\ccWbUkXf.o (__vector_dispatch_13)
[...]
Memory Configuration

Name             Origin             Length             Attributes
kseg0_data_mem   0x0000000080000000 0x0000000000000200
kseg1_data_mem   0x00000000a0000000 0x0000000000002000 w !x
kseg0_boot_mem   0x000000009fc00490 0x0000000000000000
kseg1_boot_mem   0x00000000bfc00000 0x0000000000000490
exception_mem    0x000000009d000000 0x0000000000000780
kseg0_program_mem 0x000000009d000780 0x0000000000007880 xr
debug_exec_mem   0x000000009fc00490 0x0000000000000760
config3          0x00000000bfc00bf0 0x0000000000000004
config2          0x00000000bfc00bf4 0x0000000000000004
config1          0x00000000bfc00bf8 0x0000000000000004
config0          0x00000000bfc00bfc 0x0000000000000004
sfrs             0x00000000bf800000 0x0000000000100000
configsfrs       0x00000000bfc00bf0 0x0000000000000010
*default*        0x0000000000000000 0xffffffffffffffff

Linker script and memory map


reserve_data_0_kseg0
                0x0000000080000000      0x200
                0x0000000080000000        0x2 SHORT 0x0
                0x00000000000001fd                . = 0x1fd
 *fill*         0x0000000080000002      0x1fb 
                0x0000000080000200                . = ALIGN (0x4)
 *fill*         0x00000000800001fd        0x3 

reserve_data_0_kseg1
                0x00000000a0000000      0x200
                0x00000000a0000000        0x2 SHORT 0x0
                0x00000000000001fd                . = 0x1fd
 *fill*         0x00000000a0000002      0x1fb 
                0x00000000a0000200                . = ALIGN (0x4)
 *fill*         0x00000000a00001fd        0x3 

reserve_boot_0x1fc00490_kseg0
                0x000000009fc00490      0x764
                0x000000009fc00490        0x2 SHORT 0x0
                0x0000000000000761                . = 0x761
 *fill*         0x000000009fc00492      0x75f 
                0x000000009fc00bf4                . = ALIGN (0x4)
 *fill*         0x000000009fc00bf1        0x3 

reserve_boot_0x1fc00490_kseg1
                0x00000000bfc00490      0x764
                0x00000000bfc00490        0x2 SHORT 0x0
                0x0000000000000761                . = 0x761
 *fill*         0x00000000bfc00492      0x75f 
                0x00000000bfc00bf4                . = ALIGN (0x4)
 *fill*         0x00000000bfc00bf1        0x3 
LOAD c:/progra~1/microc~1/xc32/v4.35/bin/bin/../../lib/gcc/pic32mx/8.3.1/../../../../pic32mx/lib\software-debug-break.o
                0x0000000000000001                __MPLAB_BUILD = 0x1
                0x0000000000000001                __MPLAB_DEBUG = 0x1
                0x0000000000000001                __DEBUG = 0x1
LOAD CMakeFiles/base_station_yellowcard_production_production_XC32_compile.dir/f0902cd0b01c5fa7d11bc8606214553b/src/Interrupts.c.o
LOAD CMakeFiles/base_station_yellowcard_production_production_XC32_compile.dir/f0902cd0b01c5fa7d11bc8606214553b/src/Logging.c.o
LOAD CMakeFiles/base_station_yellowcard_production_production_XC32_compile.dir/16704d74be4b601d72203da87f43d6d0/base-station.X/src/Main.c.o
LOAD CMakeFiles/base_station_yellowcard_production_production_XC32_compile.dir/f0902cd0b01c5fa7d11bc8606214553b/src/PacketStructures.c.o
LOAD CMakeFiles/base_station_yellowcard_production_production_XC32_compile.dir/f0902cd0b01c5fa7d11bc8606214553b/src/drv/DPS368/DPS368.c.o
LOAD CMakeFiles/base_station_yellowcard_production_production_XC32_compile.dir/f0902cd0b01c5fa7d11bc8606214553b/src/drv/HAL.c.o
LOAD CMakeFiles/base_station_yellowcard_production_production_XC32_compile.dir/f0902cd0b01c5fa7d11bc8606214553b/src/drv/SHT4x/SHT4x.c.o
LOAD CMakeFiles/base_station_yellowcard_production_production_XC32_compile.dir/eaf75ac4461230790cf924d14d06ab78/drv/SSD1803A/SSD1803A.c.o
LOAD CMakeFiles/base_station_yellowcard_production_production_XC32_compile.dir/f0902cd0b01c5fa7d11bc8606214553b/src/drv/SX1231H/SX1231H.c.o
LOAD C:\Users\Aeryn\AppData\Local\Temp\cca9XBzL.o
LOAD C:\Users\Aeryn\AppData\Local\Temp\ccKKGnkO.o
LOAD C:\Users\Aeryn\AppData\Local\Temp\ccWbUkXf.o
LOAD c:/progra~1/microc~1/xc32/v4.35/bin/bin/../../lib/gcc/pic32mx/8.3.1/../../../../pic32mx/lib\pic32_software_reset.o
LOAD c:/progra~1/microc~1/xc32/v4.35/bin/bin/../../lib/gcc/pic32mx/8.3.1\libgcc.a
START GROUP
LOAD c:/progra~1/microc~1/xc32/v4.35/bin/bin/../../lib/gcc/pic32mx/8.3.1/../../../../pic32mx/lib\libpic32.a
LOAD c:/progra~1/microc~1/xc32/v4.35/bin/bin/../../lib/gcc/pic32mx/8.3.1/../../../../pic32mx/lib\libdebug.a
LOAD c:/progra~1/microc~1/xc32/v4.35/bin/bin/../../lib/gcc/pic32mx/8.3.1/../../../../pic32mx/lib\libc-musl.a
LOAD c:/progra~1/microc~1/xc32/v4.35/bin/bin/../../lib/gcc/pic32mx/8.3.1/../../../../pic32mx/lib\libm.a
LOAD c:/progra~1/microc~1/xc32/v4.35/bin/bin/../../lib/gcc/pic32mx/8.3.1/../../../../pic32mx/lib\libe.a
LOAD c:/progra~1/microc~1/xc32/v4.35/bin/bin/../../lib/gcc/pic32mx/8.3.1/../../../../pic32mx/lib\libm-musl.a
LOAD c:/progra~1/microc~1/xc32/v4.35/bin/bin/../../lib/gcc/pic32mx/8.3.1/../../../../pic32mx/lib\libdsp.a
LOAD c:/progra~1/microc~1/xc32/v4.35/bin/bin/../../lib/gcc/pic32mx/8.3.1\libgcc.a
END GROUP
LOAD c:/progra~1/microc~1/xc32/v4.35/bin/bin/../../lib/gcc/pic32mx/8.3.1\libgcc.a
                0x0000000000000400                PROVIDE (_min_stack_size = 0x400)
START GROUP
LOAD libmchp_peripheral.a
END GROUP
START GROUP
LOAD libmchp_peripheral_32MX120F032B.a
END GROUP
                0x0000000000000001                PROVIDE (_vector_spacing = 0x1)
                0x000000009d000000                PROVIDE (_ebase_address = 0x9d000000)
                0x00000000bfc00000                _RESET_ADDR = 0xbfc00000
                0x00000000bfc00380                _BEV_EXCPT_ADDR = 0xbfc00380
                0x00000000bfc00480                _DBG_EXCPT_ADDR = 0xbfc00480
                0x000000009fc00490                _DBG_CODE_ADDR = 0x9fc00490
                0x0000000000000760                _DBG_CODE_SIZE = 0x760
                0x000000009d000180                _GEN_EXCPT_ADDR = (_ebase_address + 0x180)

.config_BFC00BF0
                0x00000000bfc00bf0        0x4
 *(.config_BFC00BF0)
 .config_BFC00BF0
                0x00000000bfc00bf0        0x4 CMakeFiles/base_station_yellowcard_production_production_XC32_compile.dir/16704d74be4b601d72203da87f43d6d0/base-station.X/src/Main.c.o
                0x00000000bfc00bf0                __config_BFC00BF0

.config_BFC00BF4
                0x00000000bfc00bf4        0x4
 *(.config_BFC00BF4)
 .config_BFC00BF4
                0x00000000bfc00bf4        0x4 CMakeFiles/base_station_yellowcard_production_production_XC32_compile.dir/16704d74be4b601d72203da87f43d6d0/base-station.X/src/Main.c.o
                0x00000000bfc00bf4                __config_BFC00BF4

.config_BFC00BF8
                0x00000000bfc00bf8        0x4
 *(.config_BFC00BF8)
 .config_BFC00BF8
                0x00000000bfc00bf8        0x4 CMakeFiles/base_station_yellowcard_production_production_XC32_compile.dir/16704d74be4b601d72203da87f43d6d0/base-station.X/src/Main.c.o
                0x00000000bfc00bf8                __config_BFC00BF8

.config_BFC00BFC
                0x00000000bfc00bfc        0x4
 *(.config_BFC00BFC)
 .config_BFC00BFC
                0x00000000bfc00bfc        0x4 CMakeFiles/base_station_yellowcard_production_production_XC32_compile.dir/16704d74be4b601d72203da87f43d6d0/base-station.X/src/Main.c.o
                0x00000000bfc00bfc                __config_BFC00BFC

.reset          0x00000000bfc00000      0x178
 *(.reset)
 .reset         0x00000000bfc00000        0x8 C:\Users\Aeryn\AppData\Local\Temp\cca9XBzL.o
                0x00000000bfc00000                _reset
 *(.reset.startup)
 .reset.startup
                0x00000000bfc00008      0x170 C:\Users\Aeryn\AppData\Local\Temp\cca9XBzL.o
                0x00000000bfc00008                _startup

.bev_excpt      0x00000000bfc00380       0x10
 *(.bev_handler)
 .bev_handler   0x00000000bfc00380       0x10 C:\Users\Aeryn\AppData\Local\Temp\cca9XBzL.o

.dbg_excpt      0x00000000bfc00480        0x0
                0x00000000bfc00480                . = (. + DEFINED (_DEBUGGER)?0x8:0x0)

.dbg_code       0x000000009fc00490        0x0
                0x000000009fc00490                . = (. + DEFINED (_DEBUGGER)?_DBG_CODE_SIZE:0x0)

.app_excpt      0x000000009d000180       0x10
 *(.gen_handler)
 .gen_handler   0x000000009d000180       0x10 C:\Users\Aeryn\AppData\Local\Temp\cca9XBzL.o

.vector_0       0x000000009d000200        0x8
 *(.vector_0)
 .vector_0      0x000000009d000200        0x8 c:/progra~1/microc~1/xc32/v4.35/bin/bin/../../lib/gcc/pic32mx/8.3.1/../../../../pic32mx/lib\libpic32.a(vector0.o)
                0x000000009d000200                __vector_dispatch_0
                0x0000000000000001                ASSERT (((_vector_spacing == 0x0) || (SIZEOF (.vector_0) <= (_vector_spacing << 0x5))), function at exception vector 0 too large)

.vector_1       0x000000009d000220        0x8
 *(.vector_1)
 .vector_1      0x000000009d000220        0x8 c:/progra~1/microc~1/xc32/v4.35/bin/bin/../../lib/gcc/pic32mx/8.3.1/../../../../pic32mx/lib\libpic32.a(vector1.o)
                0x000000009d000220                __vector_dispatch_1
                0x0000000000000001                ASSERT (((_vector_spacing == 0x0) || (SIZEOF (.vector_1) <= (_vector_spacing << 0x5))), function at exception vector 1 too large)

.vector_2       0x000000009d000240        0x8
 *(.vector_2)
 .vector_2      0x000000009d000240        0x8 c:/progra~1/microc~1/xc32/v4.35/bin/bin/../../lib/gcc/pic32mx/8.3.1/../../../../pic32mx/lib\libpic32.a(vector2.o)
                0x000000009d000240                __vector_dispatch_2
                0x0000000000000001                ASSERT (((_vector_spacing == 0x0) || (SIZEOF (.vector_2) <= (_vector_spacing << 0x5))), function at exception vector 2 too large)

.vector_3       0x000000009d000260        0x8
 *(.vector_3)
 .vector_3      0x000000009d000260        0x8 c:/progra~1/microc~1/xc32/v4.35/bin/bin/../../lib/gcc/pic32mx/8.3.1/../../../../pic32mx/lib\libpic32.a(vector3.o)
                0x000000009d000260                __vector_dispatch_3
                0x0000000000000001                ASSERT (((_vector_spacing == 0x0) || (SIZEOF (.vector_3) <= (_vector_spacing << 0x5))), function at exception vector 3 too large)

.vector_4       0x000000009d000280        0x8
 *(.vector_4)
 .vector_4      0x000000009d000280        0x8 CMakeFiles/base_station_yellowcard_production_production_XC32_compile.dir/f0902cd0b01c5fa7d11bc8606214553b/src/Interrupts.c.o
                0x000000009d000280                __vector_dispatch_4
                0x0000000000000001                ASSERT (((_vector_spacing == 0x0) || (SIZEOF (.vector_4) <= (_vector_spacing << 0x5))), function at exception vector 4 too large)

.vector_5       0x000000009d0002a0        0x8
 *(.vector_5)
 .vector_5      0x000000009d0002a0        0x8 c:/progra~1/microc~1/xc32/v4.35/bin/bin/../../lib/gcc/pic32mx/8.3.1/../../../../pic32mx/lib\libpic32.a(vector5.o)
                0x000000009d0002a0                __vector_dispatch_5
                0x0000000000000001                ASSERT (((_vector_spacing == 0x0) || (SIZEOF (.vector_5) <= (_vector_spacing << 0x5))), function at exception vector 5 too large)

.vector_6       0x000000009d0002c0        0x8
 *(.vector_6)
 .vector_6      0x000000009d0002c0        0x8 c:/progra~1/microc~1/xc32/v4.35/bin/bin/../../lib/gcc/pic32mx/8.3.1/../../../../pic32mx/lib\libpic32.a(vector6.o)
                0x000000009d0002c0                __vector_dispatch_6
                0x0000000000000001                ASSERT (((_vector_spacing == 0x0) || (SIZEOF (.vector_6) <= (_vector_spacing << 0x5))), function at exception vector 6 too large)

.vector_7       0x000000009d0002e0        0x8
 *(.vector_7)
 .vector_7      0x000000009d0002e0        0x8 c:/progra~1/microc~1/xc32/v4.35/bin/bin/../../lib/gcc/pic32mx/8.3.1/../../../../pic32mx/lib\libpic32.a(vector7.o)
                0x000000009d0002e0                __vector_dispatch_7
                0x0000000000000001                ASSERT (((_vector_spacing == 0x0) || (SIZEOF (.vector_7) <= (_vector_spacing << 0x5))), function at exception vector 7 too large)

.vector_8       0x000000009d000300        0x8
 *(.vector_8)
 .vector_8      0x000000009d000300        0x8 c:/progra~1/microc~1/xc32/v4.35/bin/bin/../../lib/gcc/pic32mx/8.3.1/../../../../pic32mx/lib\libpic32.a(vector8.o)
                0x000000009d000300                __vector_dispatch_8
                0x0000000000000001                ASSERT (((_vector_spacing == 0x0) || (SIZEOF (.vector_8) <= (_vector_spacing << 0x5))), function at exception vector 8 too large)

.vector_9       0x000000009d000320        0x8
 *(.vector_9)
 .vector_9      0x000000009d000320        0x8 c:/progra~1/microc~1/xc32/v4.35/bin/bin/../../lib/gcc/pic32mx/8.3.1/../../../../pic32mx/lib\libpic32.a(vector9.o)
                0x000000009d000320                __vector_dispatch_9
                0x0000000000000001                ASSERT (((_vector_spacing == 0x0) || (SIZEOF (.vector_9) <= (_vector_spacing << 0x5))), function at exception vector 9 too large)

.vector_10      0x000000009d000340        0x8
 *(.vector_10)
 .vector_10     0x000000009d000340        0x8 c:/progra~1/microc~1/xc32/v4.35/bin/bin/../../lib/gcc/pic32mx/8.3.1/../../../../pic32mx/lib\libpic32.a(vector10.o)
                0x000000009d000340                __vector_dispatch_10
                0x0000000000000001                ASSERT (((_vector_spacing == 0x0) || (SIZEOF (.vector_10) <= (_vector_spacing << 0x5))), function at exception vector 10 too large)

.vector_11      0x000000009d000360        0x8
 *(.vector_11)
 .vector_11     0x000000009d000360        0x8 c:/progra~1/microc~1/xc32/v4.35/bin/bin/../../lib/gcc/pic32mx/8.3.1/../../../../pic32mx/lib\libpic32.a(vector11.o)
                0x000000009d000360                __vector_dispatch_11
                0x0000000000000001                ASSERT (((_vector_spacing == 0x0) || (SIZEOF (.vector_11) <= (_vector_spacing << 0x5))), function at exception vector 11 too large)

.vector_12      0x000000009d000380        0x8
 *(.vector_12)
 .vector_12     0x000000009d000380        0x8 c:/progra~1/microc~1/xc32/v4.35/bin/bin/../../lib/gcc/pic32mx/8.3.1/../../../../pic32mx/lib\libpic32.a(vector12.o)
                0x000000009d000380                __vector_dispatch_12
                0x0000000000000001                ASSERT (((_vector_spacing == 0x0) || (SIZEOF (.vector_12) <= (_vector_spacing << 0x5))), function at exception vector 12 too large)

.vector_13      0x000000009d0003a0        0x8
 *(.vector_13)
 .vector_13     0x000000009d0003a0        0x8 c:/progra~1/microc~1/xc32/v4.35/bin/bin/../../lib/gcc/pic32mx/8.3.1/../../../../pic32mx/lib\libpic32.a(vector13.o)
                0x000000009d0003a0                __vector_dispatch_13
                0x0000000000000001                ASSERT (((_vector_spacing == 0x0) || (SIZEOF (.vector_13) <= (_vector_spacing << 0x5))), function at exception vector 13 too large)

.vector_14      0x000000009d0003c0        0x8
 *(.vector_14)
 .vector_14     0x000000009d0003c0        0x8 c:/progra~1/microc~1/xc32/v4.35/bin/bin/../../lib/gcc/pic32mx/8.3.1/../../../../pic32mx/lib\libpic32.a(vector14.o)
                0x000000009d0003c0                __vector_dispatch_14
                0x0000000000000001                ASSERT (((_vector_spacing == 0x0) || (SIZEOF (.vector_14) <= (_vector_spacing << 0x5))), function at exception vector 14 too large)

.vector_15      0x000000009d0003e0        0x8
 *(.vector_15)
 .vector_15     0x000000009d0003e0        0x8 c:/progra~1/microc~1/xc32/v4.35/bin/bin/../../lib/gcc/pic32mx/8.3.1/../../../../pic32mx/lib\libpic32.a(vector15.o)
                0x000000009d0003e0                __vector_dispatch_15
                0x0000000000000001                ASSERT (((_vector_spacing == 0x0) || (SIZEOF (.vector_15) <= (_vector_spacing << 0x5))), function at exception vector 15 too large)

.vector_16      0x000000009d000400        0x8
 *(.vector_16)
 .vector_16     0x000000009d000400        0x8 c:/progra~1/microc~1/xc32/v4.35/bin/bin/../../lib/gcc/pic32mx/8.3.1/../../../../pic32mx/lib\libpic32.a(vector16.o)
                0x000000009d000400                __vector_dispatch_16
                0x0000000000000001                ASSERT (((_vector_spacing == 0x0) || (SIZEOF (.vector_16) <= (_vector_spacing << 0x5))), function at exception vector 16 too large)

.vector_17      0x000000009d000420        0x8
 *(.vector_17)
 .vector_17     0x000000009d000420        0x8 c:/progra~1/microc~1/xc32/v4.35/bin/bin/../../lib/gcc/pic32mx/8.3.1/../../../../pic32mx/lib\libpic32.a(vector17.o)
                0x000000009d000420                __vector_dispatch_17
                0x0000000000000001                ASSERT (((_vector_spacing == 0x0) || (SIZEOF (.vector_17) <= (_vector_spacing << 0x5))), function at exception vector 17 too large)

.vector_18      0x000000009d000440        0x8
 *(.vector_18)
 .vector_18     0x000000009d000440        0x8 c:/progra~1/microc~1/xc32/v4.35/bin/bin/../../lib/gcc/pic32mx/8.3.1/../../../../pic32mx/lib\libpic32.a(vector18.o)
                0x000000009d000440                __vector_dispatch_18
                0x0000000000000001                ASSERT (((_vector_spacing == 0x0) || (SIZEOF (.vector_18) <= (_vector_spacing << 0x5))), function at exception vector 18 too large)

.vector_19      0x000000009d000460        0x8
 *(.vector_19)
 .vector_19     0x000000009d000460        0x8 CMakeFiles/base_station_yellowcard_production_production_XC32_compile.dir/f0902cd0b01c5fa7d11bc8606214553b/src/Interrupts.c.o
                0x000000009d000460                __vector_dispatch_19
                0x0000000000000001                ASSERT (((_vector_spacing == 0x0) || (SIZEOF (.vector_19) <= (_vector_spacing << 0x5))), function at exception vector 19 too large)

.vector_20      0x000000009d000480        0x8
 *(.vector_20)
 .vector_20     0x000000009d000480        0x8 c:/progra~1/microc~1/xc32/v4.35/bin/bin/../../lib/gcc/pic32mx/8.3.1/../../../../pic32mx/lib\libpic32.a(vector20.o)
                0x000000009d000480                __vector_dispatch_20
                0x0000000000000001                ASSERT (((_vector_spacing == 0x0) || (SIZEOF (.vector_20) <= (_vector_spacing << 0x5))), function at exception vector 20 too large)

.vector_21      0x000000009d0004a0        0x8
 *(.vector_21)
 .vector_21     0x000000009d0004a0        0x8 c:/progra~1/microc~1/xc32/v4.35/bin/bin/../../lib/gcc/pic32mx/8.3.1/../../../../pic32mx/lib\libpic32.a(vector21.o)
                0x000000009d0004a0                __vector_dispatch_21
                0x0000000000000001                ASSERT (((_vector_spacing == 0x0) || (SIZEOF (.vector_21) <= (_vector_spacing << 0x5))), function at exception vector 21 too large)

.vector_22      0x000000009d0004c0        0x8
 *(.vector_22)
 .vector_22     0x000000009d0004c0        0x8 c:/progra~1/microc~1/xc32/v4.35/bin/bin/../../lib/gcc/pic32mx/8.3.1/../../../../pic32mx/lib\libpic32.a(vector22.o)
                0x000000009d0004c0                __vector_dispatch_22
                0x0000000000000001                ASSERT (((_vector_spacing == 0x0) || (SIZEOF (.vector_22) <= (_vector_spacing << 0x5))), function at exception vector 22 too large)

.vector_23      0x000000009d0004e0        0x8
 *(.vector_23)
 .vector_23     0x000000009d0004e0        0x8 c:/progra~1/microc~1/xc32/v4.35/bin/bin/../../lib/gcc/pic32mx/8.3.1/../../../../pic32mx/lib\libpic32.a(vector23.o)
                0x000000009d0004e0                __vector_dispatch_23
                0x0000000000000001                ASSERT (((_vector_spacing == 0x0) || (SIZEOF (.vector_23) <= (_vector_spacing << 0x5))), function at exception vector 23 too large)

.vector_24      0x000000009d000500        0x8
 *(.vector_24)
 .vector_24     0x000000009d000500        0x8 c:/progra~1/microc~1/xc32/v4.35/bin/bin/../../lib/gcc/pic32mx/8.3.1/../../../../pic32mx/lib\libpic32.a(vector24.o)
                0x000000009d000500                __vector_dispatch_24
                0x0000000000000001                ASSERT (((_vector_spacing == 0x0) || (SIZEOF (.vector_24) <= (_vector_spacing << 0x5))), function at exception vector 24 too large)

.vector_25      0x000000009d000520        0x8
 *(.vector_25)
 .vector_25     0x000000009d000520        0x8 CMakeFiles/base_station_yellowcard_production_production_XC32_compile.dir/f0902cd0b01c5fa7d11bc8606214553b/src/Interrupts.c.o
                0x000000009d000520                __vector_dispatch_25
                0x0000000000000001                ASSERT (((_vector_spacing == 0x0) || (SIZEOF (.vector_25) <= (_vector_spacing << 0x5))), function at exception vector 25 too large)

.vector_26      0x000000009d000540        0x8
 *(.vector_26)
 .vector_26     0x000000009d000540        0x8 c:/progra~1/microc~1/xc32/v4.35/bin/bin/../../lib/gcc/pic32mx/8.3.1/../../../../pic32mx/lib\libpic32.a(vector26.o)
                0x000000009d000540                __vector_dispatch_26
                0x0000000000000001                ASSERT (((_vector_spacing == 0x0) || (SIZEOF (.vector_26) <= (_vector_spacing << 0x5))), function at exception vector 26 too large)

.vector_27      0x000000009d000560        0x8
 *(.vector_27)
 .vector_27     0x000000009d000560        0x8 c:/progra~1/microc~1/xc32/v4.35/bin/bin/../../lib/gcc/pic32mx/8.3.1/../../../../pic32mx/lib\libpic32.a(vector27.o)
                0x000000009d000560                __vector_dispatch_27
                0x0000000000000001                ASSERT (((_vector_spacing == 0x0) || (SIZEOF (.vector_27) <= (_vector_spacing << 0x5))), function at exception vector 27 too large)

.vector_28      0x000000009d000580        0x8
 *(.vector_28)
 .vector_28     0x000000009d000580        0x8 c:/progra~1/microc~1/xc32/v4.35/bin/bin/../../lib/gcc/pic32mx/8.3.1/../../../../pic32mx/lib\libpic32.a(vector28.o)
                0x000000009d000580                __vector_dispatch_28
                0x0000000000000001                ASSERT (((_vector_spacing == 0x0) || (SIZEOF (.vector_28) <= (_vector_spacing << 0x5))), function at exception vector 28 too large)

.vector_29      0x000000009d0005a0        0x8
 *(.vector_29)
 .vector_29     0x000000009d0005a0        0x8 c:/progra~1/microc~1/xc32/v4.35/bin/bin/../../lib/gcc/pic32mx/8.3.1/../../../../pic32mx/lib\libpic32.a(vector29.o)
                0x000000009d0005a0                __vector_dispatch_29
                0x0000000000000001                ASSERT (((_vector_spacing == 0x0) || (SIZEOF (.vector_29) <= (_vector_spacing << 0x5))), function at exception vector 29 too large)

.vector_30      0x000000009d0005c0        0x8
 *(.vector_30)
 .vector_30     0x000000009d0005c0        0x8 c:/progra~1/microc~1/xc32/v4.35/bin/bin/../../lib/gcc/pic32mx/8.3.1/../../../../pic32mx/lib\libpic32.a(vector30.o)
                0x000000009d0005c0                __vector_dispatch_30
                0x0000000000000001                ASSERT (((_vector_spacing == 0x0) || (SIZEOF (.vector_30) <= (_vector_spacing << 0x5))), function at exception vector 30 too large)

.vector_31      0x000000009d0005e0        0x8
 *(.vector_31)
 .vector_31     0x000000009d0005e0        0x8 c:/progra~1/microc~1/xc32/v4.35/bin/bin/../../lib/gcc/pic32mx/8.3.1/../../../../pic32mx/lib\libpic32.a(vector31.o)
                0x000000009d0005e0                __vector_dispatch_31
                0x0000000000000001                ASSERT (((_vector_spacing == 0x0) || (SIZEOF (.vector_31) <= (_vector_spacing << 0x5))), function at exception vector 31 too large)

.vector_32      0x000000009d000600        0x8
 *(.vector_32)
 .vector_32     0x000000009d000600        0x8 c:/progra~1/microc~1/xc32/v4.35/bin/bin/../../lib/gcc/pic32mx/8.3.1/../../../../pic32mx/lib\libpic32.a(vector32.o)
                0x000000009d000600                __vector_dispatch_32
                0x0000000000000001                ASSERT (((_vector_spacing == 0x0) || (SIZEOF (.vector_32) <= (_vector_spacing << 0x5))), function at exception vector 32 too large)

.vector_33      0x000000009d000620        0x8
 *(.vector_33)
 .vector_33     0x000000009d000620        0x8 c:/progra~1/microc~1/xc32/v4.35/bin/bin/../../lib/gcc/pic32mx/8.3.1/../../../../pic32mx/lib\libpic32.a(vector33.o)
                0x000000009d000620                __vector_dispatch_33
                0x0000000000000001                ASSERT (((_vector_spacing == 0x0) || (SIZEOF (.vector_33) <= (_vector_spacing << 0x5))), function at exception vector 33 too large)

.vector_34      0x000000009d000640        0x8
 *(.vector_34)
 .vector_34     0x000000009d000640        0x8 CMakeFiles/base_station_yellowcard_production_production_XC32_compile.dir/f0902cd0b01c5fa7d11bc8606214553b/src/Interrupts.c.o
                0x000000009d000640                __vector_dispatch_34
                0x0000000000000001                ASSERT (((_vector_spacing == 0x0) || (SIZEOF (.vector_34) <= (_vector_spacing << 0x5))), function at exception vector 34 too large)

.vector_35      0x000000009d000660        0x8
 *(.vector_35)
 .vector_35     0x000000009d000660        0x8 c:/progra~1/microc~1/xc32/v4.35/bin/bin/../../lib/gcc/pic32mx/8.3.1/../../../../pic32mx/lib\libpic32.a(vector35.o)
                0x000000009d000660                __vector_dispatch_35
                0x0000000000000001                ASSERT (((_vector_spacing == 0x0) || (SIZEOF (.vector_35) <= (_vector_spacing << 0x5))), function at exception vector 35 too large)

.vector_36      0x000000009d000680        0x8
 *(.vector_36)
 .vector_36     0x000000009d000680        0x8 c:/progra~1/microc~1/xc32/v4.35/bin/bin/../../lib/gcc/pic32mx/8.3.1/../../../../pic32mx/lib\libpic32.a(vector36.o)
                0x000000009d000680                __vector_dispatch_36
                0x0000000000000001                ASSERT (((_vector_spacing == 0x0) || (SIZEOF (.vector_36) <= (_vector_spacing << 0x5))), function at exception vector 36 too large)

.vector_37      0x000000009d0006a0        0x8
 *(.vector_37)
 .vector_37     0x000000009d0006a0        0x8 c:/progra~1/microc~1/xc32/v4.35/bin/bin/../../lib/gcc/pic32mx/8.3.1/../../../../pic32mx/lib\libpic32.a(vector37.o)
                0x000000009d0006a0                __vector_dispatch_37
                0x0000000000000001                ASSERT (((_vector_spacing == 0x0) || (SIZEOF (.vector_37) <= (_vector_spacing << 0x5))), function at exception vector 37 too large)

.vector_38      0x000000009d0006c0        0x8
 *(.vector_38)
 .vector_38     0x000000009d0006c0        0x8 c:/progra~1/microc~1/xc32/v4.35/bin/bin/../../lib/gcc/pic32mx/8.3.1/../../../../pic32mx/lib\libpic32.a(vector38.o)
                0x000000009d0006c0                __vector_dispatch_38
                0x0000000000000001                ASSERT (((_vector_spacing == 0x0) || (SIZEOF (.vector_38) <= (_vector_spacing << 0x5))), function at exception vector 38 too large)

.vector_39      0x000000009d0006e0        0x8
 *(.vector_39)
 .vector_39     0x000000009d0006e0        0x8 c:/progra~1/microc~1/xc32/v4.35/bin/bin/../../lib/gcc/pic32mx/8.3.1/../../../../pic32mx/lib\libpic32.a(vector39.o)
                0x000000009d0006e0                __vector_dispatch_39
                0x0000000000000001                ASSERT (((_vector_spacing == 0x0) || (SIZEOF (.vector_39) <= (_vector_spacing << 0x5))), function at exception vector 39 too large)

.vector_40      0x000000009d000700        0x8
 *(.vector_40)
 .vector_40     0x000000009d000700        0x8 c:/progra~1/microc~1/xc32/v4.35/bin/bin/../../lib/gcc/pic32mx/8.3.1/../../../../pic32mx/lib\libpic32.a(vector40.o)
                0x000000009d000700                __vector_dispatch_40
                0x0000000000000001                ASSERT (((_vector_spacing == 0x0) || (SIZEOF (.vector_40) <= (_vector_spacing << 0x5))), function at exception vector 40 too large)

.vector_41      0x000000009d000720        0x8
 *(.vector_41)
 .vector_41     0x000000009d000720        0x8 c:/progra~1/microc~1/xc32/v4.35/bin/bin/../../lib/gcc/pic32mx/8.3.1/../../../../pic32mx/lib\libpic32.a(vector41.o)
                0x000000009d000720                __vector_dispatch_41
                0x0000000000000001                ASSERT (((_vector_spacing == 0x0) || (SIZEOF (.vector_41) <= (_vector_spacing << 0x5))), function at exception vector 41 too large)

.vector_42      0x000000009d000740        0x8
 *(.vector_42)
 .vector_42     0x000000009d000740        0x8 CMakeFiles/base_station_yellowcard_production_production_XC32_compile.dir/f0902cd0b01c5fa7d11bc8606214553b/src/Interrupts.c.o
                0x000000009d000740                __vector_dispatch_42
                0x0000000000000001                ASSERT (((_vector_spacing == 0x0) || (SIZEOF (.vector_42) <= (_vector_spacing << 0x5))), function at exception vector 42 too large)

.vector_43      0x000000009d000760        0x8
 *(.vector_43)
 .vector_43     0x000000009d000760        0x8 c:/progra~1/microc~1/xc32/v4.35/bin/bin/../../lib/gcc/pic32mx/8.3.1/../../../../pic32mx/lib\libpic32.a(vector43.o)
                0x000000009d000760                __vector_dispatch_43
                0x0000000000000001                ASSERT (((_vector_spacing == 0x0) || (SIZEOF (.vector_43) <= (_vector_spacing << 0x5))), function at exception vector 43 too large)

.startup
 *(.startup)

.text           0x000000009d000780        0x0
 *(.stub .gnu.linkonce.t.*)
 *(.text.*personality*)
 *(.mips16.fn.*)
 *(.mips16.call.*)
 *(.gnu.warning)
                0x000000009d000780                . = ALIGN (0x4)

.init           0x000000009d000780        0x0
 *crti.o(.init)
 *crtbegin.o(.init)
 *(EXCLUDE_FILE(*crtn.o *crtend?.o *crtend.o) .init)
 *crtend.o(.init)
 *crtn.o(.init)
                0x000000009d000780                . = ALIGN (0x4)

.fini           0x000000009d000780        0x0
 *(.fini)
                0x000000009d000780                . = ALIGN (0x4)

.preinit_array  0x000000009d000780        0x0
                [!provide]                        PROVIDE (__preinit_array_start = .)
 *(.preinit_array)
                [!provide]                        PROVIDE (__preinit_array_end = .)
                0x000000009d000780                . = ALIGN (0x4)

.init_array     0x000000009d000780        0x0
                [!provide]                        PROVIDE (__init_array_start = .)
 *(SORT_BY_NAME(.init_array.*))
 *(.init_array)
                [!provide]                        PROVIDE (__init_array_end = .)
                0x000000009d000780                . = ALIGN (0x4)

.fini_array     0x000000009d000780        0x0
                [!provide]                        PROVIDE (__fini_array_start = .)
 *(SORT_BY_NAME(.fini_array.*))
 *(.fini_array)
                [!provide]                        PROVIDE (__fini_array_end = .)
                0x000000009d000780                . = ALIGN (0x4)

.ctors          0x000000009d000780        0x0
 *crtbegin.o(.ctors)
 *crtbegin?.o(.ctors)
 *(EXCLUDE_FILE(*crtend?.o *crtend.o) .ctors)
 *(SORT_BY_NAME(.ctors.*))
 *(.ctors)
                0x000000009d000780                . = ALIGN (0x4)

.dtors          0x000000009d000780        0x0
 *crtbegin.o(.dtors)
 *crtbegin?.o(.dtors)
 *(EXCLUDE_FILE(*crtend?.o *crtend.o) .dtors)
 *(SORT_BY_NAME(.dtors.*))
 *(.dtors)
                0x000000009d000780                . = ALIGN (0x4)

.rodata         0x000000009d000780        0x0
 *(.gnu.linkonce.r.*)
 *(.rodata1)
                0x000000009d000780                . = ALIGN (0x4)

.sdata2         0x000000009d000780        0x0
 *(.sdata2 .sdata2.* .gnu.linkonce.s2.*)
                0x000000009d000780                . = ALIGN (0x4)

.sbss2          0x000000009d000780        0x0
 *(.sbss2 .sbss2.* .gnu.linkonce.sb2.*)
                0x000000009d000780                . = ALIGN (0x4)

.eh_frame_hdr
 *(.eh_frame_hdr)
                0x000000009d000780                . = ALIGN (0x4)

.eh_frame
 *(.eh_frame)
                0x000000009d000780                . = ALIGN (0x4)

.gcc_except_table
 *(.gcc_except_table .gcc_except_table.*)
                0x000000009d000780                . = ALIGN (0x4)

.dbg_data       0x00000000a0000200        0x0
                0x00000000a0000200                . = (. + DEFINED (_DEBUGGER)?0x200:0x0)

.jcr            0x00000000a0000200        0x0
 *(.jcr)
                0x00000000a0000200                . = ALIGN (0x4)

.eh_frame
 *(.eh_frame)
                0x00000000a0000200                . = ALIGN (0x4)

.gcc_except_table
 *(.gcc_except_table .gcc_except_table.*)
                0x00000000a0000200                . = ALIGN (0x4)

.persist        0x00000000a0000200        0x0
                0x00000000a0000200                _persist_begin = .
 *(.persist .persist.*)
                0x00000000a0000200                . = ALIGN (0x4)
                0x00000000a0000200                _persist_end = .

.data           0x00000000a0000200        0x0
 *(.gnu.linkonce.d.*)
 *(.data1)
                0x00000000a0000200                . = ALIGN (0x4)
                0x00000000a0000200                . = .
                0x00000000a00081f0                _gp = (ALIGN (0x10) + 0x7ff0)

.got            0x00000000a0000200        0x0
 *(.got.plt)
 *(.got)
                0x00000000a0000200                . = ALIGN (0x4)

.sdata          0x00000000a0000200        0x0
                0x00000000a0000200                _sdata_begin = .
 *(.sdata .sdata.* .gnu.linkonce.s.*)
                0x00000000a0000200                . = ALIGN (0x4)
                0x00000000a0000200                _sdata_end = .

.lit8
 *(.lit8)

.lit4
 *(.lit4)
                0x00000000a0000200                . = ALIGN (0x4)
                0x00000000a0000200                _data_end = .
                0x00000000a0000200                _bss_begin = .

.sbss           0x00000000a0000200       0x28
                0x00000000a0000200                _sbss_begin = .
 *(.dynsbss)
 *(.sbss .sbss.* .gnu.linkonce.sb.*)
 .sbss          0x00000000a0000200        0x2 CMakeFiles/base_station_yellowcard_production_production_XC32_compile.dir/f0902cd0b01c5fa7d11bc8606214553b/src/PacketStructures.c.o
                0x00000000a0000200                globalFrameCount
 *fill*         0x00000000a0000202        0x2 
 .sbss          0x00000000a0000204       0x1e CMakeFiles/base_station_yellowcard_production_production_XC32_compile.dir/f0902cd0b01c5fa7d11bc8606214553b/src/drv/DPS368/DPS368.c.o
                0x00000000a0000204                presScalingFactorDPS368
                0x00000000a0000208                tempScalingFactorDPS368
                0x00000000a000020c                dps368Cal_c0
                0x00000000a000020e                dps368Cal_c1
                0x00000000a0000210                dps368Cal_c00
                0x00000000a0000214                dps368Cal_c10
                0x00000000a0000218                dps368Cal_c01
                0x00000000a000021a                dps368Cal_c11
                0x00000000a000021c                dps368Cal_c20
                0x00000000a000021e                dps368Cal_c21
                0x00000000a0000220                dps368Cal_c30
 *fill*         0x00000000a0000222        0x2 
 .sbss          0x00000000a0000224        0x4 CMakeFiles/base_station_yellowcard_production_production_XC32_compile.dir/eaf75ac4461230790cf924d14d06ab78/drv/SSD1803A/SSD1803A.c.o
                0x00000000a0000224                statusRegister_SSD1803A
 *(.scommon)
                0x00000000a0000228                _sbss_end = .
                0x00000000a0000228                . = ALIGN (0x4)

.bss            0x00000000a0000228        0x0
 *(.dynbss)
 *(COMMON)
                0x00000000a0000228                . = ALIGN ((. != 0x0)?0x4:0x1)
                0x00000000a0000228                . = ALIGN (0x4)
                0x00000000a0000228                _end = .
                0x00000000a0000228                _bss_end = .
                0x0000000000002000                _bmxdudba_address = LENGTH (kseg1_data_mem)
                0x0000000000002000                _bmxdupba_address = LENGTH (kseg1_data_mem)

/DISCARD/
 *(.pdr)
 *(.rel.dyn)
 *(.note.GNU-stack)
 *(.note.GNU-stack)
 *(.gnu_debuglink)
 *(.gnu.lto_*)
 *(.discard)

.gptab.sdata
 *(.gptab.data)
 *(.gptab.sdata)

.gptab.sbss
 *(.gptab.bss)
 *(.gptab.sbss)

.mdebug.abi32   0x0000000000000000        0x0
 *(.mdebug.abi32)
 .mdebug.abi32  0x0000000000000000        0x0 c:/progra~1/microc~1/xc32/v4.35/bin/bin/../../lib/gcc/pic32mx/8.3.1/../../../../pic32mx/lib\software-debug-break.o
 .mdebug.abi32  0x0000000000000000        0x0 CMakeFiles/base_station_yellowcard_production_production_XC32_compile.dir/f0902cd0b01c5fa7d11bc8606214553b/src/Interrupts.c.o
 .mdebug.abi32  0x0000000000000000        0x0 CMakeFiles/base_station_yellowcard_production_production_XC32_compile.dir/f0902cd0b01c5fa7d11bc8606214553b/src/Logging.c.o
 .mdebug.abi32  0x0000000000000000        0x0 CMakeFiles/base_station_yellowcard_production_production_XC32_compile.dir/16704d74be4b601d72203da87f43d6d0/base-station.X/src/Main.c.o
 .mdebug.abi32  0x0000000000000000        0x0 CMakeFiles/base_station_yellowcard_production_production_XC32_compile.dir/f0902cd0b01c5fa7d11bc8606214553b/src/PacketStructures.c.o
 .mdebug.abi32  0x0000000000000000        0x0 CMakeFiles/base_station_yellowcard_production_production_XC32_compile.dir/f0902cd0b01c5fa7d11bc8606214553b/src/drv/DPS368/DPS368.c.o
 .mdebug.abi32  0x0000000000000000        0x0 CMakeFiles/base_station_yellowcard_production_production_XC32_compile.dir/f0902cd0b01c5fa7d11bc8606214553b/src/drv/HAL.c.o
 .mdebug.abi32  0x0000000000000000        0x0 CMakeFiles/base_station_yellowcard_production_production_XC32_compile.dir/f0902cd0b01c5fa7d11bc8606214553b/src/drv/SHT4x/SHT4x.c.o
 .mdebug.abi32  0x0000000000000000        0x0 CMakeFiles/base_station_yellowcard_production_production_XC32_compile.dir/eaf75ac4461230790cf924d14d06ab78/drv/SSD1803A/SSD1803A.c.o
 .mdebug.abi32  0x0000000000000000        0x0 CMakeFiles/base_station_yellowcard_production_production_XC32_compile.dir/f0902cd0b01c5fa7d11bc8606214553b/src/drv/SX1231H/SX1231H.c.o
 .mdebug.abi32  0x0000000000000000        0x0 c:/progra~1/microc~1/xc32/v4.35/bin/bin/../../lib/gcc/pic32mx/8.3.1\libgcc.a(floatunsisf.o)
 .mdebug.abi32  0x0000000000000000        0x0 c:/progra~1/microc~1/xc32/v4.35/bin/bin/../../lib/gcc/pic32mx/8.3.1/../../../../pic32mx/lib\libpic32.a(default-bootstrap-exception-handler.o)
 .mdebug.abi32  0x0000000000000000        0x0 c:/progra~1/microc~1/xc32/v4.35/bin/bin/../../lib/gcc/pic32mx/8.3.1/../../../../pic32mx/lib\libpic32.a(default-on-reset.o)
 .mdebug.abi32  0x0000000000000000        0x0 c:/progra~1/microc~1/xc32/v4.35/bin/bin/../../lib/gcc/pic32mx/8.3.1/../../../../pic32mx/lib\libpic32.a(default-on-bootstrap.o)
 .mdebug.abi32  0x0000000000000000        0x0 c:/progra~1/microc~1/xc32/v4.35/bin/bin/../../lib/gcc/pic32mx/8.3.1/../../../../pic32mx/lib\libpic32.a(default-general-exception-handler.o)
 .mdebug.abi32  0x0000000000000000        0x0 c:/progra~1/microc~1/xc32/v4.35/bin/bin/../../lib/gcc/pic32mx/8.3.1/../../../../pic32mx/lib\libpic32.a(defaultinterrupt.o)

.mdebug.abiN32
 *(.mdebug.abiN32)

.mdebug.abi64
 *(.mdebug.abi64)

.mdebug.abiO64
 *(.mdebug.abiO64)

.mdebug.eabi32
 *(.mdebug.eabi32)

.mdebug.eabi64
 *(.mdebug.eabi64)

.gcc_compiled_long32
 *(.gcc_compiled_long32)

.gcc_compiled_long64
 *(.gcc_compiled_long64)

.stab
 *(.stab)

.stabstr
 *(.stabstr)

.stab.excl
 *(.stab.excl)

.stab.exclstr
 *(.stab.exclstr)

.stab.index
 *(.stab.index)

.stab.indexstr
 *(.stab.indexstr)

.comment        0x0000000000000000       0x2b
 *(.comment)
 .comment       0x0000000000000000       0x2b c:/progra~1/microc~1/xc32/v4.35/bin/bin/../../lib/gcc/pic32mx/8.3.1/../../../../pic32mx/lib\software-debug-break.o
                                         0x2c (size before relaxing)
 .comment       0x000000000000002b       0x2c CMakeFiles/base_station_yellowcard_production_production_XC32_compile.dir/f0902cd0b01c5fa7d11bc8606214553b/src/Interrupts.c.o
 .comment       0x000000000000002b       0x2c CMakeFiles/base_station_yellowcard_production_production_XC32_compile.dir/f0902cd0b01c5fa7d11bc8606214553b/src/Logging.c.o
 .comment       0x000000000000002b       0x2c CMakeFiles/base_station_yellowcard_production_production_XC32_compile.dir/16704d74be4b601d72203da87f43d6d0/base-station.X/src/Main.c.o
 .comment       0x000000000000002b       0x2c CMakeFiles/base_station_yellowcard_production_production_XC32_compile.dir/f0902cd0b01c5fa7d11bc8606214553b/src/PacketStructures.c.o
 .comment       0x000000000000002b       0x2c CMakeFiles/base_station_yellowcard_production_production_XC32_compile.dir/f0902cd0b01c5fa7d11bc8606214553b/src/drv/DPS368/DPS368.c.o
 .comment       0x000000000000002b       0x2c CMakeFiles/base_station_yellowcard_production_production_XC32_compile.dir/f0902cd0b01c5fa7d11bc8606214553b/src/drv/HAL.c.o
 .comment       0x000000000000002b       0x2c CMakeFiles/base_station_yellowcard_production_production_XC32_compile.dir/f0902cd0b01c5fa7d11bc8606214553b/src/drv/SHT4x/SHT4x.c.o
 .comment       0x000000000000002b       0x2c CMakeFiles/base_station_yellowcard_production_production_XC32_compile.dir/eaf75ac4461230790cf924d14d06ab78/drv/SSD1803A/SSD1803A.c.o
 .comment       0x000000000000002b       0x2c CMakeFiles/base_station_yellowcard_production_production_XC32_compile.dir/f0902cd0b01c5fa7d11bc8606214553b/src/drv/SX1231H/SX1231H.c.o
 .comment       0x000000000000002b       0x2c c:/progra~1/microc~1/xc32/v4.35/bin/bin/../../lib/gcc/pic32mx/8.3.1\libgcc.a(floatunsisf.o)
 .comment       0x000000000000002b       0x2c c:/progra~1/microc~1/xc32/v4.35/bin/bin/../../lib/gcc/pic32mx/8.3.1/../../../../pic32mx/lib\libpic32.a(default-bootstrap-exception-handler.o)
 .comment       0x000000000000002b       0x2c c:/progra~1/microc~1/xc32/v4.35/bin/bin/../../lib/gcc/pic32mx/8.3.1/../../../../pic32mx/lib\libpic32.a(default-on-reset.o)
 .comment       0x000000000000002b       0x2c c:/progra~1/microc~1/xc32/v4.35/bin/bin/../../lib/gcc/pic32mx/8.3.1/../../../../pic32mx/lib\libpic32.a(default-on-bootstrap.o)
 .comment       0x000000000000002b       0x2c c:/progra~1/microc~1/xc32/v4.35/bin/bin/../../lib/gcc/pic32mx/8.3.1/../../../../pic32mx/lib\libpic32.a(default-general-exception-handler.o)
 .comment       0x000000000000002b       0x2c c:/progra~1/microc~1/xc32/v4.35/bin/bin/../../lib/gcc/pic32mx/8.3.1/../../../../pic32mx/lib\libpic32.a(defaultinterrupt.o)

.debug
 *.elf(.debug)
 *(.debug)

.line
 *.elf(.line)
 *(.line)

.debug_srcinfo
 *.elf(.debug_srcinfo)
 *(.debug_srcinfo)

.debug_sfnames
 *.elf(.debug_sfnames)
 *(.debug_sfnames)

.debug_aranges  0x0000000000000000      0x3f8
 *.elf(.debug_aranges)
 *(.debug_aranges)
 .debug_aranges
                0x0000000000000000       0x20 c:/progra~1/microc~1/xc32/v4.35/bin/bin/../../lib/gcc/pic32mx/8.3.1/../../../../pic32mx/lib\software-debug-break.o
 .debug_aranges
                0x0000000000000020       0x48 CMakeFiles/base_station_yellowcard_production_production_XC32_compile.dir/f0902cd0b01c5fa7d11bc8606214553b/src/Interrupts.c.o
 .debug_aranges
                0x0000000000000068       0x40 CMakeFiles/base_station_yellowcard_production_production_XC32_compile.dir/f0902cd0b01c5fa7d11bc8606214553b/src/Logging.c.o
 .debug_aranges
                0x00000000000000a8       0x30 CMakeFiles/base_station_yellowcard_production_production_XC32_compile.dir/16704d74be4b601d72203da87f43d6d0/base-station.X/src/Main.c.o
 .debug_aranges
                0x00000000000000d8       0x38 CMakeFiles/base_station_yellowcard_production_production_XC32_compile.dir/f0902cd0b01c5fa7d11bc8606214553b/src/PacketStructures.c.o
 .debug_aranges
                0x0000000000000110       0x88 CMakeFiles/base_station_yellowcard_production_production_XC32_compile.dir/f0902cd0b01c5fa7d11bc8606214553b/src/drv/DPS368/DPS368.c.o
 .debug_aranges
                0x0000000000000198       0x48 CMakeFiles/base_station_yellowcard_production_production_XC32_compile.dir/f0902cd0b01c5fa7d11bc8606214553b/src/drv/HAL.c.o
 .debug_aranges
                0x00000000000001e0       0x40 CMakeFiles/base_station_yellowcard_production_production_XC32_compile.dir/f0902cd0b01c5fa7d11bc8606214553b/src/drv/SHT4x/SHT4x.c.o
 .debug_aranges
                0x0000000000000220       0x70 CMakeFiles/base_station_yellowcard_production_production_XC32_compile.dir/eaf75ac4461230790cf924d14d06ab78/drv/SSD1803A/SSD1803A.c.o
 .debug_aranges
                0x0000000000000290       0x68 CMakeFiles/base_station_yellowcard_production_production_XC32_compile.dir/f0902cd0b01c5fa7d11bc8606214553b/src/drv/SX1231H/SX1231H.c.o
 .debug_aranges
                0x00000000000002f8       0x40 C:\Users\Aeryn\AppData\Local\Temp\cca9XBzL.o
 .debug_aranges
                0x0000000000000338       0x20 c:/progra~1/microc~1/xc32/v4.35/bin/bin/../../lib/gcc/pic32mx/8.3.1\libgcc.a(floatunsisf.o)
 .debug_aranges
                0x0000000000000358       0x20 c:/progra~1/microc~1/xc32/v4.35/bin/bin/../../lib/gcc/pic32mx/8.3.1/../../../../pic32mx/lib\libpic32.a(default-bootstrap-exception-handler.o)
 .debug_aranges
                0x0000000000000378       0x20 c:/progra~1/microc~1/xc32/v4.35/bin/bin/../../lib/gcc/pic32mx/8.3.1/../../../../pic32mx/lib\libpic32.a(default-on-reset.o)
 .debug_aranges
                0x0000000000000398       0x20 c:/progra~1/microc~1/xc32/v4.35/bin/bin/../../lib/gcc/pic32mx/8.3.1/../../../../pic32mx/lib\libpic32.a(default-on-bootstrap.o)
 .debug_aranges
                0x00000000000003b8       0x20 c:/progra~1/microc~1/xc32/v4.35/bin/bin/../../lib/gcc/pic32mx/8.3.1/../../../../pic32mx/lib\libpic32.a(default-general-exception-handler.o)
 .debug_aranges
                0x00000000000003d8       0x20 c:/progra~1/microc~1/xc32/v4.35/bin/bin/../../lib/gcc/pic32mx/8.3.1/../../../../pic32mx/lib\libpic32.a(defaultinterrupt.o)

.debug_pubnames
 *.elf(.debug_pubnames)
 *(.debug_pubnames)

.debug_info     0x0000000000000000     0x294c
 *.elf(.debug_info .gnu.linkonce.wi.*)
 *(.debug_info .gnu.linkonce.wi.*)
 .debug_info    0x0000000000000000       0x3f c:/progra~1/microc~1/xc32/v4.35/bin/bin/../../lib/gcc/pic32mx/8.3.1/../../../../pic32mx/lib\software-debug-break.o
 .debug_info    0x000000000000003f      0x2b0 CMakeFiles/base_station_yellowcard_production_production_XC32_compile.dir/f0902cd0b01c5fa7d11bc8606214553b/src/Interrupts.c.o
 .debug_info    0x00000000000002ef      0x397 CMakeFiles/base_station_yellowcard_production_production_XC32_compile.dir/f0902cd0b01c5fa7d11bc8606214553b/src/Logging.c.o
 .debug_info    0x0000000000000686      0x629 CMakeFiles/base_station_yellowcard_production_production_XC32_compile.dir/16704d74be4b601d72203da87f43d6d0/base-station.X/src/Main.c.o
 .debug_info    0x0000000000000caf      0x461 CMakeFiles/base_station_yellowcard_production_production_XC32_compile.dir/f0902cd0b01c5fa7d11bc8606214553b/src/PacketStructures.c.o
 .debug_info    0x0000000000001110      0x6de CMakeFiles/base_station_yellowcard_production_production_XC32_compile.dir/f0902cd0b01c5fa7d11bc8606214553b/src/drv/DPS368/DPS368.c.o
 .debug_info    0x00000000000017ee      0x3c3 CMakeFiles/base_station_yellowcard_production_production_XC32_compile.dir/f0902cd0b01c5fa7d11bc8606214553b/src/drv/HAL.c.o
 .debug_info    0x0000000000001bb1      0x220 CMakeFiles/base_station_yellowcard_production_production_XC32_compile.dir/f0902cd0b01c5fa7d11bc8606214553b/src/drv/SHT4x/SHT4x.c.o
 .debug_info    0x0000000000001dd1      0x476 CMakeFiles/base_station_yellowcard_production_production_XC32_compile.dir/eaf75ac4461230790cf924d14d06ab78/drv/SSD1803A/SSD1803A.c.o
 .debug_info    0x0000000000002247      0x506 CMakeFiles/base_station_yellowcard_production_production_XC32_compile.dir/f0902cd0b01c5fa7d11bc8606214553b/src/drv/SX1231H/SX1231H.c.o
 .debug_info    0x000000000000274d       0x22 C:\Users\Aeryn\AppData\Local\Temp\cca9XBzL.o
 .debug_info    0x000000000000276f       0x9d c:/progra~1/microc~1/xc32/v4.35/bin/bin/../../lib/gcc/pic32mx/8.3.1\libgcc.a(floatunsisf.o)
 .debug_info    0x000000000000280c       0x41 c:/progra~1/microc~1/xc32/v4.35/bin/bin/../../lib/gcc/pic32mx/8.3.1/../../../../pic32mx/lib\libpic32.a(default-bootstrap-exception-handler.o)
 .debug_info    0x000000000000284d       0x3f c:/progra~1/microc~1/xc32/v4.35/bin/bin/../../lib/gcc/pic32mx/8.3.1/../../../../pic32mx/lib\libpic32.a(default-on-reset.o)
 .debug_info    0x000000000000288c       0x3f c:/progra~1/microc~1/xc32/v4.35/bin/bin/../../lib/gcc/pic32mx/8.3.1/../../../../pic32mx/lib\libpic32.a(default-on-bootstrap.o)
 .debug_info    0x00000000000028cb       0x41 c:/progra~1/microc~1/xc32/v4.35/bin/bin/../../lib/gcc/pic32mx/8.3.1/../../../../pic32mx/lib\libpic32.a(default-general-exception-handler.o)
 .debug_info    0x000000000000290c       0x40 c:/progra~1/microc~1/xc32/v4.35/bin/bin/../../lib/gcc/pic32mx/8.3.1/../../../../pic32mx/lib\libpic32.a(defaultinterrupt.o)

.debug_abbrev   0x0000000000000000      0xbf7
 *.elf(.debug_abbrev)
 *(.debug_abbrev)
 .debug_abbrev  0x0000000000000000       0x2e c:/progra~1/microc~1/xc32/v4.35/bin/bin/../../lib/gcc/pic32mx/8.3.1/../../../../pic32mx/lib\software-debug-break.o
 .debug_abbrev  0x000000000000002e       0xd6 CMakeFiles/base_station_yellowcard_production_production_XC32_compile.dir/f0902cd0b01c5fa7d11bc8606214553b/src/Interrupts.c.o
 .debug_abbrev  0x0000000000000104      0x10b CMakeFiles/base_station_yellowcard_production_production_XC32_compile.dir/f0902cd0b01c5fa7d11bc8606214553b/src/Logging.c.o
 .debug_abbrev  0x000000000000020f      0x121 CMakeFiles/base_station_yellowcard_production_production_XC32_compile.dir/16704d74be4b601d72203da87f43d6d0/base-station.X/src/Main.c.o
 .debug_abbrev  0x0000000000000330      0x141 CMakeFiles/base_station_yellowcard_production_production_XC32_compile.dir/f0902cd0b01c5fa7d11bc8606214553b/src/PacketStructures.c.o
 .debug_abbrev  0x0000000000000471      0x141 CMakeFiles/base_station_yellowcard_production_production_XC32_compile.dir/f0902cd0b01c5fa7d11bc8606214553b/src/drv/DPS368/DPS368.c.o
 .debug_abbrev  0x00000000000005b2      0x13a CMakeFiles/base_station_yellowcard_production_production_XC32_compile.dir/f0902cd0b01c5fa7d11bc8606214553b/src/drv/HAL.c.o
 .debug_abbrev  0x00000000000006ec       0xe4 CMakeFiles/base_station_yellowcard_production_production_XC32_compile.dir/f0902cd0b01c5fa7d11bc8606214553b/src/drv/SHT4x/SHT4x.c.o
 .debug_abbrev  0x00000000000007d0      0x12b CMakeFiles/base_station_yellowcard_production_production_XC32_compile.dir/eaf75ac4461230790cf924d14d06ab78/drv/SSD1803A/SSD1803A.c.o
 .debug_abbrev  0x00000000000008fb      0x17e CMakeFiles/base_station_yellowcard_production_production_XC32_compile.dir/f0902cd0b01c5fa7d11bc8606214553b/src/drv/SX1231H/SX1231H.c.o
 .debug_abbrev  0x0000000000000a79       0x12 C:\Users\Aeryn\AppData\Local\Temp\cca9XBzL.o
 .debug_abbrev  0x0000000000000a8b       0x7d c:/progra~1/microc~1/xc32/v4.35/bin/bin/../../lib/gcc/pic32mx/8.3.1\libgcc.a(floatunsisf.o)
 .debug_abbrev  0x0000000000000b08       0x31 c:/progra~1/microc~1/xc32/v4.35/bin/bin/../../lib/gcc/pic32mx/8.3.1/../../../../pic32mx/lib\libpic32.a(default-bootstrap-exception-handler.o)
 .debug_abbrev  0x0000000000000b39       0x2e c:/progra~1/microc~1/xc32/v4.35/bin/bin/../../lib/gcc/pic32mx/8.3.1/../../../../pic32mx/lib\libpic32.a(default-on-reset.o)
 .debug_abbrev  0x0000000000000b67       0x2e c:/progra~1/microc~1/xc32/v4.35/bin/bin/../../lib/gcc/pic32mx/8.3.1/../../../../pic32mx/lib\libpic32.a(default-on-bootstrap.o)
 .debug_abbrev  0x0000000000000b95       0x31 c:/progra~1/microc~1/xc32/v4.35/bin/bin/../../lib/gcc/pic32mx/8.3.1/../../../../pic32mx/lib\libpic32.a(default-general-exception-handler.o)
 .debug_abbrev  0x0000000000000bc6       0x31 c:/progra~1/microc~1/xc32/v4.35/bin/bin/../../lib/gcc/pic32mx/8.3.1/../../../../pic32mx/lib\libpic32.a(defaultinterrupt.o)

.debug_line     0x0000000000000000     0x21a0
 *.elf(.debug_line)
 *(.debug_line)
 .debug_line    0x0000000000000000       0xb3 c:/progra~1/microc~1/xc32/v4.35/bin/bin/../../lib/gcc/pic32mx/8.3.1/../../../../pic32mx/lib\software-debug-break.o
 .debug_line    0x00000000000000b3      0x1ef CMakeFiles/base_station_yellowcard_production_production_XC32_compile.dir/f0902cd0b01c5fa7d11bc8606214553b/src/Interrupts.c.o
 .debug_line    0x00000000000002a2      0x314 CMakeFiles/base_station_yellowcard_production_production_XC32_compile.dir/f0902cd0b01c5fa7d11bc8606214553b/src/Logging.c.o
 .debug_line    0x00000000000005b6      0x38f CMakeFiles/base_station_yellowcard_production_production_XC32_compile.dir/16704d74be4b601d72203da87f43d6d0/base-station.X/src/Main.c.o
 .debug_line    0x0000000000000945      0x1d0 CMakeFiles/base_station_yellowcard_production_production_XC32_compile.dir/f0902cd0b01c5fa7d11bc8606214553b/src/PacketStructures.c.o
 .debug_line    0x0000000000000b15      0x4b7 CMakeFiles/base_station_yellowcard_production_production_XC32_compile.dir/f0902cd0b01c5fa7d11bc8606214553b/src/drv/DPS368/DPS368.c.o
 .debug_line    0x0000000000000fcc      0x338 CMakeFiles/base_station_yellowcard_production_production_XC32_compile.dir/f0902cd0b01c5fa7d11bc8606214553b/src/drv/HAL.c.o
 .debug_line    0x0000000000001304      0x1ad CMakeFiles/base_station_yellowcard_production_production_XC32_compile.dir/f0902cd0b01c5fa7d11bc8606214553b/src/drv/SHT4x/SHT4x.c.o
 .debug_line    0x00000000000014b1      0x419 CMakeFiles/base_station_yellowcard_production_production_XC32_compile.dir/eaf75ac4461230790cf924d14d06ab78/drv/SSD1803A/SSD1803A.c.o
 .debug_line    0x00000000000018ca      0x33b CMakeFiles/base_station_yellowcard_production_production_XC32_compile.dir/f0902cd0b01c5fa7d11bc8606214553b/src/drv/SX1231H/SX1231H.c.o
 .debug_line    0x0000000000001c05      0x134 C:\Users\Aeryn\AppData\Local\Temp\cca9XBzL.o
 .debug_line    0x0000000000001d39       0xb2 c:/progra~1/microc~1/xc32/v4.35/bin/bin/../../lib/gcc/pic32mx/8.3.1\libgcc.a(floatunsisf.o)
 .debug_line    0x0000000000001deb       0xcc c:/progra~1/microc~1/xc32/v4.35/bin/bin/../../lib/gcc/pic32mx/8.3.1/../../../../pic32mx/lib\libpic32.a(default-bootstrap-exception-handler.o)
 .debug_line    0x0000000000001eb7       0xa8 c:/progra~1/microc~1/xc32/v4.35/bin/bin/../../lib/gcc/pic32mx/8.3.1/../../../../pic32mx/lib\libpic32.a(default-on-reset.o)
 .debug_line    0x0000000000001f5f       0xac c:/progra~1/microc~1/xc32/v4.35/bin/bin/../../lib/gcc/pic32mx/8.3.1/../../../../pic32mx/lib\libpic32.a(default-on-bootstrap.o)
 .debug_line    0x000000000000200b       0xca c:/progra~1/microc~1/xc32/v4.35/bin/bin/../../lib/gcc/pic32mx/8.3.1/../../../../pic32mx/lib\libpic32.a(default-general-exception-handler.o)
 .debug_line    0x00000000000020d5       0xcb c:/progra~1/microc~1/xc32/v4.35/bin/bin/../../lib/gcc/pic32mx/8.3.1/../../../../pic32mx/lib\libpic32.a(defaultinterrupt.o)

.debug_frame    0x0000000000000000      0x8b4
 *.elf(.debug_frame)
 *(.debug_frame)
 .debug_frame   0x0000000000000000       0x20 c:/progra~1/microc~1/xc32/v4.35/bin/bin/../../lib/gcc/pic32mx/8.3.1/../../../../pic32mx/lib\software-debug-break.o
 .debug_frame   0x0000000000000020      0x138 CMakeFiles/base_station_yellowcard_production_production_XC32_compile.dir/f0902cd0b01c5fa7d11bc8606214553b/src/Interrupts.c.o
 .debug_frame   0x0000000000000158       0x90 CMakeFiles/base_station_yellowcard_production_production_XC32_compile.dir/f0902cd0b01c5fa7d11bc8606214553b/src/Logging.c.o
 .debug_frame   0x00000000000001e8       0x60 CMakeFiles/base_station_yellowcard_production_production_XC32_compile.dir/16704d74be4b601d72203da87f43d6d0/base-station.X/src/Main.c.o
 .debug_frame   0x0000000000000248       0x74 CMakeFiles/base_station_yellowcard_production_production_XC32_compile.dir/f0902cd0b01c5fa7d11bc8606214553b/src/PacketStructures.c.o
 .debug_frame   0x00000000000002bc      0x194 CMakeFiles/base_station_yellowcard_production_production_XC32_compile.dir/f0902cd0b01c5fa7d11bc8606214553b/src/drv/DPS368/DPS368.c.o
 .debug_frame   0x0000000000000450       0x84 CMakeFiles/base_station_yellowcard_production_production_XC32_compile.dir/f0902cd0b01c5fa7d11bc8606214553b/src/drv/HAL.c.o
 .debug_frame   0x00000000000004d4       0x9c CMakeFiles/base_station_yellowcard_production_production_XC32_compile.dir/f0902cd0b01c5fa7d11bc8606214553b/src/drv/SHT4x/SHT4x.c.o
 .debug_frame   0x0000000000000570      0x144 CMakeFiles/base_station_yellowcard_production_production_XC32_compile.dir/eaf75ac4461230790cf924d14d06ab78/drv/SSD1803A/SSD1803A.c.o
 .debug_frame   0x00000000000006b4      0x11c CMakeFiles/base_station_yellowcard_production_production_XC32_compile.dir/f0902cd0b01c5fa7d11bc8606214553b/src/drv/SX1231H/SX1231H.c.o
 .debug_frame   0x00000000000007d0       0x2c c:/progra~1/microc~1/xc32/v4.35/bin/bin/../../lib/gcc/pic32mx/8.3.1\libgcc.a(floatunsisf.o)
 .debug_frame   0x00000000000007fc       0x2c c:/progra~1/microc~1/xc32/v4.35/bin/bin/../../lib/gcc/pic32mx/8.3.1/../../../../pic32mx/lib\libpic32.a(default-bootstrap-exception-handler.o)
 .debug_frame   0x0000000000000828       0x20 c:/progra~1/microc~1/xc32/v4.35/bin/bin/../../lib/gcc/pic32mx/8.3.1/../../../../pic32mx/lib\libpic32.a(default-on-reset.o)
 .debug_frame   0x0000000000000848       0x20 c:/progra~1/microc~1/xc32/v4.35/bin/bin/../../lib/gcc/pic32mx/8.3.1/../../../../pic32mx/lib\libpic32.a(default-on-bootstrap.o)
 .debug_frame   0x0000000000000868       0x2c c:/progra~1/microc~1/xc32/v4.35/bin/bin/../../lib/gcc/pic32mx/8.3.1/../../../../pic32mx/lib\libpic32.a(default-general-exception-handler.o)
 .debug_frame   0x0000000000000894       0x20 c:/progra~1/microc~1/xc32/v4.35/bin/bin/../../lib/gcc/pic32mx/8.3.1/../../../../pic32mx/lib\libpic32.a(defaultinterrupt.o)

.debug_str      0x0000000000000000     0x4d20
 *.elf(.debug_str)
 *(.debug_str)
 .debug_str     0x0000000000000000      0x35e c:/progra~1/microc~1/xc32/v4.35/bin/bin/../../lib/gcc/pic32mx/8.3.1/../../../../pic32mx/lib\software-debug-break.o
 .debug_str     0x000000000000035e      0x504 CMakeFiles/base_station_yellowcard_production_production_XC32_compile.dir/f0902cd0b01c5fa7d11bc8606214553b/src/Interrupts.c.o
 .debug_str     0x0000000000000862      0x4f2 CMakeFiles/base_station_yellowcard_production_production_XC32_compile.dir/f0902cd0b01c5fa7d11bc8606214553b/src/Logging.c.o
 .debug_str     0x0000000000000d54      0x7fb CMakeFiles/base_station_yellowcard_production_production_XC32_compile.dir/16704d74be4b601d72203da87f43d6d0/base-station.X/src/Main.c.o
 .debug_str     0x000000000000154f      0x564 CMakeFiles/base_station_yellowcard_production_production_XC32_compile.dir/f0902cd0b01c5fa7d11bc8606214553b/src/PacketStructures.c.o
 .debug_str     0x0000000000001ab3      0x7c2 CMakeFiles/base_station_yellowcard_production_production_XC32_compile.dir/f0902cd0b01c5fa7d11bc8606214553b/src/drv/DPS368/DPS368.c.o
 .debug_str     0x0000000000002275      0x4a8 CMakeFiles/base_station_yellowcard_production_production_XC32_compile.dir/f0902cd0b01c5fa7d11bc8606214553b/src/drv/HAL.c.o
 .debug_str     0x000000000000271d      0x511 CMakeFiles/base_station_yellowcard_production_production_XC32_compile.dir/f0902cd0b01c5fa7d11bc8606214553b/src/drv/SHT4x/SHT4x.c.o
 .debug_str     0x0000000000002c2e      0x643 CMakeFiles/base_station_yellowcard_production_production_XC32_compile.dir/eaf75ac4461230790cf924d14d06ab78/drv/SSD1803A/SSD1803A.c.o
 .debug_str     0x0000000000003271      0x66a CMakeFiles/base_station_yellowcard_production_production_XC32_compile.dir/f0902cd0b01c5fa7d11bc8606214553b/src/drv/SX1231H/SX1231H.c.o
 .debug_str     0x00000000000038db       0xcc C:\Users\Aeryn\AppData\Local\Temp\cca9XBzL.o
 .debug_str     0x00000000000039a7      0x2a7 c:/progra~1/microc~1/xc32/v4.35/bin/bin/../../lib/gcc/pic32mx/8.3.1\libgcc.a(floatunsisf.o)
 .debug_str     0x0000000000003c4e      0x36e c:/progra~1/microc~1/xc32/v4.35/bin/bin/../../lib/gcc/pic32mx/8.3.1/../../../../pic32mx/lib\libpic32.a(default-bootstrap-exception-handler.o)
 .debug_str     0x0000000000003fbc      0x348 c:/progra~1/microc~1/xc32/v4.35/bin/bin/../../lib/gcc/pic32mx/8.3.1/../../../../pic32mx/lib\libpic32.a(default-on-reset.o)
 .debug_str     0x0000000000004304      0x350 c:/progra~1/microc~1/xc32/v4.35/bin/bin/../../lib/gcc/pic32mx/8.3.1/../../../../pic32mx/lib\libpic32.a(default-on-bootstrap.o)
 .debug_str     0x0000000000004654      0x36a c:/progra~1/microc~1/xc32/v4.35/bin/bin/../../lib/gcc/pic32mx/8.3.1/../../../../pic32mx/lib\libpic32.a(default-general-exception-handler.o)
 .debug_str     0x00000000000049be      0x362 c:/progra~1/microc~1/xc32/v4.35/bin/bin/../../lib/gcc/pic32mx/8.3.1/../../../../pic32mx/lib\libpic32.a(defaultinterrupt.o)

.debug_loc      0x0000000000000000       0xdc
 *.elf(.debug_loc)
 *(.debug_loc)
 .debug_loc     0x0000000000000000       0x84 c:/progra~1/microc~1/xc32/v4.35/bin/bin/../../lib/gcc/pic32mx/8.3.1\libgcc.a(floatunsisf.o)
 .debug_loc     0x0000000000000084       0x2c c:/progra~1/microc~1/xc32/v4.35/bin/bin/../../lib/gcc/pic32mx/8.3.1/../../../../pic32mx/lib\libpic32.a(default-bootstrap-exception-handler.o)
 .debug_loc     0x00000000000000b0       0x2c c:/progra~1/microc~1/xc32/v4.35/bin/bin/../../lib/gcc/pic32mx/8.3.1/../../../../pic32mx/lib\libpic32.a(default-general-exception-handler.o)

.debug_macinfo
 *.elf(.debug_macinfo)
 *(.debug_macinfo)

.debug_weaknames
 *.elf(.debug_weaknames)
 *(.debug_weaknames)

.debug_funcnames
 *.elf(.debug_funcnames)
 *(.debug_funcnames)

.debug_typenames
 *.elf(.debug_typenames)
 *(.debug_typenames)

.debug_varnames
 *.elf(.debug_varnames)
 *(.debug_varnames)

.debug_pubtypes
 *.elf(.debug_pubtypes)
 *(.debug_pubtypes)

.debug_ranges   0x0000000000000000      0x2e0
 *.elf(.debug_ranges)
 *(.debug_ranges)
 .debug_ranges  0x0000000000000000       0x10 c:/progra~1/microc~1/xc32/v4.35/bin/bin/../../lib/gcc/pic32mx/8.3.1/../../../../pic32mx/lib\software-debug-break.o
 .debug_ranges  0x0000000000000010       0x38 CMakeFiles/base_station_yellowcard_production_production_XC32_compile.dir/f0902cd0b01c5fa7d11bc8606214553b/src/Interrupts.c.o
 .debug_ranges  0x0000000000000048       0x30 CMakeFiles/base_station_yellowcard_production_production_XC32_compile.dir/f0902cd0b01c5fa7d11bc8606214553b/src/Logging.c.o
 .debug_ranges  0x0000000000000078       0x20 CMakeFiles/base_station_yellowcard_production_production_XC32_compile.dir/16704d74be4b601d72203da87f43d6d0/base-station.X/src/Main.c.o
 .debug_ranges  0x0000000000000098       0x28 CMakeFiles/base_station_yellowcard_production_production_XC32_compile.dir/f0902cd0b01c5fa7d11bc8606214553b/src/PacketStructures.c.o
 .debug_ranges  0x00000000000000c0       0x78 CMakeFiles/base_station_yellowcard_production_production_XC32_compile.dir/f0902cd0b01c5fa7d11bc8606214553b/src/drv/DPS368/DPS368.c.o
 .debug_ranges  0x0000000000000138       0x38 CMakeFiles/base_station_yellowcard_production_production_XC32_compile.dir/f0902cd0b01c5fa7d11bc8606214553b/src/drv/HAL.c.o
 .debug_ranges  0x0000000000000170       0x30 CMakeFiles/base_station_yellowcard_production_production_XC32_compile.dir/f0902cd0b01c5fa7d11bc8606214553b/src/drv/SHT4x/SHT4x.c.o
 .debug_ranges  0x00000000000001a0       0x60 CMakeFiles/base_station_yellowcard_production_production_XC32_compile.dir/eaf75ac4461230790cf924d14d06ab78/drv/SSD1803A/SSD1803A.c.o
 .debug_ranges  0x0000000000000200       0x58 CMakeFiles/base_station_yellowcard_production_production_XC32_compile.dir/f0902cd0b01c5fa7d11bc8606214553b/src/drv/SX1231H/SX1231H.c.o
 .debug_ranges  0x0000000000000258       0x38 C:\Users\Aeryn\AppData\Local\Temp\cca9XBzL.o
 .debug_ranges  0x0000000000000290       0x10 c:/progra~1/microc~1/xc32/v4.35/bin/bin/../../lib/gcc/pic32mx/8.3.1/../../../../pic32mx/lib\libpic32.a(default-bootstrap-exception-handler.o)
 .debug_ranges  0x00000000000002a0       0x10 c:/progra~1/microc~1/xc32/v4.35/bin/bin/../../lib/gcc/pic32mx/8.3.1/../../../../pic32mx/lib\libpic32.a(default-on-reset.o)
 .debug_ranges  0x00000000000002b0       0x10 c:/progra~1/microc~1/xc32/v4.35/bin/bin/../../lib/gcc/pic32mx/8.3.1/../../../../pic32mx/lib\libpic32.a(default-on-bootstrap.o)
 .debug_ranges  0x00000000000002c0       0x10 c:/progra~1/microc~1/xc32/v4.35/bin/bin/../../lib/gcc/pic32mx/8.3.1/../../../../pic32mx/lib\libpic32.a(default-general-exception-handler.o)
 .debug_ranges  0x00000000000002d0       0x10 c:/progra~1/microc~1/xc32/v4.35/bin/bin/../../lib/gcc/pic32mx/8.3.1/../../../../pic32mx/lib\libpic32.a(defaultinterrupt.o)

.gnu.attributes
                0x0000000000000000       0x10
 *(.gnu.attributes)
 .gnu.attributes
                0x0000000000000000       0x10 c:/progra~1/microc~1/xc32/v4.35/bin/bin/../../lib/gcc/pic32mx/8.3.1/../../../../pic32mx/lib\software-debug-break.o
 .gnu.attributes
                0x0000000000000010       0x10 CMakeFiles/base_station_yellowcard_production_production_XC32_compile.dir/f0902cd0b01c5fa7d11bc8606214553b/src/Interrupts.c.o
 .gnu.attributes
                0x0000000000000020       0x10 CMakeFiles/base_station_yellowcard_production_production_XC32_compile.dir/f0902cd0b01c5fa7d11bc8606214553b/src/Logging.c.o
 .gnu.attributes
                0x0000000000000030       0x10 CMakeFiles/base_station_yellowcard_production_production_XC32_compile.dir/16704d74be4b601d72203da87f43d6d0/base-station.X/src/Main.c.o
 .gnu.attributes
                0x0000000000000040       0x10 CMakeFiles/base_station_yellowcard_production_production_XC32_compile.dir/f0902cd0b01c5fa7d11bc8606214553b/src/PacketStructures.c.o
 .gnu.attributes
                0x0000000000000050       0x10 CMakeFiles/base_station_yellowcard_production_production_XC32_compile.dir/f0902cd0b01c5fa7d11bc8606214553b/src/drv/DPS368/DPS368.c.o
 .gnu.attributes
                0x0000000000000060       0x10 CMakeFiles/base_station_yellowcard_production_production_XC32_compile.dir/f0902cd0b01c5fa7d11bc8606214553b/src/drv/HAL.c.o
 .gnu.attributes
                0x0000000000000070       0x10 CMakeFiles/base_station_yellowcard_production_production_XC32_compile.dir/f0902cd0b01c5fa7d11bc8606214553b/src/drv/SHT4x/SHT4x.c.o
 .gnu.attributes
                0x0000000000000080       0x10 CMakeFiles/base_station_yellowcard_production_production_XC32_compile.dir/eaf75ac4461230790cf924d14d06ab78/drv/SSD1803A/SSD1803A.c.o
 .gnu.attributes
                0x0000000000000090       0x10 CMakeFiles/base_station_yellowcard_production_production_XC32_compile.dir/f0902cd0b01c5fa7d11bc8606214553b/src/drv/SX1231H/SX1231H.c.o
 .gnu.attributes
                0x00000000000000a0       0x10 C:\Users\Aeryn\AppData\Local\Temp\cca9XBzL.o
 .gnu.attributes
                0x00000000000000b0       0x10 C:\Users\Aeryn\AppData\Local\Temp\ccKKGnkO.o
 .gnu.attributes
                0x00000000000000c0       0x10 C:\Users\Aeryn\AppData\Local\Temp\ccWbUkXf.o
 .gnu.attributes
                0x00000000000000d0       0x10 c:/progra~1/microc~1/xc32/v4.35/bin/bin/../../lib/gcc/pic32mx/8.3.1/../../../../pic32mx/lib\pic32_software_reset.o
 .gnu.attributes
                0x00000000000000e0       0x10 c:/progra~1/microc~1/xc32/v4.35/bin/bin/../../lib/gcc/pic32mx/8.3.1\libgcc.a(floatunsisf.o)
 .gnu.attributes
                0x00000000000000f0       0x10 c:/progra~1/microc~1/xc32/v4.35/bin/bin/../../lib/gcc/pic32mx/8.3.1/../../../../pic32mx/lib\libpic32.a(memcpy.o)
 .gnu.attributes
                0x0000000000000100       0x10 c:/progra~1/microc~1/xc32/v4.35/bin/bin/../../lib/gcc/pic32mx/8.3.1/../../../../pic32mx/lib\libpic32.a(strlen.o)
 .gnu.attributes
                0x0000000000000110       0x10 c:/progra~1/microc~1/xc32/v4.35/bin/bin/../../lib/gcc/pic32mx/8.3.1/../../../../pic32mx/lib\libpic32.a(default-bootstrap-exception-handler.o)
 .gnu.attributes
                0x0000000000000120       0x10 c:/progra~1/microc~1/xc32/v4.35/bin/bin/../../lib/gcc/pic32mx/8.3.1/../../../../pic32mx/lib\libpic32.a(default-on-reset.o)
 .gnu.attributes
                0x0000000000000130       0x10 c:/progra~1/microc~1/xc32/v4.35/bin/bin/../../lib/gcc/pic32mx/8.3.1/../../../../pic32mx/lib\libpic32.a(default-on-bootstrap.o)
 .gnu.attributes
                0x0000000000000140       0x10 c:/progra~1/microc~1/xc32/v4.35/bin/bin/../../lib/gcc/pic32mx/8.3.1/../../../../pic32mx/lib\libpic32.a(default-nmi-handler.o)
 .gnu.attributes
                0x0000000000000150       0x10 c:/progra~1/microc~1/xc32/v4.35/bin/bin/../../lib/gcc/pic32mx/8.3.1/../../../../pic32mx/lib\libpic32.a(pic32_data_init_core.o)
 .gnu.attributes
                0x0000000000000160       0x10 c:/progra~1/microc~1/xc32/v4.35/bin/bin/../../lib/gcc/pic32mx/8.3.1/../../../../pic32mx/lib\libpic32.a(general-exception.o)
 .gnu.attributes
                0x0000000000000170       0x10 c:/progra~1/microc~1/xc32/v4.35/bin/bin/../../lib/gcc/pic32mx/8.3.1/../../../../pic32mx/lib\libpic32.a(vector0.o)
 .gnu.attributes
                0x0000000000000180       0x10 c:/progra~1/microc~1/xc32/v4.35/bin/bin/../../lib/gcc/pic32mx/8.3.1/../../../../pic32mx/lib\libpic32.a(vector1.o)
 .gnu.attributes
                0x0000000000000190       0x10 c:/progra~1/microc~1/xc32/v4.35/bin/bin/../../lib/gcc/pic32mx/8.3.1/../../../../pic32mx/lib\libpic32.a(vector2.o)
 .gnu.attributes
                0x00000000000001a0       0x10 c:/progra~1/microc~1/xc32/v4.35/bin/bin/../../lib/gcc/pic32mx/8.3.1/../../../../pic32mx/lib\libpic32.a(vector3.o)
 .gnu.attributes
                0x00000000000001b0       0x10 c:/progra~1/microc~1/xc32/v4.35/bin/bin/../../lib/gcc/pic32mx/8.3.1/../../../../pic32mx/lib\libpic32.a(vector5.o)
 .gnu.attributes
                0x00000000000001c0       0x10 c:/progra~1/microc~1/xc32/v4.35/bin/bin/../../lib/gcc/pic32mx/8.3.1/../../../../pic32mx/lib\libpic32.a(vector6.o)
 .gnu.attributes
                0x00000000000001d0       0x10 c:/progra~1/microc~1/xc32/v4.35/bin/bin/../../lib/gcc/pic32mx/8.3.1/../../../../pic32mx/lib\libpic32.a(vector7.o)
 .gnu.attributes
                0x00000000000001e0       0x10 c:/progra~1/microc~1/xc32/v4.35/bin/bin/../../lib/gcc/pic32mx/8.3.1/../../../../pic32mx/lib\libpic32.a(vector8.o)
 .gnu.attributes
                0x00000000000001f0       0x10 c:/progra~1/microc~1/xc32/v4.35/bin/bin/../../lib/gcc/pic32mx/8.3.1/../../../../pic32mx/lib\libpic32.a(vector9.o)
 .gnu.attributes
                0x0000000000000200       0x10 c:/progra~1/microc~1/xc32/v4.35/bin/bin/../../lib/gcc/pic32mx/8.3.1/../../../../pic32mx/lib\libpic32.a(vector10.o)
 .gnu.attributes
                0x0000000000000210       0x10 c:/progra~1/microc~1/xc32/v4.35/bin/bin/../../lib/gcc/pic32mx/8.3.1/../../../../pic32mx/lib\libpic32.a(vector11.o)
 .gnu.attributes
                0x0000000000000220       0x10 c:/progra~1/microc~1/xc32/v4.35/bin/bin/../../lib/gcc/pic32mx/8.3.1/../../../../pic32mx/lib\libpic32.a(vector12.o)
 .gnu.attributes
                0x0000000000000230       0x10 c:/progra~1/microc~1/xc32/v4.35/bin/bin/../../lib/gcc/pic32mx/8.3.1/../../../../pic32mx/lib\libpic32.a(vector13.o)
 .gnu.attributes
                0x0000000000000240       0x10 c:/progra~1/microc~1/xc32/v4.35/bin/bin/../../lib/gcc/pic32mx/8.3.1/../../../../pic32mx/lib\libpic32.a(vector14.o)
 .gnu.attributes
                0x0000000000000250       0x10 c:/progra~1/microc~1/xc32/v4.35/bin/bin/../../lib/gcc/pic32mx/8.3.1/../../../../pic32mx/lib\libpic32.a(vector15.o)
 .gnu.attributes
                0x0000000000000260       0x10 c:/progra~1/microc~1/xc32/v4.35/bin/bin/../../lib/gcc/pic32mx/8.3.1/../../../../pic32mx/lib\libpic32.a(vector16.o)
 .gnu.attributes
                0x0000000000000270       0x10 c:/progra~1/microc~1/xc32/v4.35/bin/bin/../../lib/gcc/pic32mx/8.3.1/../../../../pic32mx/lib\libpic32.a(vector17.o)
 .gnu.attributes
                0x0000000000000280       0x10 c:/progra~1/microc~1/xc32/v4.35/bin/bin/../../lib/gcc/pic32mx/8.3.1/../../../../pic32mx/lib\libpic32.a(vector18.o)
 .gnu.attributes
                0x0000000000000290       0x10 c:/progra~1/microc~1/xc32/v4.35/bin/bin/../../lib/gcc/pic32mx/8.3.1/../../../../pic32mx/lib\libpic32.a(vector20.o)
 .gnu.attributes
                0x00000000000002a0       0x10 c:/progra~1/microc~1/xc32/v4.35/bin/bin/../../lib/gcc/pic32mx/8.3.1/../../../../pic32mx/lib\libpic32.a(vector21.o)
 .gnu.attributes
                0x00000000000002b0       0x10 c:/progra~1/microc~1/xc32/v4.35/bin/bin/../../lib/gcc/pic32mx/8.3.1/../../../../pic32mx/lib\libpic32.a(vector22.o)
 .gnu.attributes
                0x00000000000002c0       0x10 c:/progra~1/microc~1/xc32/v4.35/bin/bin/../../lib/gcc/pic32mx/8.3.1/../../../../pic32mx/lib\libpic32.a(vector23.o)
 .gnu.attributes
                0x00000000000002d0       0x10 c:/progra~1/microc~1/xc32/v4.35/bin/bin/../../lib/gcc/pic32mx/8.3.1/../../../../pic32mx/lib\libpic32.a(vector24.o)
 .gnu.attributes
                0x00000000000002e0       0x10 c:/progra~1/microc~1/xc32/v4.35/bin/bin/../../lib/gcc/pic32mx/8.3.1/../../../../pic32mx/lib\libpic32.a(vector26.o)
 .gnu.attributes
                0x00000000000002f0       0x10 c:/progra~1/microc~1/xc32/v4.35/bin/bin/../../lib/gcc/pic32mx/8.3.1/../../../../pic32mx/lib\libpic32.a(vector27.o)
 .gnu.attributes
                0x0000000000000300       0x10 c:/progra~1/microc~1/xc32/v4.35/bin/bin/../../lib/gcc/pic32mx/8.3.1/../../../../pic32mx/lib\libpic32.a(vector28.o)
 .gnu.attributes
                0x0000000000000310       0x10 c:/progra~1/microc~1/xc32/v4.35/bin/bin/../../lib/gcc/pic32mx/8.3.1/../../../../pic32mx/lib\libpic32.a(vector29.o)
 .gnu.attributes
                0x0000000000000320       0x10 c:/progra~1/microc~1/xc32/v4.35/bin/bin/../../lib/gcc/pic32mx/8.3.1/../../../../pic32mx/lib\libpic32.a(vector30.o)
 .gnu.attributes
                0x0000000000000330       0x10 c:/progra~1/microc~1/xc32/v4.35/bin/bin/../../lib/gcc/pic32mx/8.3.1/../../../../pic32mx/lib\libpic32.a(vector31.o)
 .gnu.attributes
                0x0000000000000340       0x10 c:/progra~1/microc~1/xc32/v4.35/bin/bin/../../lib/gcc/pic32mx/8.3.1/../../../../pic32mx/lib\libpic32.a(vector32.o)
 .gnu.attributes
                0x0000000000000350       0x10 c:/progra~1/microc~1/xc32/v4.35/bin/bin/../../lib/gcc/pic32mx/8.3.1/../../../../pic32mx/lib\libpic32.a(vector33.o)
 .gnu.attributes
                0x0000000000000360       0x10 c:/progra~1/microc~1/xc32/v4.35/bin/bin/../../lib/gcc/pic32mx/8.3.1/../../../../pic32mx/lib\libpic32.a(vector35.o)
 .gnu.attributes
                0x0000000000000370       0x10 c:/progra~1/microc~1/xc32/v4.35/bin/bin/../../lib/gcc/pic32mx/8.3.1/../../../../pic32mx/lib\libpic32.a(vector36.o)
 .gnu.attributes
                0x0000000000000380       0x10 c:/progra~1/microc~1/xc32/v4.35/bin/bin/../../lib/gcc/pic32mx/8.3.1/../../../../pic32mx/lib\libpic32.a(vector37.o)
 .gnu.attributes
                0x0000000000000390       0x10 c:/progra~1/microc~1/xc32/v4.35/bin/bin/../../lib/gcc/pic32mx/8.3.1/../../../../pic32mx/lib\libpic32.a(vector38.o)
 .gnu.attributes
                0x00000000000003a0       0x10 c:/progra~1/microc~1/xc32/v4.35/bin/bin/../../lib/gcc/pic32mx/8.3.1/../../../../pic32mx/lib\libpic32.a(vector39.o)
 .gnu.attributes
                0x00000000000003b0       0x10 c:/progra~1/microc~1/xc32/v4.35/bin/bin/../../lib/gcc/pic32mx/8.3.1/../../../../pic32mx/lib\libpic32.a(vector40.o)
 .gnu.attributes
                0x00000000000003c0       0x10 c:/progra~1/microc~1/xc32/v4.35/bin/bin/../../lib/gcc/pic32mx/8.3.1/../../../../pic32mx/lib\libpic32.a(vector41.o)
 .gnu.attributes
                0x00000000000003d0       0x10 c:/progra~1/microc~1/xc32/v4.35/bin/bin/../../lib/gcc/pic32mx/8.3.1/../../../../pic32mx/lib\libpic32.a(vector43.o)
 .gnu.attributes
                0x00000000000003e0       0x10 c:/progra~1/microc~1/xc32/v4.35/bin/bin/../../lib/gcc/pic32mx/8.3.1/../../../../pic32mx/lib\libpic32.a(default-general-exception-handler.o)
 .gnu.attributes
                0x00000000000003f0       0x10 c:/progra~1/microc~1/xc32/v4.35/bin/bin/../../lib/gcc/pic32mx/8.3.1/../../../../pic32mx/lib\libpic32.a(defaultinterrupt.o)
 .gnu.attributes
                0x0000000000000400       0x10 c:/progra~1/microc~1/xc32/v4.35/bin/bin/../../lib/gcc/pic32mx/8.3.1/../../../../pic32mx/lib\libm.a(fp32div.o)
 .gnu.attributes
                0x0000000000000410       0x10 c:/progra~1/microc~1/xc32/v4.35/bin/bin/../../lib/gcc/pic32mx/8.3.1/../../../../pic32mx/lib\libm.a(fp32mul.o)
 .gnu.attributes
                0x0000000000000420       0x10 c:/progra~1/microc~1/xc32/v4.35/bin/bin/../../lib/gcc/pic32mx/8.3.1/../../../../pic32mx/lib\libm.a(fp32subadd.o)
 .gnu.attributes
                0x0000000000000430       0x10 c:/progra~1/microc~1/xc32/v4.35/bin/bin/../../lib/gcc/pic32mx/8.3.1/../../../../pic32mx/lib\libm.a(fpcmp.o)
 .gnu.attributes
                0x0000000000000440       0x10 c:/progra~1/microc~1/xc32/v4.35/bin/bin/../../lib/gcc/pic32mx/8.3.1/../../../../pic32mx/lib\libm.a(fpcmplt.o)
 .gnu.attributes
                0x0000000000000450       0x10 c:/progra~1/microc~1/xc32/v4.35/bin/bin/../../lib/gcc/pic32mx/8.3.1/../../../../pic32mx/lib\libm.a(fptoli.o)
 .gnu.attributes
                0x0000000000000460       0x10 c:/progra~1/microc~1/xc32/v4.35/bin/bin/../../lib/gcc/pic32mx/8.3.1/../../../../pic32mx/lib\libm.a(fptoul.o)
 .gnu.attributes
                0x0000000000000470       0x10 c:/progra~1/microc~1/xc32/v4.35/bin/bin/../../lib/gcc/pic32mx/8.3.1/../../../../pic32mx/lib\libm.a(sitofp.o)
 .gnu.attributes
                0x0000000000000480       0x10 c:/progra~1/microc~1/xc32/v4.35/bin/bin/../../lib/gcc/pic32mx/8.3.1/../../../../pic32mx/lib\libpic32.a(pic32_data_init_clear.o)
 .gnu.attributes
                0x0000000000000490       0x10 c:/progra~1/microc~1/xc32/v4.35/bin/bin/../../lib/gcc/pic32mx/8.3.1/../../../../pic32mx/lib\libpic32.a(pic32_data_init_copy.o)
OUTPUT(production.elf elf32-tradlittlemips)
LOAD data_init
LOAD stack

.reginfo        0x0000000000000000       0x18
 .reginfo       0x0000000000000000       0x18 c:/progra~1/microc~1/xc32/v4.35/bin/bin/../../lib/gcc/pic32mx/8.3.1/../../../../pic32mx/lib\software-debug-break.o

.stack          0x00000000a0000258      0x400
 .stack         0x00000000a0000258      0x400 stack

.text.initializeSSD1803A
                0x000000009d000780      0x3d8
 .text.initializeSSD1803A
                0x000000009d000780      0x3d8 CMakeFiles/base_station_yellowcard_production_production_XC32_compile.dir/eaf75ac4461230790cf924d14d06ab78/drv/SSD1803A/SSD1803A.c.o
                0x000000009d000780                initializeSSD1803A

.text.readCalCoeffsDPS368
                0x000000009d000b58      0x2f4
 .text.readCalCoeffsDPS368
                0x000000009d000b58      0x2f4 CMakeFiles/base_station_yellowcard_production_production_XC32_compile.dir/f0902cd0b01c5fa7d11bc8606214553b/src/drv/DPS368/DPS368.c.o
                0x000000009d000b58                readCalCoeffsDPS368

.text.fpsubadd  0x000000009d000e4c      0x278
 .text.fpsubadd
                0x000000009d000e4c      0x278 c:/progra~1/microc~1/xc32/v4.35/bin/bin/../../lib/gcc/pic32mx/8.3.1/../../../../pic32mx/lib\libm.a(fp32subadd.o)
                0x000000009d000e4c                fpsub
                0x000000009d000e4c                __subsf3
                0x000000009d000e54                __addsf3
                0x000000009d000e54                fpadd

.text.fp32div   0x000000009d0010c4      0x230
 .text.fp32div  0x000000009d0010c4      0x230 c:/progra~1/microc~1/xc32/v4.35/bin/bin/../../lib/gcc/pic32mx/8.3.1/../../../../pic32mx/lib\libm.a(fp32div.o)
                0x000000009d0010c4                fpdiv
                0x000000009d0010c4                __divsf3

.text.initializeDPS368
                0x000000009d0012f4      0x204
 .text.initializeDPS368
                0x000000009d0012f4      0x204 CMakeFiles/base_station_yellowcard_production_production_XC32_compile.dir/f0902cd0b01c5fa7d11bc8606214553b/src/drv/DPS368/DPS368.c.o
                0x000000009d0012f4                initializeDPS368

.text.setupMCU  0x000000009d0014f8      0x1cc
 .text.setupMCU
                0x000000009d0014f8      0x1cc CMakeFiles/base_station_yellowcard_production_production_XC32_compile.dir/16704d74be4b601d72203da87f43d6d0/base-station.X/src/Main.c.o
                0x000000009d0014f8                setupMCU

.text.readFromI2C
                0x000000009d0016c4      0x1a8
 .text.readFromI2C
                0x000000009d0016c4      0x1a8 CMakeFiles/base_station_yellowcard_production_production_XC32_compile.dir/f0902cd0b01c5fa7d11bc8606214553b/src/drv/HAL.c.o
                0x000000009d0016c4                readFromI2C

.text.functionSetSSD1803A
                0x000000009d00186c      0x174
 .text.functionSetSSD1803A
                0x000000009d00186c      0x174 CMakeFiles/base_station_yellowcard_production_production_XC32_compile.dir/eaf75ac4461230790cf924d14d06ab78/drv/SSD1803A/SSD1803A.c.o
                0x000000009d00186c                functionSetSSD1803A

.text.setPowerLevelSX1231H
                0x000000009d0019e0      0x14c
 .text.setPowerLevelSX1231H
                0x000000009d0019e0      0x14c CMakeFiles/base_station_yellowcard_production_production_XC32_compile.dir/f0902cd0b01c5fa7d11bc8606214553b/src/drv/SX1231H/SX1231H.c.o
                0x000000009d0019e0                setPowerLevelSX1231H

.text.interactWithRegistersSX1231H
                0x000000009d001b2c      0x14c
 .text.interactWithRegistersSX1231H
                0x000000009d001b2c      0x14c CMakeFiles/base_station_yellowcard_production_production_XC32_compile.dir/f0902cd0b01c5fa7d11bc8606214553b/src/drv/SX1231H/SX1231H.c.o
                0x000000009d001b2c                interactWithRegistersSX1231H

.text.writeToI2C
                0x000000009d001c78      0x110
 .text.writeToI2C
                0x000000009d001c78      0x110 CMakeFiles/base_station_yellowcard_production_production_XC32_compile.dir/f0902cd0b01c5fa7d11bc8606214553b/src/drv/HAL.c.o
                0x000000009d001c78                writeToI2C

.text.setupExternals
                0x000000009d001d88      0x100
 .text.setupExternals
                0x000000009d001d88      0x100 CMakeFiles/base_station_yellowcard_production_production_XC32_compile.dir/16704d74be4b601d72203da87f43d6d0/base-station.X/src/Main.c.o
                0x000000009d001d88                setupExternals

.text.general_exception
                0x000000009d001e88       0xdc
 .text.general_exception
                0x000000009d001e88       0xdc c:/progra~1/microc~1/xc32/v4.35/bin/bin/../../lib/gcc/pic32mx/8.3.1/../../../../pic32mx/lib\libpic32.a(general-exception.o)
                0x000000009d001e88                _general_exception_context

.text.dma2ISR   0x000000009d001f64       0xb4
 .text.dma2ISR  0x000000009d001f64       0xb4 CMakeFiles/base_station_yellowcard_production_production_XC32_compile.dir/f0902cd0b01c5fa7d11bc8606214553b/src/Interrupts.c.o
                0x000000009d001f64                dma2ISR

.text.setCarrierFreqSX1231H
                0x000000009d002018       0xb0
 .text.setCarrierFreqSX1231H
                0x000000009d002018       0xb0 CMakeFiles/base_station_yellowcard_production_production_XC32_compile.dir/f0902cd0b01c5fa7d11bc8606214553b/src/drv/SX1231H/SX1231H.c.o
                0x000000009d002018                setCarrierFreqSX1231H

.text.setContrastSSD1803A
                0x000000009d0020c8       0xac
 .text.setContrastSSD1803A
                0x000000009d0020c8       0xac CMakeFiles/base_station_yellowcard_production_production_XC32_compile.dir/eaf75ac4461230790cf924d14d06ab78/drv/SSD1803A/SSD1803A.c.o
                0x000000009d0020c8                setContrastSSD1803A

.text.main      0x000000009d002174       0xa8
 .text.main     0x000000009d002174       0xa8 CMakeFiles/base_station_yellowcard_production_production_XC32_compile.dir/16704d74be4b601d72203da87f43d6d0/base-station.X/src/Main.c.o
                0x000000009d002174                main

.text.rtccAlarmISR
                0x000000009d00221c       0xa4
 .text.rtccAlarmISR
                0x000000009d00221c       0xa4 CMakeFiles/base_station_yellowcard_production_production_XC32_compile.dir/f0902cd0b01c5fa7d11bc8606214553b/src/Interrupts.c.o
                0x000000009d00221c                rtccAlarmISR

.text.initializeSX1231H
                0x000000009d0022c0       0xa4
 .text.initializeSX1231H
                0x000000009d0022c0       0xa4 CMakeFiles/base_station_yellowcard_production_production_XC32_compile.dir/f0902cd0b01c5fa7d11bc8606214553b/src/drv/SX1231H/SX1231H.c.o
                0x000000009d0022c0                initializeSX1231H

.text.timer1PeriodMatchISR
                0x000000009d002364       0x9c
 .text.timer1PeriodMatchISR
                0x000000009d002364       0x9c CMakeFiles/base_station_yellowcard_production_production_XC32_compile.dir/f0902cd0b01c5fa7d11bc8606214553b/src/Interrupts.c.o
                0x000000009d002364                timer1PeriodMatchISR

.text.portChangeNoticeISR
                0x000000009d002400       0x9c
 .text.portChangeNoticeISR
                0x000000009d002400       0x9c CMakeFiles/base_station_yellowcard_production_production_XC32_compile.dir/f0902cd0b01c5fa7d11bc8606214553b/src/Interrupts.c.o
                0x000000009d002400                portChangeNoticeISR

.text.printStringSSD1803A
                0x000000009d00249c       0x9c
 .text.printStringSSD1803A
                0x000000009d00249c       0x9c CMakeFiles/base_station_yellowcard_production_production_XC32_compile.dir/eaf75ac4461230790cf924d14d06ab78/drv/SSD1803A/SSD1803A.c.o
                0x000000009d00249c                printStringSSD1803A

.text.int4ISR   0x000000009d002538       0x98
 .text.int4ISR  0x000000009d002538       0x98 CMakeFiles/base_station_yellowcard_production_production_XC32_compile.dir/f0902cd0b01c5fa7d11bc8606214553b/src/Interrupts.c.o
                0x000000009d002538                int4ISR

.text.setFreqDeviationSX1231H
                0x000000009d0025d0       0x98
 .text.setFreqDeviationSX1231H
                0x000000009d0025d0       0x98 CMakeFiles/base_station_yellowcard_production_production_XC32_compile.dir/f0902cd0b01c5fa7d11bc8606214553b/src/drv/SX1231H/SX1231H.c.o
                0x000000009d0025d0                setFreqDeviationSX1231H

.text.setupInterrupts
                0x000000009d002668       0x88
 .text.setupInterrupts
                0x000000009d002668       0x88 CMakeFiles/base_station_yellowcard_production_production_XC32_compile.dir/f0902cd0b01c5fa7d11bc8606214553b/src/Interrupts.c.o
                0x000000009d002668                setupInterrupts

.text.setBitRateSX1231H
                0x000000009d0026f0       0x80
 .text.setBitRateSX1231H
                0x000000009d0026f0       0x80 CMakeFiles/base_station_yellowcard_production_production_XC32_compile.dir/f0902cd0b01c5fa7d11bc8606214553b/src/drv/SX1231H/SX1231H.c.o
                0x000000009d0026f0                setBitRateSX1231H

.text           0x000000009d002770       0x7c
 .text          0x000000009d002770       0x7c c:/progra~1/microc~1/xc32/v4.35/bin/bin/../../lib/gcc/pic32mx/8.3.1/../../../../pic32mx/lib\libpic32.a(pic32_data_init_core.o)
                0x000000009d002770                __dinit_copy_emb
                0x000000009d002770                __dinit_decompress
                0x000000009d002770                __dinit_copy_val_data
                0x000000009d002778                __pic32_data_init

.text.fptoul    0x000000009d0027ec       0x7c
 .text.fptoul   0x000000009d0027ec       0x7c c:/progra~1/microc~1/xc32/v4.35/bin/bin/../../lib/gcc/pic32mx/8.3.1/../../../../pic32mx/lib\libm.a(fptoul.o)
                0x000000009d0027ec                __fixunssfsi
                0x000000009d0027ec                fptoul
                0x000000009d0027ec                fptoui

.text.forceSign16
                0x000000009d002868       0x78
 .text.forceSign16
                0x000000009d002868       0x78 CMakeFiles/base_station_yellowcard_production_production_XC32_compile.dir/f0902cd0b01c5fa7d11bc8606214553b/src/drv/DPS368/DPS368.c.o
                0x000000009d002868                forceSign16

.text.forceSign32
                0x000000009d0028e0       0x70
 .text.forceSign32
                0x000000009d0028e0       0x70 CMakeFiles/base_station_yellowcard_production_production_XC32_compile.dir/f0902cd0b01c5fa7d11bc8606214553b/src/drv/DPS368/DPS368.c.o
                0x000000009d0028e0                forceSign32

.text.setDeviceModeSX1231H
                0x000000009d002950       0x68
 .text.setDeviceModeSX1231H
                0x000000009d002950       0x68 CMakeFiles/base_station_yellowcard_production_production_XC32_compile.dir/f0902cd0b01c5fa7d11bc8606214553b/src/drv/SX1231H/SX1231H.c.o
                0x000000009d002950                setDeviceModeSX1231H

.text.putCursorSSD1803A
                0x000000009d0029b8       0x64
 .text.putCursorSSD1803A
                0x000000009d0029b8       0x64 CMakeFiles/base_station_yellowcard_production_production_XC32_compile.dir/eaf75ac4461230790cf924d14d06ab78/drv/SSD1803A/SSD1803A.c.o
                0x000000009d0029b8                putCursorSSD1803A

.text.sitofp    0x000000009d002a1c       0x60
 .text.sitofp   0x000000009d002a1c       0x60 c:/progra~1/microc~1/xc32/v4.35/bin/bin/../../lib/gcc/pic32mx/8.3.1/../../../../pic32mx/lib\libm.a(sitofp.o)
                0x000000009d002a1c                __floatsisf
                0x000000009d002a1c                litofp
                0x000000009d002a1c                sitofp

.text.main_entry
                0x000000009d002a7c       0x54
 .text.main_entry
                0x000000009d002a7c       0x54 C:\Users\Aeryn\AppData\Local\Temp\cca9XBzL.o
                0x000000009d002ab0                __crt0_exit

.text           0x000000009d002ad0       0x48
 .text          0x000000009d002ad0       0x48 c:/progra~1/microc~1/xc32/v4.35/bin/bin/../../lib/gcc/pic32mx/8.3.1\libgcc.a(floatunsisf.o)
                0x000000009d002ad0                __floatunsisf

.text._bootstrap_exception_handler
                0x000000009d002b18       0x48
 .text._bootstrap_exception_handler
                0x000000009d002b18       0x48 c:/progra~1/microc~1/xc32/v4.35/bin/bin/../../lib/gcc/pic32mx/8.3.1/../../../../pic32mx/lib\libpic32.a(default-bootstrap-exception-handler.o)
                0x000000009d002b18                _bootstrap_exception_handler

.text._general_exception_handler
                0x000000009d002b60       0x48
 .text._general_exception_handler
                0x000000009d002b60       0x48 c:/progra~1/microc~1/xc32/v4.35/bin/bin/../../lib/gcc/pic32mx/8.3.1/../../../../pic32mx/lib\libpic32.a(default-general-exception-handler.o)
                0x000000009d002b60                _general_exception_handler

.vector_default
                0x000000009d002ba8       0x48
 .vector_default
                0x000000009d002ba8       0x48 c:/progra~1/microc~1/xc32/v4.35/bin/bin/../../lib/gcc/pic32mx/8.3.1/../../../../pic32mx/lib\libpic32.a(defaultinterrupt.o)
                0x000000009d002ba8                _DefaultInterrupt

.text.sendCommandSSD1803A
                0x000000009d002bf0       0x44
 .text.sendCommandSSD1803A
                0x000000009d002bf0       0x44 CMakeFiles/base_station_yellowcard_production_production_XC32_compile.dir/eaf75ac4461230790cf924d14d06ab78/drv/SSD1803A/SSD1803A.c.o
                0x000000009d002bf0                sendCommandSSD1803A

.text           0x000000009d002c34       0x44
 .text          0x000000009d002c34       0x44 c:/progra~1/microc~1/xc32/v4.35/bin/bin/../../lib/gcc/pic32mx/8.3.1/../../../../pic32mx/lib\pic32_software_reset.o
                0x000000009d002c34                __pic32_software_reset

.dinit          0x000000009d002c78       0x30
 .dinit         0x000000009d002c78       0x30 data_init

.rodata         0x000000009d002ca8       0x48
 .rodata        0x000000009d002ca8       0x24 CMakeFiles/base_station_yellowcard_production_production_XC32_compile.dir/f0902cd0b01c5fa7d11bc8606214553b/src/drv/DPS368/DPS368.c.o
                0x000000009d002ca8                dps368Cal_scalingFactors
 .rodata        0x000000009d002ccc       0x24 CMakeFiles/base_station_yellowcard_production_production_XC32_compile.dir/f0902cd0b01c5fa7d11bc8606214553b/src/drv/SX1231H/SX1231H.c.o
                0x000000009d002ccc                sx1231hInit_Receiver
                0x000000009d002cd0                sx1231hInit_DIOMapping
                0x000000009d002cd4                sx1231hInit_PacketEngine

.text           0x000000009d002cf0       0x20
 .text          0x000000009d002cf0       0x20 c:/progra~1/microc~1/xc32/v4.35/bin/bin/../../lib/gcc/pic32mx/8.3.1/../../../../pic32mx/lib\libpic32.a(pic32_data_init_copy.o)
                0x000000009d002cf0                __dinit_copy_needed
                0x000000009d002cf0                __dinit_copy

.rodata         0x000000009d002d10       0x1c
 .rodata        0x000000009d002d10       0x1c CMakeFiles/base_station_yellowcard_production_production_XC32_compile.dir/16704d74be4b601d72203da87f43d6d0/base-station.X/src/Main.c.o

.MIPS.abiflags  0x000000009d002d30       0x18
 .MIPS.abiflags
                0x000000009d002d30       0x18 c:/progra~1/microc~1/xc32/v4.35/bin/bin/../../lib/gcc/pic32mx/8.3.1/../../../../pic32mx/lib\software-debug-break.o

.text           0x000000009d002d48       0x30
 .text          0x000000009d002d48       0x18 c:/progra~1/microc~1/xc32/v4.35/bin/bin/../../lib/gcc/pic32mx/8.3.1/../../../../pic32mx/lib\libpic32.a(default-nmi-handler.o)
                0x000000009d002d48                _nmi_handler
 .text          0x000000009d002d60       0x18 c:/progra~1/microc~1/xc32/v4.35/bin/bin/../../lib/gcc/pic32mx/8.3.1/../../../../pic32mx/lib\libpic32.a(pic32_data_init_clear.o)
                0x000000009d002d60                __dinit_clear
                0x000000009d002d60                __dinit_clear_needed

.rodata         0x000000009d002d78       0x14
 .rodata        0x000000009d002d78       0x14 c:/progra~1/microc~1/xc32/v4.35/bin/bin/../../lib/gcc/pic32mx/8.3.1/../../../../pic32mx/lib\libpic32.a(pic32_data_init_core.o)

.text.__exception_handler_break
                0x000000009d002d8c        0xc
 .text.__exception_handler_break
                0x000000009d002d8c        0xc c:/progra~1/microc~1/xc32/v4.35/bin/bin/../../lib/gcc/pic32mx/8.3.1/../../../../pic32mx/lib\software-debug-break.o
                0x000000009d002d8c                __exception_handler_break

.text._on_reset
                0x000000009d002d98        0x8
 .text._on_reset
                0x000000009d002d98        0x8 c:/progra~1/microc~1/xc32/v4.35/bin/bin/../../lib/gcc/pic32mx/8.3.1/../../../../pic32mx/lib\libpic32.a(default-on-reset.o)
                0x000000009d002d98                _on_reset

.text._on_bootstrap
                0x000000009d002da0        0x8
 .text._on_bootstrap
                0x000000009d002da0        0x8 c:/progra~1/microc~1/xc32/v4.35/bin/bin/../../lib/gcc/pic32mx/8.3.1/../../../../pic32mx/lib\libpic32.a(default-on-bootstrap.o)
                0x000000009d002da0                _on_bootstrap