Archive member included to satisfy reference by file (symbol)

c:/program files/microchip/xc32/v4.35/bin/bin/../../lib/gcc/pic32mx/8.3.1\libgcc.a(floatunsisf.o)
                              build/default/production/src/drv/SHT4x.o (__floatunsisf)
c:/program files/microchip/xc32/v4.35/bin/bin/../../lib/gcc/pic32mx/8.3.1/../../../../pic32mx/lib\libpic32.a(default-bootstrap-exception-handler.o)
                              C:\Users\Aeryn\AppData\Local\Temp\cc2UZsCm.o (_bootstrap_exception_handler)
c:/program files/microchip/xc32/v4.35/bin/bin/../../lib/gcc/pic32mx/8.3.1/../../../../pic32mx/lib\libpic32.a(default-on-reset.o)
                              C:\Users\Aeryn\AppData\Local\Temp\cc2UZsCm.o (_on_reset)
c:/program files/microchip/xc32/v4.35/bin/bin/../../lib/gcc/pic32mx/8.3.1/../../../../pic32mx/lib\libpic32.a(default-on-bootstrap.o)
                              C:\Users\Aeryn\AppData\Local\Temp\cc2UZsCm.o (_on_bootstrap)
c:/program files/microchip/xc32/v4.35/bin/bin/../../lib/gcc/pic32mx/8.3.1/../../../../pic32mx/lib\libpic32.a(default-nmi-handler.o)
                              C:\Users\Aeryn\AppData\Local\Temp\cc2UZsCm.o (_nmi_handler)
c:/program files/microchip/xc32/v4.35/bin/bin/../../lib/gcc/pic32mx/8.3.1/../../../../pic32mx/lib\libpic32.a(pic32_data_init_core.o)
                              C:\Users\Aeryn\AppData\Local\Temp\cc2UZsCm.o (__pic32_data_init)
c:/program files/microchip/xc32/v4.35/bin/bin/../../lib/gcc/pic32mx/8.3.1/../../../../pic32mx/lib\libpic32.a(general-exception.o)
                              C:\Users\Aeryn\AppData\Local\Temp\cc2UZsCm.o (_general_exception_context)
c:/program files/microchip/xc32/v4.35/bin/bin/../../lib/gcc/pic32mx/8.3.1/../../../../pic32mx/lib\libpic32.a(vector0.o)
                              C:\Users\Aeryn\AppData\Local\Temp\cceAxkng.o (__vector_dispatch_0)
c:/program files/microchip/xc32/v4.35/bin/bin/../../lib/gcc/pic32mx/8.3.1/../../../../pic32mx/lib\libpic32.a(vector1.o)
                              C:\Users\Aeryn\AppData\Local\Temp\cceAxkng.o (__vector_dispatch_1)
c:/program files/microchip/xc32/v4.35/bin/bin/../../lib/gcc/pic32mx/8.3.1/../../../../pic32mx/lib\libpic32.a(vector2.o)
                              C:\Users\Aeryn\AppData\Local\Temp\cceAxkng.o (__vector_dispatch_2)
c:/program files/microchip/xc32/v4.35/bin/bin/../../lib/gcc/pic32mx/8.3.1/../../../../pic32mx/lib\libpic32.a(vector3.o)
                              C:\Users\Aeryn\AppData\Local\Temp\cceAxkng.o (__vector_dispatch_3)
c:/program files/microchip/xc32/v4.35/bin/bin/../../lib/gcc/pic32mx/8.3.1/../../../../pic32mx/lib\libpic32.a(vector5.o)
                              C:\Users\Aeryn\AppData\Local\Temp\cceAxkng.o (__vector_dispatch_5)
c:/program files/microchip/xc32/v4.35/bin/bin/../../lib/gcc/pic32mx/8.3.1/../../../../pic32mx/lib\libpic32.a(vector6.o)
                              C:\Users\Aeryn\AppData\Local\Temp\cceAxkng.o (__vector_dispatch_6)
c:/program files/microchip/xc32/v4.35/bin/bin/../../lib/gcc/pic32mx/8.3.1/../../../../pic32mx/lib\libpic32.a(vector7.o)
                              C:\Users\Aeryn\AppData\Local\Temp\cceAxkng.o (__vector_dispatch_7)
c:/program files/microchip/xc32/v4.35/bin/bin/../../lib/gcc/pic32mx/8.3.1/../../../../pic32mx/lib\libpic32.a(vector9.o)
                              C:\Users\Aeryn\AppData\Local\Temp\cceAxkng.o (__vector_dispatch_9)
c:/program files/microchip/xc32/v4.35/bin/bin/../../lib/gcc/pic32mx/8.3.1/../../../../pic32mx/lib\libpic32.a(vector10.o)
                              C:\Users\Aeryn\AppData\Local\Temp\cceAxkng.o (__vector_dispatch_10)
c:/program files/microchip/xc32/v4.35/bin/bin/../../lib/gcc/pic32mx/8.3.1/../../../../pic32mx/lib\libpic32.a(vector11.o)
                              C:\Users\Aeryn\AppData\Local\Temp\cceAxkng.o (__vector_dispatch_11)
c:/program files/microchip/xc32/v4.35/bin/bin/../../lib/gcc/pic32mx/8.3.1/../../../../pic32mx/lib\libpic32.a(vector12.o)
                              C:\Users\Aeryn\AppData\Local\Temp\cceAxkng.o (__vector_dispatch_12)
c:/program files/microchip/xc32/v4.35/bin/bin/../../lib/gcc/pic32mx/8.3.1/../../../../pic32mx/lib\libpic32.a(vector13.o)
                              C:\Users\Aeryn\AppData\Local\Temp\cceAxkng.o (__vector_dispatch_13)
c:/program files/microchip/xc32/v4.35/bin/bin/../../lib/gcc/pic32mx/8.3.1/../../../../pic32mx/lib\libpic32.a(vector14.o)
                              C:\Users\Aeryn\AppData\Local\Temp\cceAxkng.o (__vector_dispatch_14)
c:/program files/microchip/xc32/v4.35/bin/bin/../../lib/gcc/pic32mx/8.3.1/../../../../pic32mx/lib\libpic32.a(vector15.o)
                              C:\Users\Aeryn\AppData\Local\Temp\cceAxkng.o (__vector_dispatch_15)
c:/program files/microchip/xc32/v4.35/bin/bin/../../lib/gcc/pic32mx/8.3.1/../../../../pic32mx/lib\libpic32.a(vector16.o)
                              C:\Users\Aeryn\AppData\Local\Temp\cceAxkng.o (__vector_dispatch_16)
[...]
Memory Configuration

Name             Origin             Length             Attributes
exception_mem    0x000000009d000000 0x0000000000000780
kseg0_program_mem 0x000000009d000780 0x0000000000007880 xr
debug_exec_mem   0x000000009fc00490 0x0000000000000760
kseg0_boot_mem   0x000000009fc00490 0x0000000000000000
kseg1_boot_mem   0x00000000bfc00000 0x0000000000000490
config3          0x00000000bfc00bf0 0x0000000000000004
config2          0x00000000bfc00bf4 0x0000000000000004
config1          0x00000000bfc00bf8 0x0000000000000004
config0          0x00000000bfc00bfc 0x0000000000000004
kseg1_data_mem   0x00000000a0000000 0x0000000000002000 w !x
sfrs             0x00000000bf800000 0x0000000000100000
configsfrs       0x00000000bfc00bf0 0x0000000000000010
*default*        0x0000000000000000 0xffffffffffffffff

Linker script and memory map

LOAD c:/program files/microchip/xc32/v4.35/bin/bin/../../lib/gcc/pic32mx/8.3.1/../../../../pic32mx/lib\debug-exception-return.o
LOAD build/default/production/src/Main.o
LOAD build/default/production/src/drv/HAL.o
LOAD build/default/production/src/drv/SHT4x.o
LOAD build/default/production/src/Interrupts.o
LOAD build/default/production/src/drv/DPS368.o
                0x0000000000000001                __MPLAB_BUILD = 0x1
LOAD C:\Users\Aeryn\AppData\Local\Temp\cc2UZsCm.o
LOAD C:\Users\Aeryn\AppData\Local\Temp\ccl16jcJ.o
LOAD C:\Users\Aeryn\AppData\Local\Temp\cceAxkng.o
LOAD c:/program files/microchip/xc32/v4.35/bin/bin/../../lib/gcc/pic32mx/8.3.1/../../../../pic32mx/lib\pic32_software_reset.o
LOAD c:/program files/microchip/xc32/v4.35/bin/bin/../../lib/gcc/pic32mx/8.3.1\libgcc.a
START GROUP
LOAD c:/program files/microchip/xc32/v4.35/bin/bin/../../lib/gcc/pic32mx/8.3.1/../../../../pic32mx/lib\libpic32.a
LOAD c:/program files/microchip/xc32/v4.35/bin/bin/../../lib/gcc/pic32mx/8.3.1/../../../../pic32mx/lib\libdebug.a
LOAD c:/program files/microchip/xc32/v4.35/bin/bin/../../lib/gcc/pic32mx/8.3.1/../../../../pic32mx/lib\libc-musl.a
LOAD c:/program files/microchip/xc32/v4.35/bin/bin/../../lib/gcc/pic32mx/8.3.1/../../../../pic32mx/lib\libm.a
LOAD c:/program files/microchip/xc32/v4.35/bin/bin/../../lib/gcc/pic32mx/8.3.1/../../../../pic32mx/lib\libe.a
LOAD c:/program files/microchip/xc32/v4.35/bin/bin/../../lib/gcc/pic32mx/8.3.1/../../../../pic32mx/lib\libm-musl.a
LOAD c:/program files/microchip/xc32/v4.35/bin/bin/../../lib/gcc/pic32mx/8.3.1/../../../../pic32mx/lib\libdsp.a
LOAD c:/program files/microchip/xc32/v4.35/bin/bin/../../lib/gcc/pic32mx/8.3.1\libgcc.a
END GROUP
LOAD c:/program files/microchip/xc32/v4.35/bin/bin/../../lib/gcc/pic32mx/8.3.1\libgcc.a
                0x0000000000000400                PROVIDE (_min_stack_size = 0x400)
START GROUP
LOAD libmchp_peripheral.a
END GROUP
START GROUP
LOAD libmchp_peripheral_32MX120F032B.a
END GROUP
                0x0000000000000001                PROVIDE (_vector_spacing = 0x1)
                0x000000009d000000                PROVIDE (_ebase_address = 0x9d000000)
                0x00000000bfc00000                _RESET_ADDR = 0xbfc00000
                0x00000000bfc00380                _BEV_EXCPT_ADDR = 0xbfc00380
                0x00000000bfc00480                _DBG_EXCPT_ADDR = 0xbfc00480
                0x000000009fc00490                _DBG_CODE_ADDR = 0x9fc00490
                0x0000000000000760                _DBG_CODE_SIZE = 0x760
                0x000000009d000180                _GEN_EXCPT_ADDR = (_ebase_address + 0x180)

.config_BFC00BF0
                0x00000000bfc00bf0        0x4
 *(.config_BFC00BF0)
 .config_BFC00BF0
                0x00000000bfc00bf0        0x4 build/default/production/src/Main.o
                0x00000000bfc00bf0                __config_BFC00BF0

.config_BFC00BF4
                0x00000000bfc00bf4        0x4
 *(.config_BFC00BF4)
 .config_BFC00BF4
                0x00000000bfc00bf4        0x4 build/default/production/src/Main.o
                0x00000000bfc00bf4                __config_BFC00BF4

.config_BFC00BF8
                0x00000000bfc00bf8        0x4
 *(.config_BFC00BF8)
 .config_BFC00BF8
                0x00000000bfc00bf8        0x4 build/default/production/src/Main.o
                0x00000000bfc00bf8                __config_BFC00BF8

.config_BFC00BFC
                0x00000000bfc00bfc        0x4
 *(.config_BFC00BFC)
 .config_BFC00BFC
                0x00000000bfc00bfc        0x4 build/default/production/src/Main.o
                0x00000000bfc00bfc                __config_BFC00BFC

.reset          0x00000000bfc00000      0x178
 *(.reset)
 .reset         0x00000000bfc00000        0x8 C:\Users\Aeryn\AppData\Local\Temp\cc2UZsCm.o
                0x00000000bfc00000                _reset
 *(.reset.startup)
 .reset.startup
                0x00000000bfc00008      0x170 C:\Users\Aeryn\AppData\Local\Temp\cc2UZsCm.o
                0x00000000bfc00008                _startup

.bev_excpt      0x00000000bfc00380       0x10
 *(.bev_handler)
 .bev_handler   0x00000000bfc00380       0x10 C:\Users\Aeryn\AppData\Local\Temp\cc2UZsCm.o

.dbg_excpt      0x00000000bfc00480        0x0
                0x00000000bfc00480                . = (. + DEFINED (_DEBUGGER)?0x8:0x0)

.dbg_code       0x000000009fc00490        0x0
                0x000000009fc00490                . = (. + DEFINED (_DEBUGGER)?_DBG_CODE_SIZE:0x0)

.app_excpt      0x000000009d000180       0x10
 *(.gen_handler)
 .gen_handler   0x000000009d000180       0x10 C:\Users\Aeryn\AppData\Local\Temp\cc2UZsCm.o

.vector_0       0x000000009d000200        0x8
 *(.vector_0)
 .vector_0      0x000000009d000200        0x8 c:/program files/microchip/xc32/v4.35/bin/bin/../../lib/gcc/pic32mx/8.3.1/../../../../pic32mx/lib\libpic32.a(vector0.o)
                0x000000009d000200                __vector_dispatch_0
                0x0000000000000001                ASSERT (((_vector_spacing == 0x0) || (SIZEOF (.vector_0) <= (_vector_spacing << 0x5))), function at exception vector 0 too large)

.vector_1       0x000000009d000220        0x8
 *(.vector_1)
 .vector_1      0x000000009d000220        0x8 c:/program files/microchip/xc32/v4.35/bin/bin/../../lib/gcc/pic32mx/8.3.1/../../../../pic32mx/lib\libpic32.a(vector1.o)
                0x000000009d000220                __vector_dispatch_1
                0x0000000000000001                ASSERT (((_vector_spacing == 0x0) || (SIZEOF (.vector_1) <= (_vector_spacing << 0x5))), function at exception vector 1 too large)

.vector_2       0x000000009d000240        0x8
 *(.vector_2)
 .vector_2      0x000000009d000240        0x8 c:/program files/microchip/xc32/v4.35/bin/bin/../../lib/gcc/pic32mx/8.3.1/../../../../pic32mx/lib\libpic32.a(vector2.o)
                0x000000009d000240                __vector_dispatch_2
                0x0000000000000001                ASSERT (((_vector_spacing == 0x0) || (SIZEOF (.vector_2) <= (_vector_spacing << 0x5))), function at exception vector 2 too large)

.vector_3       0x000000009d000260        0x8
 *(.vector_3)
 .vector_3      0x000000009d000260        0x8 c:/program files/microchip/xc32/v4.35/bin/bin/../../lib/gcc/pic32mx/8.3.1/../../../../pic32mx/lib\libpic32.a(vector3.o)
                0x000000009d000260                __vector_dispatch_3
                0x0000000000000001                ASSERT (((_vector_spacing == 0x0) || (SIZEOF (.vector_3) <= (_vector_spacing << 0x5))), function at exception vector 3 too large)

.vector_4       0x000000009d000280        0x8
 *(.vector_4)
 .vector_4      0x000000009d000280        0x8 build/default/production/src/Interrupts.o
                0x000000009d000280                __vector_dispatch_4
                0x0000000000000001                ASSERT (((_vector_spacing == 0x0) || (SIZEOF (.vector_4) <= (_vector_spacing << 0x5))), function at exception vector 4 too large)

.vector_5       0x000000009d0002a0        0x8
 *(.vector_5)
 .vector_5      0x000000009d0002a0        0x8 c:/program files/microchip/xc32/v4.35/bin/bin/../../lib/gcc/pic32mx/8.3.1/../../../../pic32mx/lib\libpic32.a(vector5.o)
                0x000000009d0002a0                __vector_dispatch_5
                0x0000000000000001                ASSERT (((_vector_spacing == 0x0) || (SIZEOF (.vector_5) <= (_vector_spacing << 0x5))), function at exception vector 5 too large)

.vector_6       0x000000009d0002c0        0x8
 *(.vector_6)
 .vector_6      0x000000009d0002c0        0x8 c:/program files/microchip/xc32/v4.35/bin/bin/../../lib/gcc/pic32mx/8.3.1/../../../../pic32mx/lib\libpic32.a(vector6.o)
                0x000000009d0002c0                __vector_dispatch_6
                0x0000000000000001                ASSERT (((_vector_spacing == 0x0) || (SIZEOF (.vector_6) <= (_vector_spacing << 0x5))), function at exception vector 6 too large)

.vector_7       0x000000009d0002e0        0x8
 *(.vector_7)
 .vector_7      0x000000009d0002e0        0x8 c:/program files/microchip/xc32/v4.35/bin/bin/../../lib/gcc/pic32mx/8.3.1/../../../../pic32mx/lib\libpic32.a(vector7.o)
                0x000000009d0002e0                __vector_dispatch_7
                0x0000000000000001                ASSERT (((_vector_spacing == 0x0) || (SIZEOF (.vector_7) <= (_vector_spacing << 0x5))), function at exception vector 7 too large)

.vector_8       0x000000009d000300        0x8
 *(.vector_8)
 .vector_8      0x000000009d000300        0x8 build/default/production/src/Interrupts.o
                0x000000009d000300                __vector_dispatch_8
                0x0000000000000001                ASSERT (((_vector_spacing == 0x0) || (SIZEOF (.vector_8) <= (_vector_spacing << 0x5))), function at exception vector 8 too large)

.vector_9       0x000000009d000320        0x8
 *(.vector_9)
 .vector_9      0x000000009d000320        0x8 c:/program files/microchip/xc32/v4.35/bin/bin/../../lib/gcc/pic32mx/8.3.1/../../../../pic32mx/lib\libpic32.a(vector9.o)
                0x000000009d000320                __vector_dispatch_9
                0x0000000000000001                ASSERT (((_vector_spacing == 0x0) || (SIZEOF (.vector_9) <= (_vector_spacing << 0x5))), function at exception vector 9 too large)

.vector_10      0x000000009d000340        0x8
 *(.vector_10)
 .vector_10     0x000000009d000340        0x8 c:/program files/microchip/xc32/v4.35/bin/bin/../../lib/gcc/pic32mx/8.3.1/../../../../pic32mx/lib\libpic32.a(vector10.o)
                0x000000009d000340                __vector_dispatch_10
                0x0000000000000001                ASSERT (((_vector_spacing == 0x0) || (SIZEOF (.vector_10) <= (_vector_spacing << 0x5))), function at exception vector 10 too large)

.vector_11      0x000000009d000360        0x8
 *(.vector_11)
 .vector_11     0x000000009d000360        0x8 c:/program files/microchip/xc32/v4.35/bin/bin/../../lib/gcc/pic32mx/8.3.1/../../../../pic32mx/lib\libpic32.a(vector11.o)
                0x000000009d000360                __vector_dispatch_11
                0x0000000000000001                ASSERT (((_vector_spacing == 0x0) || (SIZEOF (.vector_11) <= (_vector_spacing << 0x5))), function at exception vector 11 too large)

.vector_12      0x000000009d000380        0x8
 *(.vector_12)
 .vector_12     0x000000009d000380        0x8 c:/program files/microchip/xc32/v4.35/bin/bin/../../lib/gcc/pic32mx/8.3.1/../../../../pic32mx/lib\libpic32.a(vector12.o)
                0x000000009d000380                __vector_dispatch_12
                0x0000000000000001                ASSERT (((_vector_spacing == 0x0) || (SIZEOF (.vector_12) <= (_vector_spacing << 0x5))), function at exception vector 12 too large)

.vector_13      0x000000009d0003a0        0x8
 *(.vector_13)
 .vector_13     0x000000009d0003a0        0x8 c:/program files/microchip/xc32/v4.35/bin/bin/../../lib/gcc/pic32mx/8.3.1/../../../../pic32mx/lib\libpic32.a(vector13.o)
                0x000000009d0003a0                __vector_dispatch_13
                0x0000000000000001                ASSERT (((_vector_spacing == 0x0) || (SIZEOF (.vector_13) <= (_vector_spacing << 0x5))), function at exception vector 13 too large)

.vector_14      0x000000009d0003c0        0x8
 *(.vector_14)
 .vector_14     0x000000009d0003c0        0x8 c:/program files/microchip/xc32/v4.35/bin/bin/../../lib/gcc/pic32mx/8.3.1/../../../../pic32mx/lib\libpic32.a(vector14.o)
                0x000000009d0003c0                __vector_dispatch_14
                0x0000000000000001                ASSERT (((_vector_spacing == 0x0) || (SIZEOF (.vector_14) <= (_vector_spacing << 0x5))), function at exception vector 14 too large)

.vector_15      0x000000009d0003e0        0x8
 *(.vector_15)
 .vector_15     0x000000009d0003e0        0x8 c:/program files/microchip/xc32/v4.35/bin/bin/../../lib/gcc/pic32mx/8.3.1/../../../../pic32mx/lib\libpic32.a(vector15.o)
                0x000000009d0003e0                __vector_dispatch_15
                0x0000000000000001                ASSERT (((_vector_spacing == 0x0) || (SIZEOF (.vector_15) <= (_vector_spacing << 0x5))), function at exception vector 15 too large)

.vector_16      0x000000009d000400        0x8
 *(.vector_16)
 .vector_16     0x000000009d000400        0x8 c:/program files/microchip/xc32/v4.35/bin/bin/../../lib/gcc/pic32mx/8.3.1/../../../../pic32mx/lib\libpic32.a(vector16.o)
                0x000000009d000400                __vector_dispatch_16
                0x0000000000000001                ASSERT (((_vector_spacing == 0x0) || (SIZEOF (.vector_16) <= (_vector_spacing << 0x5))), function at exception vector 16 too large)

.vector_17      0x000000009d000420        0x8
 *(.vector_17)
 .vector_17     0x000000009d000420        0x8 c:/program files/microchip/xc32/v4.35/bin/bin/../../lib/gcc/pic32mx/8.3.1/../../../../pic32mx/lib\libpic32.a(vector17.o)
                0x000000009d000420                __vector_dispatch_17
                0x0000000000000001                ASSERT (((_vector_spacing == 0x0) || (SIZEOF (.vector_17) <= (_vector_spacing << 0x5))), function at exception vector 17 too large)

.vector_18      0x000000009d000440        0x8
 *(.vector_18)
 .vector_18     0x000000009d000440        0x8 c:/program files/microchip/xc32/v4.35/bin/bin/../../lib/gcc/pic32mx/8.3.1/../../../../pic32mx/lib\libpic32.a(vector18.o)
                0x000000009d000440                __vector_dispatch_18
                0x0000000000000001                ASSERT (((_vector_spacing == 0x0) || (SIZEOF (.vector_18) <= (_vector_spacing << 0x5))), function at exception vector 18 too large)

.vector_19      0x000000009d000460        0x8
 *(.vector_19)
 .vector_19     0x000000009d000460        0x8 build/default/production/src/Interrupts.o
                0x000000009d000460                __vector_dispatch_19
                0x0000000000000001                ASSERT (((_vector_spacing == 0x0) || (SIZEOF (.vector_19) <= (_vector_spacing << 0x5))), function at exception vector 19 too large)

.vector_20      0x000000009d000480        0x8
 *(.vector_20)
 .vector_20     0x000000009d000480        0x8 c:/program files/microchip/xc32/v4.35/bin/bin/../../lib/gcc/pic32mx/8.3.1/../../../../pic32mx/lib\libpic32.a(vector20.o)
                0x000000009d000480                __vector_dispatch_20
                0x0000000000000001                ASSERT (((_vector_spacing == 0x0) || (SIZEOF (.vector_20) <= (_vector_spacing << 0x5))), function at exception vector 20 too large)

.vector_21      0x000000009d0004a0        0x8
 *(.vector_21)
 .vector_21     0x000000009d0004a0        0x8 c:/program files/microchip/xc32/v4.35/bin/bin/../../lib/gcc/pic32mx/8.3.1/../../../../pic32mx/lib\libpic32.a(vector21.o)
                0x000000009d0004a0                __vector_dispatch_21
                0x0000000000000001                ASSERT (((_vector_spacing == 0x0) || (SIZEOF (.vector_21) <= (_vector_spacing << 0x5))), function at exception vector 21 too large)

.vector_22      0x000000009d0004c0        0x8
 *(.vector_22)
 .vector_22     0x000000009d0004c0        0x8 c:/program files/microchip/xc32/v4.35/bin/bin/../../lib/gcc/pic32mx/8.3.1/../../../../pic32mx/lib\libpic32.a(vector22.o)
                0x000000009d0004c0                __vector_dispatch_22
                0x0000000000000001                ASSERT (((_vector_spacing == 0x0) || (SIZEOF (.vector_22) <= (_vector_spacing << 0x5))), function at exception vector 22 too large)

.vector_23      0x000000009d0004e0        0x8
 *(.vector_23)
 .vector_23     0x000000009d0004e0        0x8 c:/program files/microchip/xc32/v4.35/bin/bin/../../lib/gcc/pic32mx/8.3.1/../../../../pic32mx/lib\libpic32.a(vector23.o)
                0x000000009d0004e0                __vector_dispatch_23
                0x0000000000000001                ASSERT (((_vector_spacing == 0x0) || (SIZEOF (.vector_23) <= (_vector_spacing << 0x5))), function at exception vector 23 too large)

.vector_24      0x000000009d000500        0x8
 *(.vector_24)
 .vector_24     0x000000009d000500        0x8 c:/program files/microchip/xc32/v4.35/bin/bin/../../lib/gcc/pic32mx/8.3.1/../../../../pic32mx/lib\libpic32.a(vector24.o)
                0x000000009d000500                __vector_dispatch_24
                0x0000000000000001                ASSERT (((_vector_spacing == 0x0) || (SIZEOF (.vector_24) <= (_vector_spacing << 0x5))), function at exception vector 24 too large)

.vector_25      0x000000009d000520        0x8
 *(.vector_25)
 .vector_25     0x000000009d000520        0x8 build/default/production/src/Interrupts.o
                0x000000009d000520                __vector_dispatch_25
                0x0000000000000001                ASSERT (((_vector_spacing == 0x0) || (SIZEOF (.vector_25) <= (_vector_spacing << 0x5))), function at exception vector 25 too large)

.vector_26      0x000000009d000540        0x8
 *(.vector_26)
 .vector_26     0x000000009d000540        0x8 c:/program files/microchip/xc32/v4.35/bin/bin/../../lib/gcc/pic32mx/8.3.1/../../../../pic32mx/lib\libpic32.a(vector26.o)
                0x000000009d000540                __vector_dispatch_26
                0x0000000000000001                ASSERT (((_vector_spacing == 0x0) || (SIZEOF (.vector_26) <= (_vector_spacing << 0x5))), function at exception vector 26 too large)

.vector_27      0x000000009d000560        0x8
 *(.vector_27)
 .vector_27     0x000000009d000560        0x8 c:/program files/microchip/xc32/v4.35/bin/bin/../../lib/gcc/pic32mx/8.3.1/../../../../pic32mx/lib\libpic32.a(vector27.o)
                0x000000009d000560                __vector_dispatch_27
                0x0000000000000001                ASSERT (((_vector_spacing == 0x0) || (SIZEOF (.vector_27) <= (_vector_spacing << 0x5))), function at exception vector 27 too large)

.vector_28      0x000000009d000580        0x8
 *(.vector_28)
 .vector_28     0x000000009d000580        0x8 c:/program files/microchip/xc32/v4.35/bin/bin/../../lib/gcc/pic32mx/8.3.1/../../../../pic32mx/lib\libpic32.a(vector28.o)
                0x000000009d000580                __vector_dispatch_28
                0x0000000000000001                ASSERT (((_vector_spacing == 0x0) || (SIZEOF (.vector_28) <= (_vector_spacing << 0x5))), function at exception vector 28 too large)

.vector_29      0x000000009d0005a0        0x8
 *(.vector_29)
 .vector_29     0x000000009d0005a0        0x8 c:/program files/microchip/xc32/v4.35/bin/bin/../../lib/gcc/pic32mx/8.3.1/../../../../pic32mx/lib\libpic32.a(vector29.o)
                0x000000009d0005a0                __vector_dispatch_29
                0x0000000000000001                ASSERT (((_vector_spacing == 0x0) || (SIZEOF (.vector_29) <= (_vector_spacing << 0x5))), function at exception vector 29 too large)

.vector_30      0x000000009d0005c0        0x8
 *(.vector_30)
 .vector_30     0x000000009d0005c0        0x8 c:/program files/microchip/xc32/v4.35/bin/bin/../../lib/gcc/pic32mx/8.3.1/../../../../pic32mx/lib\libpic32.a(vector30.o)
                0x000000009d0005c0                __vector_dispatch_30
                0x0000000000000001                ASSERT (((_vector_spacing == 0x0) || (SIZEOF (.vector_30) <= (_vector_spacing << 0x5))), function at exception vector 30 too large)

.vector_31      0x000000009d0005e0        0x8
 *(.vector_31)
 .vector_31     0x000000009d0005e0        0x8 c:/program files/microchip/xc32/v4.35/bin/bin/../../lib/gcc/pic32mx/8.3.1/../../../../pic32mx/lib\libpic32.a(vector31.o)
                0x000000009d0005e0                __vector_dispatch_31
                0x0000000000000001                ASSERT (((_vector_spacing == 0x0) || (SIZEOF (.vector_31) <= (_vector_spacing << 0x5))), function at exception vector 31 too large)

.vector_32      0x000000009d000600        0x8
 *(.vector_32)
 .vector_32     0x000000009d000600        0x8 c:/program files/microchip/xc32/v4.35/bin/bin/../../lib/gcc/pic32mx/8.3.1/../../../../pic32mx/lib\libpic32.a(vector32.o)
                0x000000009d000600                __vector_dispatch_32
                0x0000000000000001                ASSERT (((_vector_spacing == 0x0) || (SIZEOF (.vector_32) <= (_vector_spacing << 0x5))), function at exception vector 32 too large)

.vector_33      0x000000009d000620        0x8
 *(.vector_33)
 .vector_33     0x000000009d000620        0x8 c:/program files/microchip/xc32/v4.35/bin/bin/../../lib/gcc/pic32mx/8.3.1/../../../../pic32mx/lib\libpic32.a(vector33.o)
                0x000000009d000620                __vector_dispatch_33
                0x0000000000000001                ASSERT (((_vector_spacing == 0x0) || (SIZEOF (.vector_33) <= (_vector_spacing << 0x5))), function at exception vector 33 too large)

.vector_34      0x000000009d000640        0x8
 *(.vector_34)
 .vector_34     0x000000009d000640        0x8 build/default/production/src/Interrupts.o
                0x000000009d000640                __vector_dispatch_34
                0x0000000000000001                ASSERT (((_vector_spacing == 0x0) || (SIZEOF (.vector_34) <= (_vector_spacing << 0x5))), function at exception vector 34 too large)

.vector_35      0x000000009d000660        0x8
 *(.vector_35)
 .vector_35     0x000000009d000660        0x8 c:/program files/microchip/xc32/v4.35/bin/bin/../../lib/gcc/pic32mx/8.3.1/../../../../pic32mx/lib\libpic32.a(vector35.o)
                0x000000009d000660                __vector_dispatch_35
                0x0000000000000001                ASSERT (((_vector_spacing == 0x0) || (SIZEOF (.vector_35) <= (_vector_spacing << 0x5))), function at exception vector 35 too large)

.vector_36      0x000000009d000680        0x8
 *(.vector_36)
 .vector_36     0x000000009d000680        0x8 c:/program files/microchip/xc32/v4.35/bin/bin/../../lib/gcc/pic32mx/8.3.1/../../../../pic32mx/lib\libpic32.a(vector36.o)
                0x000000009d000680                __vector_dispatch_36
                0x0000000000000001                ASSERT (((_vector_spacing == 0x0) || (SIZEOF (.vector_36) <= (_vector_spacing << 0x5))), function at exception vector 36 too large)

.vector_37      0x000000009d0006a0        0x8
 *(.vector_37)
 .vector_37     0x000000009d0006a0        0x8 c:/program files/microchip/xc32/v4.35/bin/bin/../../lib/gcc/pic32mx/8.3.1/../../../../pic32mx/lib\libpic32.a(vector37.o)
                0x000000009d0006a0                __vector_dispatch_37
                0x0000000000000001                ASSERT (((_vector_spacing == 0x0) || (SIZEOF (.vector_37) <= (_vector_spacing << 0x5))), function at exception vector 37 too large)

.vector_38      0x000000009d0006c0        0x8
 *(.vector_38)
 .vector_38     0x000000009d0006c0        0x8 c:/program files/microchip/xc32/v4.35/bin/bin/../../lib/gcc/pic32mx/8.3.1/../../../../pic32mx/lib\libpic32.a(vector38.o)
                0x000000009d0006c0                __vector_dispatch_38
                0x0000000000000001                ASSERT (((_vector_spacing == 0x0) || (SIZEOF (.vector_38) <= (_vector_spacing << 0x5))), function at exception vector 38 too large)

.vector_39      0x000000009d0006e0        0x8
 *(.vector_39)
 .vector_39     0x000000009d0006e0        0x8 c:/program files/microchip/xc32/v4.35/bin/bin/../../lib/gcc/pic32mx/8.3.1/../../../../pic32mx/lib\libpic32.a(vector39.o)
                0x000000009d0006e0                __vector_dispatch_39
                0x0000000000000001                ASSERT (((_vector_spacing == 0x0) || (SIZEOF (.vector_39) <= (_vector_spacing << 0x5))), function at exception vector 39 too large)

.vector_40      0x000000009d000700        0x8
 *(.vector_40)
 .vector_40     0x000000009d000700        0x8 c:/program files/microchip/xc32/v4.35/bin/bin/../../lib/gcc/pic32mx/8.3.1/../../../../pic32mx/lib\libpic32.a(vector40.o)
                0x000000009d000700                __vector_dispatch_40
                0x0000000000000001                ASSERT (((_vector_spacing == 0x0) || (SIZEOF (.vector_40) <= (_vector_spacing << 0x5))), function at exception vector 40 too large)

.vector_41      0x000000009d000720        0x8
 *(.vector_41)
 .vector_41     0x000000009d000720        0x8 c:/program files/microchip/xc32/v4.35/bin/bin/../../lib/gcc/pic32mx/8.3.1/../../../../pic32mx/lib\libpic32.a(vector41.o)
                0x000000009d000720                __vector_dispatch_41
                0x0000000000000001                ASSERT (((_vector_spacing == 0x0) || (SIZEOF (.vector_41) <= (_vector_spacing << 0x5))), function at exception vector 41 too large)

.vector_42      0x000000009d000740        0x8
 *(.vector_42)
 .vector_42     0x000000009d000740        0x8 build/default/production/src/Interrupts.o
                0x000000009d000740                __vector_dispatch_42
                0x0000000000000001                ASSERT (((_vector_spacing == 0x0) || (SIZEOF (.vector_42) <= (_vector_spacing << 0x5))), function at exception vector 42 too large)

.vector_43      0x000000009d000760        0x8
 *(.vector_43)
 .vector_43     0x000000009d000760        0x8 c:/program files/microchip/xc32/v4.35/bin/bin/../../lib/gcc/pic32mx/8.3.1/../../../../pic32mx/lib\libpic32.a(vector43.o)
                0x000000009d000760                __vector_dispatch_43
                0x0000000000000001                ASSERT (((_vector_spacing == 0x0) || (SIZEOF (.vector_43) <= (_vector_spacing << 0x5))), function at exception vector 43 too large)

.startup
 *(.startup)

.text           0x000000009d000780        0x0
 *(.stub .gnu.linkonce.t.*)
 *(.text.*personality*)
 *(.mips16.fn.*)
 *(.mips16.call.*)
 *(.gnu.warning)
                0x000000009d000780                . = ALIGN (0x4)

.init           0x000000009d000780        0x0
 *crti.o(.init)
 *crtbegin.o(.init)
 *(EXCLUDE_FILE(*crtn.o *crtend?.o *crtend.o) .init)
 *crtend.o(.init)
 *crtn.o(.init)
                0x000000009d000780                . = ALIGN (0x4)

.fini           0x000000009d000780        0x0
 *(.fini)
                0x000000009d000780                . = ALIGN (0x4)

.preinit_array  0x000000009d000780        0x0
                [!provide]                        PROVIDE (__preinit_array_start = .)
 *(.preinit_array)
                [!provide]                        PROVIDE (__preinit_array_end = .)
                0x000000009d000780                . = ALIGN (0x4)

.init_array     0x000000009d000780        0x0
                [!provide]                        PROVIDE (__init_array_start = .)
 *(SORT_BY_NAME(.init_array.*))
 *(.init_array)
                [!provide]                        PROVIDE (__init_array_end = .)
                0x000000009d000780                . = ALIGN (0x4)

.fini_array     0x000000009d000780        0x0
                [!provide]                        PROVIDE (__fini_array_start = .)
 *(SORT_BY_NAME(.fini_array.*))
 *(.fini_array)
                [!provide]                        PROVIDE (__fini_array_end = .)
                0x000000009d000780                . = ALIGN (0x4)

.ctors          0x000000009d000780        0x0
 *crtbegin.o(.ctors)
 *crtbegin?.o(.ctors)
 *(EXCLUDE_FILE(*crtend?.o *crtend.o) .ctors)
 *(SORT_BY_NAME(.ctors.*))
 *(.ctors)
                0x000000009d000780                . = ALIGN (0x4)

.dtors          0x000000009d000780        0x0
 *crtbegin.o(.dtors)
 *crtbegin?.o(.dtors)
 *(EXCLUDE_FILE(*crtend?.o *crtend.o) .dtors)
 *(SORT_BY_NAME(.dtors.*))
 *(.dtors)
                0x000000009d000780                . = ALIGN (0x4)

.rodata         0x000000009d000780        0x0
 *(.gnu.linkonce.r.*)
 *(.rodata1)
                0x000000009d000780                . = ALIGN (0x4)

.sdata2         0x000000009d000780        0x0
 *(.sdata2 .sdata2.* .gnu.linkonce.s2.*)
                0x000000009d000780                . = ALIGN (0x4)

.sbss2          0x000000009d000780        0x0
 *(.sbss2 .sbss2.* .gnu.linkonce.sb2.*)
                0x000000009d000780                . = ALIGN (0x4)

.eh_frame_hdr
 *(.eh_frame_hdr)
                0x000000009d000780                . = ALIGN (0x4)

.eh_frame
 *(.eh_frame)
                0x000000009d000780                . = ALIGN (0x4)

.gcc_except_table
 *(.gcc_except_table .gcc_except_table.*)
                0x000000009d000780                . = ALIGN (0x4)

.dbg_data       0x00000000a0000000        0x0
                0x00000000a0000000                . = (. + DEFINED (_DEBUGGER)?0x200:0x0)

.jcr            0x00000000a0000000        0x0
 *(.jcr)
                0x00000000a0000000                . = ALIGN (0x4)

.eh_frame
 *(.eh_frame)
                0x00000000a0000000                . = ALIGN (0x4)

.gcc_except_table
 *(.gcc_except_table .gcc_except_table.*)
                0x00000000a0000000                . = ALIGN (0x4)

.persist        0x00000000a0000000        0x0
                0x00000000a0000000                _persist_begin = .
 *(.persist .persist.*)
                0x00000000a0000000                . = ALIGN (0x4)
                0x00000000a0000000                _persist_end = .

.data           0x00000000a0000000        0x0
 *(.gnu.linkonce.d.*)
 *(.data1)
                0x00000000a0000000                . = ALIGN (0x4)
                0x00000000a0000000                . = .
                0x00000000a0007ff0                _gp = (ALIGN (0x10) + 0x7ff0)

.got            0x00000000a0000000        0x0
 *(.got.plt)
 *(.got)
                0x00000000a0000000                . = ALIGN (0x4)

.sdata          0x00000000a0000000        0x0
                0x00000000a0000000                _sdata_begin = .
 *(.sdata .sdata.* .gnu.linkonce.s.*)
                0x00000000a0000000                . = ALIGN (0x4)
                0x00000000a0000000                _sdata_end = .

.lit8
 *(.lit8)

.lit4
 *(.lit4)
                0x00000000a0000000                . = ALIGN (0x4)
                0x00000000a0000000                _data_end = .
                0x00000000a0000000                _bss_begin = .

.sbss           0x00000000a0000000       0x20
                0x00000000a0000000                _sbss_begin = .
 *(.dynsbss)
 *(.sbss .sbss.* .gnu.linkonce.sb.*)
 .sbss          0x00000000a0000000       0x1e build/default/production/src/drv/DPS368.o
                0x00000000a0000000                presScalingFactorDPS368
                0x00000000a0000004                tempScalingFactorDPS368
                0x00000000a0000008                dps368Cal_c0
                0x00000000a000000a                dps368Cal_c1
                0x00000000a000000c                dps368Cal_c00
                0x00000000a0000010                dps368Cal_c10
                0x00000000a0000014                dps368Cal_c01
                0x00000000a0000016                dps368Cal_c11
                0x00000000a0000018                dps368Cal_c20
                0x00000000a000001a                dps368Cal_c21
                0x00000000a000001c                dps368Cal_c30
 *(.scommon)
                0x00000000a000001e                _sbss_end = .
                0x00000000a0000020                . = ALIGN (0x4)
 *fill*         0x00000000a000001e        0x2 

.bss            0x00000000a0000020        0x0
 *(.dynbss)
 *(COMMON)
                0x00000000a0000020                . = ALIGN ((. != 0x0)?0x4:0x1)
                0x00000000a0000020                . = ALIGN (0x4)
                0x00000000a0000020                _end = .
                0x00000000a0000020                _bss_end = .
                0x0000000000002000                _bmxdudba_address = LENGTH (kseg1_data_mem)
                0x0000000000002000                _bmxdupba_address = LENGTH (kseg1_data_mem)

/DISCARD/
 *(.pdr)
 *(.rel.dyn)
 *(.note.GNU-stack)
 *(.note.GNU-stack)
 *(.gnu_debuglink)
 *(.gnu.lto_*)
 *(.discard)

.gptab.sdata
 *(.gptab.data)
 *(.gptab.sdata)

.gptab.sbss
 *(.gptab.bss)
 *(.gptab.sbss)

.mdebug.abi32   0x0000000000000000        0x0
 *(.mdebug.abi32)
 .mdebug.abi32  0x0000000000000000        0x0 build/default/production/src/Main.o
 .mdebug.abi32  0x0000000000000000        0x0 build/default/production/src/drv/HAL.o
 .mdebug.abi32  0x0000000000000000        0x0 build/default/production/src/drv/SHT4x.o
 .mdebug.abi32  0x0000000000000000        0x0 build/default/production/src/Interrupts.o
 .mdebug.abi32  0x0000000000000000        0x0 build/default/production/src/drv/DPS368.o
 .mdebug.abi32  0x0000000000000000        0x0 c:/program files/microchip/xc32/v4.35/bin/bin/../../lib/gcc/pic32mx/8.3.1\libgcc.a(floatunsisf.o)
 .mdebug.abi32  0x0000000000000000        0x0 c:/program files/microchip/xc32/v4.35/bin/bin/../../lib/gcc/pic32mx/8.3.1/../../../../pic32mx/lib\libpic32.a(default-bootstrap-exception-handler.o)
 .mdebug.abi32  0x0000000000000000        0x0 c:/program files/microchip/xc32/v4.35/bin/bin/../../lib/gcc/pic32mx/8.3.1/../../../../pic32mx/lib\libpic32.a(default-on-reset.o)
 .mdebug.abi32  0x0000000000000000        0x0 c:/program files/microchip/xc32/v4.35/bin/bin/../../lib/gcc/pic32mx/8.3.1/../../../../pic32mx/lib\libpic32.a(default-on-bootstrap.o)
 .mdebug.abi32  0x0000000000000000        0x0 c:/program files/microchip/xc32/v4.35/bin/bin/../../lib/gcc/pic32mx/8.3.1/../../../../pic32mx/lib\libpic32.a(default-general-exception-handler.o)
 .mdebug.abi32  0x0000000000000000        0x0 c:/program files/microchip/xc32/v4.35/bin/bin/../../lib/gcc/pic32mx/8.3.1/../../../../pic32mx/lib\libpic32.a(defaultinterrupt.o)

.mdebug.abiN32
 *(.mdebug.abiN32)

.mdebug.abi64
 *(.mdebug.abi64)

.mdebug.abiO64
 *(.mdebug.abiO64)

.mdebug.eabi32
 *(.mdebug.eabi32)

.mdebug.eabi64
 *(.mdebug.eabi64)

.gcc_compiled_long32
 *(.gcc_compiled_long32)

.gcc_compiled_long64
 *(.gcc_compiled_long64)

.stab
 *(.stab)

.stabstr
 *(.stabstr)

.stab.excl
 *(.stab.excl)

.stab.exclstr
 *(.stab.exclstr)

.stab.index
 *(.stab.index)

.stab.indexstr
 *(.stab.indexstr)

.comment        0x0000000000000000       0x2b
 *(.comment)
 .comment       0x0000000000000000       0x2b build/default/production/src/Main.o
                                         0x2c (size before relaxing)
 .comment       0x000000000000002b       0x2c build/default/production/src/drv/HAL.o
 .comment       0x000000000000002b       0x2c build/default/production/src/drv/SHT4x.o
 .comment       0x000000000000002b       0x2c build/default/production/src/Interrupts.o
 .comment       0x000000000000002b       0x2c build/default/production/src/drv/DPS368.o
 .comment       0x000000000000002b       0x2c c:/program files/microchip/xc32/v4.35/bin/bin/../../lib/gcc/pic32mx/8.3.1\libgcc.a(floatunsisf.o)
 .comment       0x000000000000002b       0x2c c:/program files/microchip/xc32/v4.35/bin/bin/../../lib/gcc/pic32mx/8.3.1/../../../../pic32mx/lib\libpic32.a(default-bootstrap-exception-handler.o)
 .comment       0x000000000000002b       0x2c c:/program files/microchip/xc32/v4.35/bin/bin/../../lib/gcc/pic32mx/8.3.1/../../../../pic32mx/lib\libpic32.a(default-on-reset.o)
 .comment       0x000000000000002b       0x2c c:/program files/microchip/xc32/v4.35/bin/bin/../../lib/gcc/pic32mx/8.3.1/../../../../pic32mx/lib\libpic32.a(default-on-bootstrap.o)
 .comment       0x000000000000002b       0x2c c:/program files/microchip/xc32/v4.35/bin/bin/../../lib/gcc/pic32mx/8.3.1/../../../../pic32mx/lib\libpic32.a(default-general-exception-handler.o)
 .comment       0x000000000000002b       0x2c c:/program files/microchip/xc32/v4.35/bin/bin/../../lib/gcc/pic32mx/8.3.1/../../../../pic32mx/lib\libpic32.a(defaultinterrupt.o)

.debug
 *.elf(.debug)
 *(.debug)

.line
 *.elf(.line)
 *(.line)

.debug_srcinfo
 *.elf(.debug_srcinfo)
 *(.debug_srcinfo)

.debug_sfnames
 *.elf(.debug_sfnames)
 *(.debug_sfnames)

.debug_aranges  0x0000000000000000      0x160
 *.elf(.debug_aranges)
 *(.debug_aranges)
 .debug_aranges
                0x0000000000000000       0x20 build/default/production/src/Main.o
 .debug_aranges
                0x0000000000000020       0x20 build/default/production/src/drv/HAL.o
 .debug_aranges
                0x0000000000000040       0x20 build/default/production/src/drv/SHT4x.o
 .debug_aranges
                0x0000000000000060       0x20 build/default/production/src/Interrupts.o
 .debug_aranges
                0x0000000000000080       0x20 build/default/production/src/drv/DPS368.o
 .debug_aranges
                0x00000000000000a0       0x20 c:/program files/microchip/xc32/v4.35/bin/bin/../../lib/gcc/pic32mx/8.3.1\libgcc.a(floatunsisf.o)
 .debug_aranges
                0x00000000000000c0       0x20 c:/program files/microchip/xc32/v4.35/bin/bin/../../lib/gcc/pic32mx/8.3.1/../../../../pic32mx/lib\libpic32.a(default-bootstrap-exception-handler.o)
 .debug_aranges
                0x00000000000000e0       0x20 c:/program files/microchip/xc32/v4.35/bin/bin/../../lib/gcc/pic32mx/8.3.1/../../../../pic32mx/lib\libpic32.a(default-on-reset.o)
 .debug_aranges
                0x0000000000000100       0x20 c:/program files/microchip/xc32/v4.35/bin/bin/../../lib/gcc/pic32mx/8.3.1/../../../../pic32mx/lib\libpic32.a(default-on-bootstrap.o)
 .debug_aranges
                0x0000000000000120       0x20 c:/program files/microchip/xc32/v4.35/bin/bin/../../lib/gcc/pic32mx/8.3.1/../../../../pic32mx/lib\libpic32.a(default-general-exception-handler.o)
 .debug_aranges
                0x0000000000000140       0x20 c:/program files/microchip/xc32/v4.35/bin/bin/../../lib/gcc/pic32mx/8.3.1/../../../../pic32mx/lib\libpic32.a(defaultinterrupt.o)

.debug_pubnames
 *.elf(.debug_pubnames)
 *(.debug_pubnames)

.debug_info     0x0000000000000000     0x172c
 *.elf(.debug_info .gnu.linkonce.wi.*)
 *(.debug_info .gnu.linkonce.wi.*)
 .debug_info    0x0000000000000000      0x591 build/default/production/src/Main.o
 .debug_info    0x0000000000000591      0x3bf build/default/production/src/drv/HAL.o
 .debug_info    0x0000000000000950      0x21c build/default/production/src/drv/SHT4x.o
 .debug_info    0x0000000000000b6c      0x309 build/default/production/src/Interrupts.o
 .debug_info    0x0000000000000e75      0x6da build/default/production/src/drv/DPS368.o
 .debug_info    0x000000000000154f       0x9d c:/program files/microchip/xc32/v4.35/bin/bin/../../lib/gcc/pic32mx/8.3.1\libgcc.a(floatunsisf.o)
 .debug_info    0x00000000000015ec       0x41 c:/program files/microchip/xc32/v4.35/bin/bin/../../lib/gcc/pic32mx/8.3.1/../../../../pic32mx/lib\libpic32.a(default-bootstrap-exception-handler.o)
 .debug_info    0x000000000000162d       0x3f c:/program files/microchip/xc32/v4.35/bin/bin/../../lib/gcc/pic32mx/8.3.1/../../../../pic32mx/lib\libpic32.a(default-on-reset.o)
 .debug_info    0x000000000000166c       0x3f c:/program files/microchip/xc32/v4.35/bin/bin/../../lib/gcc/pic32mx/8.3.1/../../../../pic32mx/lib\libpic32.a(default-on-bootstrap.o)
 .debug_info    0x00000000000016ab       0x41 c:/program files/microchip/xc32/v4.35/bin/bin/../../lib/gcc/pic32mx/8.3.1/../../../../pic32mx/lib\libpic32.a(default-general-exception-handler.o)
 .debug_info    0x00000000000016ec       0x40 c:/program files/microchip/xc32/v4.35/bin/bin/../../lib/gcc/pic32mx/8.3.1/../../../../pic32mx/lib\libpic32.a(defaultinterrupt.o)

.debug_abbrev   0x0000000000000000      0x6de
 *.elf(.debug_abbrev)
 *(.debug_abbrev)
 .debug_abbrev  0x0000000000000000      0x145 build/default/production/src/Main.o
 .debug_abbrev  0x0000000000000145      0x138 build/default/production/src/drv/HAL.o
 .debug_abbrev  0x000000000000027d       0xe2 build/default/production/src/drv/SHT4x.o
 .debug_abbrev  0x000000000000035f       0xd4 build/default/production/src/Interrupts.o
 .debug_abbrev  0x0000000000000433      0x13f build/default/production/src/drv/DPS368.o
 .debug_abbrev  0x0000000000000572       0x7d c:/program files/microchip/xc32/v4.35/bin/bin/../../lib/gcc/pic32mx/8.3.1\libgcc.a(floatunsisf.o)
 .debug_abbrev  0x00000000000005ef       0x31 c:/program files/microchip/xc32/v4.35/bin/bin/../../lib/gcc/pic32mx/8.3.1/../../../../pic32mx/lib\libpic32.a(default-bootstrap-exception-handler.o)
 .debug_abbrev  0x0000000000000620       0x2e c:/program files/microchip/xc32/v4.35/bin/bin/../../lib/gcc/pic32mx/8.3.1/../../../../pic32mx/lib\libpic32.a(default-on-reset.o)
 .debug_abbrev  0x000000000000064e       0x2e c:/program files/microchip/xc32/v4.35/bin/bin/../../lib/gcc/pic32mx/8.3.1/../../../../pic32mx/lib\libpic32.a(default-on-bootstrap.o)
 .debug_abbrev  0x000000000000067c       0x31 c:/program files/microchip/xc32/v4.35/bin/bin/../../lib/gcc/pic32mx/8.3.1/../../../../pic32mx/lib\libpic32.a(default-general-exception-handler.o)
 .debug_abbrev  0x00000000000006ad       0x31 c:/program files/microchip/xc32/v4.35/bin/bin/../../lib/gcc/pic32mx/8.3.1/../../../../pic32mx/lib\libpic32.a(defaultinterrupt.o)

.debug_line     0x0000000000000000     0x122a
 *.elf(.debug_line)
 *(.debug_line)
 .debug_line    0x0000000000000000      0x36c build/default/production/src/Main.o
 .debug_line    0x000000000000036c      0x311 build/default/production/src/drv/HAL.o
 .debug_line    0x000000000000067d      0x177 build/default/production/src/drv/SHT4x.o
 .debug_line    0x00000000000007f4      0x1da build/default/production/src/Interrupts.o
 .debug_line    0x00000000000009ce      0x3f5 build/default/production/src/drv/DPS368.o
 .debug_line    0x0000000000000dc3       0xb2 c:/program files/microchip/xc32/v4.35/bin/bin/../../lib/gcc/pic32mx/8.3.1\libgcc.a(floatunsisf.o)
 .debug_line    0x0000000000000e75       0xcc c:/program files/microchip/xc32/v4.35/bin/bin/../../lib/gcc/pic32mx/8.3.1/../../../../pic32mx/lib\libpic32.a(default-bootstrap-exception-handler.o)
 .debug_line    0x0000000000000f41       0xa8 c:/program files/microchip/xc32/v4.35/bin/bin/../../lib/gcc/pic32mx/8.3.1/../../../../pic32mx/lib\libpic32.a(default-on-reset.o)
 .debug_line    0x0000000000000fe9       0xac c:/program files/microchip/xc32/v4.35/bin/bin/../../lib/gcc/pic32mx/8.3.1/../../../../pic32mx/lib\libpic32.a(default-on-bootstrap.o)
 .debug_line    0x0000000000001095       0xca c:/program files/microchip/xc32/v4.35/bin/bin/../../lib/gcc/pic32mx/8.3.1/../../../../pic32mx/lib\libpic32.a(default-general-exception-handler.o)
 .debug_line    0x000000000000115f       0xcb c:/program files/microchip/xc32/v4.35/bin/bin/../../lib/gcc/pic32mx/8.3.1/../../../../pic32mx/lib\libpic32.a(defaultinterrupt.o)

.debug_frame    0x0000000000000000      0x678
 *.elf(.debug_frame)
 *(.debug_frame)
 .debug_frame   0x0000000000000000       0x74 build/default/production/src/Main.o
 .debug_frame   0x0000000000000074       0xd8 build/default/production/src/drv/HAL.o
 .debug_frame   0x000000000000014c       0xc4 build/default/production/src/drv/SHT4x.o
 .debug_frame   0x0000000000000210      0x180 build/default/production/src/Interrupts.o
 .debug_frame   0x0000000000000390      0x204 build/default/production/src/drv/DPS368.o
 .debug_frame   0x0000000000000594       0x2c c:/program files/microchip/xc32/v4.35/bin/bin/../../lib/gcc/pic32mx/8.3.1\libgcc.a(floatunsisf.o)
 .debug_frame   0x00000000000005c0       0x2c c:/program files/microchip/xc32/v4.35/bin/bin/../../lib/gcc/pic32mx/8.3.1/../../../../pic32mx/lib\libpic32.a(default-bootstrap-exception-handler.o)
 .debug_frame   0x00000000000005ec       0x20 c:/program files/microchip/xc32/v4.35/bin/bin/../../lib/gcc/pic32mx/8.3.1/../../../../pic32mx/lib\libpic32.a(default-on-reset.o)
 .debug_frame   0x000000000000060c       0x20 c:/program files/microchip/xc32/v4.35/bin/bin/../../lib/gcc/pic32mx/8.3.1/../../../../pic32mx/lib\libpic32.a(default-on-bootstrap.o)
 .debug_frame   0x000000000000062c       0x2c c:/program files/microchip/xc32/v4.35/bin/bin/../../lib/gcc/pic32mx/8.3.1/../../../../pic32mx/lib\libpic32.a(default-general-exception-handler.o)
 .debug_frame   0x0000000000000658       0x20 c:/program files/microchip/xc32/v4.35/bin/bin/../../lib/gcc/pic32mx/8.3.1/../../../../pic32mx/lib\libpic32.a(defaultinterrupt.o)

.debug_str      0x0000000000000000     0x2fee
 *.elf(.debug_str)
 *(.debug_str)
 .debug_str     0x0000000000000000      0x737 build/default/production/src/Main.o
 .debug_str     0x0000000000000737      0x43e build/default/production/src/drv/HAL.o
 .debug_str     0x0000000000000b75      0x49f build/default/production/src/drv/SHT4x.o
 .debug_str     0x0000000000001014      0x514 build/default/production/src/Interrupts.o
 .debug_str     0x0000000000001528      0x74d build/default/production/src/drv/DPS368.o
 .debug_str     0x0000000000001c75      0x2a7 c:/program files/microchip/xc32/v4.35/bin/bin/../../lib/gcc/pic32mx/8.3.1\libgcc.a(floatunsisf.o)
 .debug_str     0x0000000000001f1c      0x36e c:/program files/microchip/xc32/v4.35/bin/bin/../../lib/gcc/pic32mx/8.3.1/../../../../pic32mx/lib\libpic32.a(default-bootstrap-exception-handler.o)
 .debug_str     0x000000000000228a      0x348 c:/program files/microchip/xc32/v4.35/bin/bin/../../lib/gcc/pic32mx/8.3.1/../../../../pic32mx/lib\libpic32.a(default-on-reset.o)
 .debug_str     0x00000000000025d2      0x350 c:/program files/microchip/xc32/v4.35/bin/bin/../../lib/gcc/pic32mx/8.3.1/../../../../pic32mx/lib\libpic32.a(default-on-bootstrap.o)
 .debug_str     0x0000000000002922      0x36a c:/program files/microchip/xc32/v4.35/bin/bin/../../lib/gcc/pic32mx/8.3.1/../../../../pic32mx/lib\libpic32.a(default-general-exception-handler.o)
 .debug_str     0x0000000000002c8c      0x362 c:/program files/microchip/xc32/v4.35/bin/bin/../../lib/gcc/pic32mx/8.3.1/../../../../pic32mx/lib\libpic32.a(defaultinterrupt.o)

.debug_loc      0x0000000000000000       0xdc
 *.elf(.debug_loc)
 *(.debug_loc)
 .debug_loc     0x0000000000000000       0x84 c:/program files/microchip/xc32/v4.35/bin/bin/../../lib/gcc/pic32mx/8.3.1\libgcc.a(floatunsisf.o)
 .debug_loc     0x0000000000000084       0x2c c:/program files/microchip/xc32/v4.35/bin/bin/../../lib/gcc/pic32mx/8.3.1/../../../../pic32mx/lib\libpic32.a(default-bootstrap-exception-handler.o)
 .debug_loc     0x00000000000000b0       0x2c c:/program files/microchip/xc32/v4.35/bin/bin/../../lib/gcc/pic32mx/8.3.1/../../../../pic32mx/lib\libpic32.a(default-general-exception-handler.o)

.debug_macinfo
 *.elf(.debug_macinfo)
 *(.debug_macinfo)

.debug_weaknames
 *.elf(.debug_weaknames)
 *(.debug_weaknames)

.debug_funcnames
 *.elf(.debug_funcnames)
 *(.debug_funcnames)

.debug_typenames
 *.elf(.debug_typenames)
 *(.debug_typenames)

.debug_varnames
 *.elf(.debug_varnames)
 *(.debug_varnames)

.debug_pubtypes
 *.elf(.debug_pubtypes)
 *(.debug_pubtypes)

.debug_ranges   0x0000000000000000       0x50
 *.elf(.debug_ranges)
 *(.debug_ranges)
 .debug_ranges  0x0000000000000000       0x10 c:/program files/microchip/xc32/v4.35/bin/bin/../../lib/gcc/pic32mx/8.3.1/../../../../pic32mx/lib\libpic32.a(default-bootstrap-exception-handler.o)
 .debug_ranges  0x0000000000000010       0x10 c:/program files/microchip/xc32/v4.35/bin/bin/../../lib/gcc/pic32mx/8.3.1/../../../../pic32mx/lib\libpic32.a(default-on-reset.o)
 .debug_ranges  0x0000000000000020       0x10 c:/program files/microchip/xc32/v4.35/bin/bin/../../lib/gcc/pic32mx/8.3.1/../../../../pic32mx/lib\libpic32.a(default-on-bootstrap.o)
 .debug_ranges  0x0000000000000030       0x10 c:/program files/microchip/xc32/v4.35/bin/bin/../../lib/gcc/pic32mx/8.3.1/../../../../pic32mx/lib\libpic32.a(default-general-exception-handler.o)
 .debug_ranges  0x0000000000000040       0x10 c:/program files/microchip/xc32/v4.35/bin/bin/../../lib/gcc/pic32mx/8.3.1/../../../../pic32mx/lib\libpic32.a(defaultinterrupt.o)

.gnu.attributes
                0x0000000000000000       0x10
 *(.gnu.attributes)
 .gnu.attributes
                0x0000000000000000       0x10 c:/program files/microchip/xc32/v4.35/bin/bin/../../lib/gcc/pic32mx/8.3.1/../../../../pic32mx/lib\debug-exception-return.o
 .gnu.attributes
                0x0000000000000010       0x10 build/default/production/src/Main.o
 .gnu.attributes
                0x0000000000000020       0x10 build/default/production/src/drv/HAL.o
 .gnu.attributes
                0x0000000000000030       0x10 build/default/production/src/drv/SHT4x.o
 .gnu.attributes
                0x0000000000000040       0x10 build/default/production/src/Interrupts.o
 .gnu.attributes
                0x0000000000000050       0x10 build/default/production/src/drv/DPS368.o
 .gnu.attributes
                0x0000000000000060       0x10 C:\Users\Aeryn\AppData\Local\Temp\cc2UZsCm.o
 .gnu.attributes
                0x0000000000000070       0x10 C:\Users\Aeryn\AppData\Local\Temp\ccl16jcJ.o
 .gnu.attributes
                0x0000000000000080       0x10 C:\Users\Aeryn\AppData\Local\Temp\cceAxkng.o
 .gnu.attributes
                0x0000000000000090       0x10 c:/program files/microchip/xc32/v4.35/bin/bin/../../lib/gcc/pic32mx/8.3.1/../../../../pic32mx/lib\pic32_software_reset.o
 .gnu.attributes
                0x00000000000000a0       0x10 c:/program files/microchip/xc32/v4.35/bin/bin/../../lib/gcc/pic32mx/8.3.1\libgcc.a(floatunsisf.o)
 .gnu.attributes
                0x00000000000000b0       0x10 c:/program files/microchip/xc32/v4.35/bin/bin/../../lib/gcc/pic32mx/8.3.1/../../../../pic32mx/lib\libpic32.a(default-bootstrap-exception-handler.o)
 .gnu.attributes
                0x00000000000000c0       0x10 c:/program files/microchip/xc32/v4.35/bin/bin/../../lib/gcc/pic32mx/8.3.1/../../../../pic32mx/lib\libpic32.a(default-on-reset.o)
 .gnu.attributes
                0x00000000000000d0       0x10 c:/program files/microchip/xc32/v4.35/bin/bin/../../lib/gcc/pic32mx/8.3.1/../../../../pic32mx/lib\libpic32.a(default-on-bootstrap.o)
 .gnu.attributes
                0x00000000000000e0       0x10 c:/program files/microchip/xc32/v4.35/bin/bin/../../lib/gcc/pic32mx/8.3.1/../../../../pic32mx/lib\libpic32.a(default-nmi-handler.o)
 .gnu.attributes
                0x00000000000000f0       0x10 c:/program files/microchip/xc32/v4.35/bin/bin/../../lib/gcc/pic32mx/8.3.1/../../../../pic32mx/lib\libpic32.a(pic32_data_init_core.o)
 .gnu.attributes
                0x0000000000000100       0x10 c:/program files/microchip/xc32/v4.35/bin/bin/../../lib/gcc/pic32mx/8.3.1/../../../../pic32mx/lib\libpic32.a(general-exception.o)
 .gnu.attributes
                0x0000000000000110       0x10 c:/program files/microchip/xc32/v4.35/bin/bin/../../lib/gcc/pic32mx/8.3.1/../../../../pic32mx/lib\libpic32.a(vector0.o)
 .gnu.attributes
                0x0000000000000120       0x10 c:/program files/microchip/xc32/v4.35/bin/bin/../../lib/gcc/pic32mx/8.3.1/../../../../pic32mx/lib\libpic32.a(vector1.o)
 .gnu.attributes
                0x0000000000000130       0x10 c:/program files/microchip/xc32/v4.35/bin/bin/../../lib/gcc/pic32mx/8.3.1/../../../../pic32mx/lib\libpic32.a(vector2.o)
 .gnu.attributes
                0x0000000000000140       0x10 c:/program files/microchip/xc32/v4.35/bin/bin/../../lib/gcc/pic32mx/8.3.1/../../../../pic32mx/lib\libpic32.a(vector3.o)
 .gnu.attributes
                0x0000000000000150       0x10 c:/program files/microchip/xc32/v4.35/bin/bin/../../lib/gcc/pic32mx/8.3.1/../../../../pic32mx/lib\libpic32.a(vector5.o)
 .gnu.attributes
                0x0000000000000160       0x10 c:/program files/microchip/xc32/v4.35/bin/bin/../../lib/gcc/pic32mx/8.3.1/../../../../pic32mx/lib\libpic32.a(vector6.o)
 .gnu.attributes
                0x0000000000000170       0x10 c:/program files/microchip/xc32/v4.35/bin/bin/../../lib/gcc/pic32mx/8.3.1/../../../../pic32mx/lib\libpic32.a(vector7.o)
 .gnu.attributes
                0x0000000000000180       0x10 c:/program files/microchip/xc32/v4.35/bin/bin/../../lib/gcc/pic32mx/8.3.1/../../../../pic32mx/lib\libpic32.a(vector9.o)
 .gnu.attributes
                0x0000000000000190       0x10 c:/program files/microchip/xc32/v4.35/bin/bin/../../lib/gcc/pic32mx/8.3.1/../../../../pic32mx/lib\libpic32.a(vector10.o)
 .gnu.attributes
                0x00000000000001a0       0x10 c:/program files/microchip/xc32/v4.35/bin/bin/../../lib/gcc/pic32mx/8.3.1/../../../../pic32mx/lib\libpic32.a(vector11.o)
 .gnu.attributes
                0x00000000000001b0       0x10 c:/program files/microchip/xc32/v4.35/bin/bin/../../lib/gcc/pic32mx/8.3.1/../../../../pic32mx/lib\libpic32.a(vector12.o)
 .gnu.attributes
                0x00000000000001c0       0x10 c:/program files/microchip/xc32/v4.35/bin/bin/../../lib/gcc/pic32mx/8.3.1/../../../../pic32mx/lib\libpic32.a(vector13.o)
 .gnu.attributes
                0x00000000000001d0       0x10 c:/program files/microchip/xc32/v4.35/bin/bin/../../lib/gcc/pic32mx/8.3.1/../../../../pic32mx/lib\libpic32.a(vector14.o)
 .gnu.attributes
                0x00000000000001e0       0x10 c:/program files/microchip/xc32/v4.35/bin/bin/../../lib/gcc/pic32mx/8.3.1/../../../../pic32mx/lib\libpic32.a(vector15.o)
 .gnu.attributes
                0x00000000000001f0       0x10 c:/program files/microchip/xc32/v4.35/bin/bin/../../lib/gcc/pic32mx/8.3.1/../../../../pic32mx/lib\libpic32.a(vector16.o)
 .gnu.attributes
                0x0000000000000200       0x10 c:/program files/microchip/xc32/v4.35/bin/bin/../../lib/gcc/pic32mx/8.3.1/../../../../pic32mx/lib\libpic32.a(vector17.o)
 .gnu.attributes
                0x0000000000000210       0x10 c:/program files/microchip/xc32/v4.35/bin/bin/../../lib/gcc/pic32mx/8.3.1/../../../../pic32mx/lib\libpic32.a(vector18.o)
 .gnu.attributes
                0x0000000000000220       0x10 c:/program files/microchip/xc32/v4.35/bin/bin/../../lib/gcc/pic32mx/8.3.1/../../../../pic32mx/lib\libpic32.a(vector20.o)
 .gnu.attributes
                0x0000000000000230       0x10 c:/program files/microchip/xc32/v4.35/bin/bin/../../lib/gcc/pic32mx/8.3.1/../../../../pic32mx/lib\libpic32.a(vector21.o)
 .gnu.attributes
                0x0000000000000240       0x10 c:/program files/microchip/xc32/v4.35/bin/bin/../../lib/gcc/pic32mx/8.3.1/../../../../pic32mx/lib\libpic32.a(vector22.o)
 .gnu.attributes
                0x0000000000000250       0x10 c:/program files/microchip/xc32/v4.35/bin/bin/../../lib/gcc/pic32mx/8.3.1/../../../../pic32mx/lib\libpic32.a(vector23.o)
 .gnu.attributes
                0x0000000000000260       0x10 c:/program files/microchip/xc32/v4.35/bin/bin/../../lib/gcc/pic32mx/8.3.1/../../../../pic32mx/lib\libpic32.a(vector24.o)
 .gnu.attributes
                0x0000000000000270       0x10 c:/program files/microchip/xc32/v4.35/bin/bin/../../lib/gcc/pic32mx/8.3.1/../../../../pic32mx/lib\libpic32.a(vector26.o)
 .gnu.attributes
                0x0000000000000280       0x10 c:/program files/microchip/xc32/v4.35/bin/bin/../../lib/gcc/pic32mx/8.3.1/../../../../pic32mx/lib\libpic32.a(vector27.o)
 .gnu.attributes
                0x0000000000000290       0x10 c:/program files/microchip/xc32/v4.35/bin/bin/../../lib/gcc/pic32mx/8.3.1/../../../../pic32mx/lib\libpic32.a(vector28.o)
 .gnu.attributes
                0x00000000000002a0       0x10 c:/program files/microchip/xc32/v4.35/bin/bin/../../lib/gcc/pic32mx/8.3.1/../../../../pic32mx/lib\libpic32.a(vector29.o)
 .gnu.attributes
                0x00000000000002b0       0x10 c:/program files/microchip/xc32/v4.35/bin/bin/../../lib/gcc/pic32mx/8.3.1/../../../../pic32mx/lib\libpic32.a(vector30.o)
 .gnu.attributes
                0x00000000000002c0       0x10 c:/program files/microchip/xc32/v4.35/bin/bin/../../lib/gcc/pic32mx/8.3.1/../../../../pic32mx/lib\libpic32.a(vector31.o)
 .gnu.attributes
                0x00000000000002d0       0x10 c:/program files/microchip/xc32/v4.35/bin/bin/../../lib/gcc/pic32mx/8.3.1/../../../../pic32mx/lib\libpic32.a(vector32.o)
 .gnu.attributes
                0x00000000000002e0       0x10 c:/program files/microchip/xc32/v4.35/bin/bin/../../lib/gcc/pic32mx/8.3.1/../../../../pic32mx/lib\libpic32.a(vector33.o)
 .gnu.attributes
                0x00000000000002f0       0x10 c:/program files/microchip/xc32/v4.35/bin/bin/../../lib/gcc/pic32mx/8.3.1/../../../../pic32mx/lib\libpic32.a(vector35.o)
 .gnu.attributes
                0x0000000000000300       0x10 c:/program files/microchip/xc32/v4.35/bin/bin/../../lib/gcc/pic32mx/8.3.1/../../../../pic32mx/lib\libpic32.a(vector36.o)
 .gnu.attributes
                0x0000000000000310       0x10 c:/program files/microchip/xc32/v4.35/bin/bin/../../lib/gcc/pic32mx/8.3.1/../../../../pic32mx/lib\libpic32.a(vector37.o)
 .gnu.attributes
                0x0000000000000320       0x10 c:/program files/microchip/xc32/v4.35/bin/bin/../../lib/gcc/pic32mx/8.3.1/../../../../pic32mx/lib\libpic32.a(vector38.o)
 .gnu.attributes
                0x0000000000000330       0x10 c:/program files/microchip/xc32/v4.35/bin/bin/../../lib/gcc/pic32mx/8.3.1/../../../../pic32mx/lib\libpic32.a(vector39.o)
 .gnu.attributes
                0x0000000000000340       0x10 c:/program files/microchip/xc32/v4.35/bin/bin/../../lib/gcc/pic32mx/8.3.1/../../../../pic32mx/lib\libpic32.a(vector40.o)
 .gnu.attributes
                0x0000000000000350       0x10 c:/program files/microchip/xc32/v4.35/bin/bin/../../lib/gcc/pic32mx/8.3.1/../../../../pic32mx/lib\libpic32.a(vector41.o)
 .gnu.attributes
                0x0000000000000360       0x10 c:/program files/microchip/xc32/v4.35/bin/bin/../../lib/gcc/pic32mx/8.3.1/../../../../pic32mx/lib\libpic32.a(vector43.o)
 .gnu.attributes
                0x0000000000000370       0x10 c:/program files/microchip/xc32/v4.35/bin/bin/../../lib/gcc/pic32mx/8.3.1/../../../../pic32mx/lib\libpic32.a(default-general-exception-handler.o)
 .gnu.attributes
                0x0000000000000380       0x10 c:/program files/microchip/xc32/v4.35/bin/bin/../../lib/gcc/pic32mx/8.3.1/../../../../pic32mx/lib\libpic32.a(defaultinterrupt.o)
 .gnu.attributes
                0x0000000000000390       0x10 c:/program files/microchip/xc32/v4.35/bin/bin/../../lib/gcc/pic32mx/8.3.1/../../../../pic32mx/lib\libm.a(fp32div.o)
 .gnu.attributes
                0x00000000000003a0       0x10 c:/program files/microchip/xc32/v4.35/bin/bin/../../lib/gcc/pic32mx/8.3.1/../../../../pic32mx/lib\libm.a(fp32mul.o)
 .gnu.attributes
                0x00000000000003b0       0x10 c:/program files/microchip/xc32/v4.35/bin/bin/../../lib/gcc/pic32mx/8.3.1/../../../../pic32mx/lib\libm.a(fp32subadd.o)
 .gnu.attributes
                0x00000000000003c0       0x10 c:/program files/microchip/xc32/v4.35/bin/bin/../../lib/gcc/pic32mx/8.3.1/../../../../pic32mx/lib\libm.a(fpcmp.o)
 .gnu.attributes
                0x00000000000003d0       0x10 c:/program files/microchip/xc32/v4.35/bin/bin/../../lib/gcc/pic32mx/8.3.1/../../../../pic32mx/lib\libm.a(fpcmplt.o)
 .gnu.attributes
                0x00000000000003e0       0x10 c:/program files/microchip/xc32/v4.35/bin/bin/../../lib/gcc/pic32mx/8.3.1/../../../../pic32mx/lib\libm.a(sitofp.o)
 .gnu.attributes
                0x00000000000003f0       0x10 c:/program files/microchip/xc32/v4.35/bin/bin/../../lib/gcc/pic32mx/8.3.1/../../../../pic32mx/lib\libpic32.a(pic32_data_init_clear.o)
OUTPUT(dist/default/production/yellowcard.X.production.elf elf32-tradlittlemips)
LOAD data_init
LOAD stack

.reginfo        0x0000000000000000       0x18
 .reginfo       0x0000000000000000       0x18 c:/program files/microchip/xc32/v4.35/bin/bin/../../lib/gcc/pic32mx/8.3.1/../../../../pic32mx/lib\debug-exception-return.o

.stack          0x00000000a0000148      0x400
 .stack         0x00000000a0000148      0x400 stack

.data%z1        0x0000000000000000        0x0
 .data          0x0000000000000000        0x0 c:/program files/microchip/xc32/v4.35/bin/bin/../../lib/gcc/pic32mx/8.3.1/../../../../pic32mx/lib\libpic32.a(pic32_data_init_clear.o)

.data%z2        0x0000000000000000        0x0
 .data          0x0000000000000000        0x0 c:/program files/microchip/xc32/v4.35/bin/bin/../../lib/gcc/pic32mx/8.3.1/../../../../pic32mx/lib\libm.a(sitofp.o)

.data%z3        0x0000000000000000        0x0
 .data          0x0000000000000000        0x0 c:/program files/microchip/xc32/v4.35/bin/bin/../../lib/gcc/pic32mx/8.3.1/../../../../pic32mx/lib\libm.a(fpcmplt.o)

.data%z4        0x0000000000000000        0x0
 .data          0x0000000000000000        0x0 c:/program files/microchip/xc32/v4.35/bin/bin/../../lib/gcc/pic32mx/8.3.1/../../../../pic32mx/lib\libm.a(fpcmp.o)

.data%z5        0x0000000000000000        0x0
 .data          0x0000000000000000        0x0 c:/program files/microchip/xc32/v4.35/bin/bin/../../lib/gcc/pic32mx/8.3.1/../../../../pic32mx/lib\libm.a(fp32subadd.o)

.data%z6        0x0000000000000000        0x0
 .data          0x0000000000000000        0x0 c:/program files/microchip/xc32/v4.35/bin/bin/../../lib/gcc/pic32mx/8.3.1/../../../../pic32mx/lib\libm.a(fp32mul.o)

.data%z7        0x0000000000000000        0x0
 .data          0x0000000000000000        0x0 c:/program files/microchip/xc32/v4.35/bin/bin/../../lib/gcc/pic32mx/8.3.1/../../../../pic32mx/lib\libm.a(fp32div.o)

.data%z8        0x0000000000000000        0x0
 .data          0x0000000000000000        0x0 c:/program files/microchip/xc32/v4.35/bin/bin/../../lib/gcc/pic32mx/8.3.1/../../../../pic32mx/lib\libpic32.a(defaultinterrupt.o)

.data%z9        0x0000000000000000        0x0
 .data          0x0000000000000000        0x0 c:/program files/microchip/xc32/v4.35/bin/bin/../../lib/gcc/pic32mx/8.3.1/../../../../pic32mx/lib\libpic32.a(default-general-exception-handler.o)

.data%z10       0x0000000000000000        0x0
 .data          0x0000000000000000        0x0 c:/program files/microchip/xc32/v4.35/bin/bin/../../lib/gcc/pic32mx/8.3.1/../../../../pic32mx/lib\libpic32.a(vector43.o)

.data%z11       0x0000000000000000        0x0
 .data          0x0000000000000000        0x0 c:/program files/microchip/xc32/v4.35/bin/bin/../../lib/gcc/pic32mx/8.3.1/../../../../pic32mx/lib\libpic32.a(vector41.o)

.data%z12       0x0000000000000000        0x0
 .data          0x0000000000000000        0x0 c:/program files/microchip/xc32/v4.35/bin/bin/../../lib/gcc/pic32mx/8.3.1/../../../../pic32mx/lib\libpic32.a(vector40.o)

.data%z13       0x0000000000000000        0x0
 .data          0x0000000000000000        0x0 c:/program files/microchip/xc32/v4.35/bin/bin/../../lib/gcc/pic32mx/8.3.1/../../../../pic32mx/lib\libpic32.a(vector39.o)

.data%z14       0x0000000000000000        0x0
 .data          0x0000000000000000        0x0 c:/program files/microchip/xc32/v4.35/bin/bin/../../lib/gcc/pic32mx/8.3.1/../../../../pic32mx/lib\libpic32.a(vector38.o)

.data%z15       0x0000000000000000        0x0
 .data          0x0000000000000000        0x0 c:/program files/microchip/xc32/v4.35/bin/bin/../../lib/gcc/pic32mx/8.3.1/../../../../pic32mx/lib\libpic32.a(vector37.o)

.data%z16       0x0000000000000000        0x0
 .data          0x0000000000000000        0x0 c:/program files/microchip/xc32/v4.35/bin/bin/../../lib/gcc/pic32mx/8.3.1/../../../../pic32mx/lib\libpic32.a(vector36.o)

.data%z17       0x0000000000000000        0x0
 .data          0x0000000000000000        0x0 c:/program files/microchip/xc32/v4.35/bin/bin/../../lib/gcc/pic32mx/8.3.1/../../../../pic32mx/lib\libpic32.a(vector35.o)

.data%z18       0x0000000000000000        0x0
 .data          0x0000000000000000        0x0 c:/program files/microchip/xc32/v4.35/bin/bin/../../lib/gcc/pic32mx/8.3.1/../../../../pic32mx/lib\libpic32.a(vector33.o)

.data%z19       0x0000000000000000        0x0
 .data          0x0000000000000000        0x0 c:/program files/microchip/xc32/v4.35/bin/bin/../../lib/gcc/pic32mx/8.3.1/../../../../pic32mx/lib\libpic32.a(vector32.o)

.data%z20       0x0000000000000000        0x0
 .data          0x0000000000000000        0x0 c:/program files/microchip/xc32/v4.35/bin/bin/../../lib/gcc/pic32mx/8.3.1/../../../../pic32mx/lib\libpic32.a(vector31.o)

.data%z21       0x0000000000000000        0x0
 .data          0x0000000000000000        0x0 c:/program files/microchip/xc32/v4.35/bin/bin/../../lib/gcc/pic32mx/8.3.1/../../../../pic32mx/lib\libpic32.a(vector30.o)

.data%z22       0x0000000000000000        0x0
 .data          0x0000000000000000        0x0 c:/program files/microchip/xc32/v4.35/bin/bin/../../lib/gcc/pic32mx/8.3.1/../../../../pic32mx/lib\libpic32.a(vector29.o)

.data%z23       0x0000000000000000        0x0
 .data          0x0000000000000000        0x0 c:/program files/microchip/xc32/v4.35/bin/bin/../../lib/gcc/pic32mx/8.3.1/../../../../pic32mx/lib\libpic32.a(vector28.o)

.data%z24       0x0000000000000000        0x0
 .data          0x0000000000000000        0x0 c:/program files/microchip/xc32/v4.35/bin/bin/../../lib/gcc/pic32mx/8.3.1/../../../../pic32mx/lib\libpic32.a(vector27.o)

.data%z25       0x0000000000000000        0x0
 .data          0x0000000000000000        0x0 c:/program files/microchip/xc32/v4.35/bin/bin/../../lib/gcc/pic32mx/8.3.1/../../../../pic32mx/lib\libpic32.a(vector26.o)

.data%z26       0x0000000000000000        0x0
 .data          0x0000000000000000        0x0 c:/program files/microchip/xc32/v4.35/bin/bin/../../lib/gcc/pic32mx/8.3.1/../../../../pic32mx/lib\libpic32.a(vector24.o)

.data%z27       0x0000000000000000        0x0
 .data          0x0000000000000000        0x0 c:/program files/microchip/xc32/v4.35/bin/bin/../../lib/gcc/pic32mx/8.3.1/../../../../pic32mx/lib\libpic32.a(vector23.o)

.data%z28       0x0000000000000000        0x0
 .data          0x0000000000000000        0x0 c:/program files/microchip/xc32/v4.35/bin/bin/../../lib/gcc/pic32mx/8.3.1/../../../../pic32mx/lib\libpic32.a(vector22.o)

.data%z29       0x0000000000000000        0x0
 .data          0x0000000000000000        0x0 c:/program files/microchip/xc32/v4.35/bin/bin/../../lib/gcc/pic32mx/8.3.1/../../../../pic32mx/lib\libpic32.a(vector21.o)

.data%z30       0x0000000000000000        0x0
 .data          0x0000000000000000        0x0 c:/program files/microchip/xc32/v4.35/bin/bin/../../lib/gcc/pic32mx/8.3.1/../../../../pic32mx/lib\libpic32.a(vector20.o)

.data%z31       0x0000000000000000        0x0
 .data          0x0000000000000000        0x0 c:/program files/microchip/xc32/v4.35/bin/bin/../../lib/gcc/pic32mx/8.3.1/../../../../pic32mx/lib\libpic32.a(vector18.o)

.data%z32       0x0000000000000000        0x0
 .data          0x0000000000000000        0x0 c:/program files/microchip/xc32/v4.35/bin/bin/../../lib/gcc/pic32mx/8.3.1/../../../../pic32mx/lib\libpic32.a(vector17.o)

.data%z33       0x0000000000000000        0x0
 .data          0x0000000000000000        0x0 c:/program files/microchip/xc32/v4.35/bin/bin/../../lib/gcc/pic32mx/8.3.1/../../../../pic32mx/lib\libpic32.a(vector16.o)

.data%z34       0x0000000000000000        0x0
 .data          0x0000000000000000        0x0 c:/program files/microchip/xc32/v4.35/bin/bin/../../lib/gcc/pic32mx/8.3.1/../../../../pic32mx/lib\libpic32.a(vector15.o)

.data%z35       0x0000000000000000        0x0
 .data          0x0000000000000000        0x0 c:/program files/microchip/xc32/v4.35/bin/bin/../../lib/gcc/pic32mx/8.3.1/../../../../pic32mx/lib\libpic32.a(vector14.o)

.data%z36       0x0000000000000000        0x0
 .data          0x0000000000000000        0x0 c:/program files/microchip/xc32/v4.35/bin/bin/../../lib/gcc/pic32mx/8.3.1/../../../../pic32mx/lib\libpic32.a(vector13.o)

.data%z37       0x0000000000000000        0x0
 .data          0x0000000000000000        0x0 c:/program files/microchip/xc32/v4.35/bin/bin/../../lib/gcc/pic32mx/8.3.1/../../../../pic32mx/lib\libpic32.a(vector12.o)

.data%z38       0x0000000000000000        0x0
 .data          0x0000000000000000        0x0 c:/program files/microchip/xc32/v4.35/bin/bin/../../lib/gcc/pic32mx/8.3.1/../../../../pic32mx/lib\libpic32.a(vector11.o)

.data%z39       0x0000000000000000        0x0
 .data          0x0000000000000000        0x0 c:/program files/microchip/xc32/v4.35/bin/bin/../../lib/gcc/pic32mx/8.3.1/../../../../pic32mx/lib\libpic32.a(vector10.o)

.data%z40       0x0000000000000000        0x0
 .data          0x0000000000000000        0x0 c:/program files/microchip/xc32/v4.35/bin/bin/../../lib/gcc/pic32mx/8.3.1/../../../../pic32mx/lib\libpic32.a(vector9.o)

.data%z41       0x0000000000000000        0x0
 .data          0x0000000000000000        0x0 c:/program files/microchip/xc32/v4.35/bin/bin/../../lib/gcc/pic32mx/8.3.1/../../../../pic32mx/lib\libpic32.a(vector7.o)

.data%z42       0x0000000000000000        0x0
 .data          0x0000000000000000        0x0 c:/program files/microchip/xc32/v4.35/bin/bin/../../lib/gcc/pic32mx/8.3.1/../../../../pic32mx/lib\libpic32.a(vector6.o)

.data%z43       0x0000000000000000        0x0
 .data          0x0000000000000000        0x0 c:/program files/microchip/xc32/v4.35/bin/bin/../../lib/gcc/pic32mx/8.3.1/../../../../pic32mx/lib\libpic32.a(vector5.o)

.data%z44       0x0000000000000000        0x0
 .data          0x0000000000000000        0x0 c:/program files/microchip/xc32/v4.35/bin/bin/../../lib/gcc/pic32mx/8.3.1/../../../../pic32mx/lib\libpic32.a(vector3.o)

.data%z45       0x0000000000000000        0x0
 .data          0x0000000000000000        0x0 c:/program files/microchip/xc32/v4.35/bin/bin/../../lib/gcc/pic32mx/8.3.1/../../../../pic32mx/lib\libpic32.a(vector2.o)

.data%z46       0x0000000000000000        0x0
 .data          0x0000000000000000        0x0 c:/program files/microchip/xc32/v4.35/bin/bin/../../lib/gcc/pic32mx/8.3.1/../../../../pic32mx/lib\libpic32.a(vector1.o)

.data%z47       0x0000000000000000        0x0
 .data          0x0000000000000000        0x0 c:/program files/microchip/xc32/v4.35/bin/bin/../../lib/gcc/pic32mx/8.3.1/../../../../pic32mx/lib\libpic32.a(vector0.o)

.data%z48       0x0000000000000000        0x0
 .data          0x0000000000000000        0x0 c:/program files/microchip/xc32/v4.35/bin/bin/../../lib/gcc/pic32mx/8.3.1/../../../../pic32mx/lib\libpic32.a(general-exception.o)

.data%z49       0x0000000000000000        0x0
 .data          0x0000000000000000        0x0 c:/program files/microchip/xc32/v4.35/bin/bin/../../lib/gcc/pic32mx/8.3.1/../../../../pic32mx/lib\libpic32.a(pic32_data_init_core.o)

.data%z50       0x0000000000000000        0x0
 .data          0x0000000000000000        0x0 c:/program files/microchip/xc32/v4.35/bin/bin/../../lib/gcc/pic32mx/8.3.1/../../../../pic32mx/lib\libpic32.a(default-nmi-handler.o)

.data%z51       0x0000000000000000        0x0
 .data          0x0000000000000000        0x0 c:/program files/microchip/xc32/v4.35/bin/bin/../../lib/gcc/pic32mx/8.3.1/../../../../pic32mx/lib\libpic32.a(default-on-bootstrap.o)

.data%z52       0x0000000000000000        0x0
 .data          0x0000000000000000        0x0 c:/program files/microchip/xc32/v4.35/bin/bin/../../lib/gcc/pic32mx/8.3.1/../../../../pic32mx/lib\libpic32.a(default-on-reset.o)

.data%z53       0x0000000000000000        0x0
 .data          0x0000000000000000        0x0 c:/program files/microchip/xc32/v4.35/bin/bin/../../lib/gcc/pic32mx/8.3.1/../../../../pic32mx/lib\libpic32.a(default-bootstrap-exception-handler.o)

.data%z54       0x0000000000000000        0x0
 .data          0x0000000000000000        0x0 c:/program files/microchip/xc32/v4.35/bin/bin/../../lib/gcc/pic32mx/8.3.1\libgcc.a(floatunsisf.o)

.data%z55       0x0000000000000000        0x0
 .data          0x0000000000000000        0x0 c:/program files/microchip/xc32/v4.35/bin/bin/../../lib/gcc/pic32mx/8.3.1/../../../../pic32mx/lib\pic32_software_reset.o

.data%z56       0x0000000000000000        0x0
 .data          0x0000000000000000        0x0 C:\Users\Aeryn\AppData\Local\Temp\cceAxkng.o

.data%z57       0x0000000000000000        0x0
 .data          0x0000000000000000        0x0 C:\Users\Aeryn\AppData\Local\Temp\ccl16jcJ.o

.data%z58       0x0000000000000000        0x0
 .data          0x0000000000000000        0x0 C:\Users\Aeryn\AppData\Local\Temp\cc2UZsCm.o

.data%z59       0x0000000000000000        0x0
 .data          0x0000000000000000        0x0 build/default/production/src/drv/DPS368.o

.data%z60       0x0000000000000000        0x0
 .data          0x0000000000000000        0x0 build/default/production/src/Interrupts.o

.data%z61       0x0000000000000000        0x0
 .data          0x0000000000000000        0x0 build/default/production/src/drv/SHT4x.o

.data%z62       0x0000000000000000        0x0
 .data          0x0000000000000000        0x0 build/default/production/src/drv/HAL.o

.data%z63       0x0000000000000000        0x0
 .data          0x0000000000000000        0x0 build/default/production/src/Main.o

.data%z64       0x0000000000000000        0x0
 .data          0x0000000000000000        0x0 c:/program files/microchip/xc32/v4.35/bin/bin/../../lib/gcc/pic32mx/8.3.1/../../../../pic32mx/lib\debug-exception-return.o

.bss            0x00000000a0000020       0xff
 .bss           0x00000000a0000020       0xff build/default/production/src/drv/HAL.o
                0x00000000a0000020                dmaBufferTxUART

.bss%z65        0x0000000000000000        0x0
 .bss           0x0000000000000000        0x0 c:/program files/microchip/xc32/v4.35/bin/bin/../../lib/gcc/pic32mx/8.3.1/../../../../pic32mx/lib\libpic32.a(pic32_data_init_clear.o)

.bss%z66        0x0000000000000000        0x0
 .bss           0x0000000000000000        0x0 c:/program files/microchip/xc32/v4.35/bin/bin/../../lib/gcc/pic32mx/8.3.1/../../../../pic32mx/lib\libm.a(sitofp.o)

.bss%z67        0x0000000000000000        0x0
 .bss           0x0000000000000000        0x0 c:/program files/microchip/xc32/v4.35/bin/bin/../../lib/gcc/pic32mx/8.3.1/../../../../pic32mx/lib\libm.a(fpcmplt.o)

.bss%z68        0x0000000000000000        0x0
 .bss           0x0000000000000000        0x0 c:/program files/microchip/xc32/v4.35/bin/bin/../../lib/gcc/pic32mx/8.3.1/../../../../pic32mx/lib\libm.a(fpcmp.o)

.bss%z69        0x0000000000000000        0x0
 .bss           0x0000000000000000        0x0 c:/program files/microchip/xc32/v4.35/bin/bin/../../lib/gcc/pic32mx/8.3.1/../../../../pic32mx/lib\libm.a(fp32subadd.o)

.bss%z70        0x0000000000000000        0x0
 .bss           0x0000000000000000        0x0 c:/program files/microchip/xc32/v4.35/bin/bin/../../lib/gcc/pic32mx/8.3.1/../../../../pic32mx/lib\libm.a(fp32mul.o)

.bss%z71        0x0000000000000000        0x0
 .bss           0x0000000000000000        0x0 c:/program files/microchip/xc32/v4.35/bin/bin/../../lib/gcc/pic32mx/8.3.1/../../../../pic32mx/lib\libm.a(fp32div.o)

.bss%z72        0x0000000000000000        0x0
 .bss           0x0000000000000000        0x0 c:/program files/microchip/xc32/v4.35/bin/bin/../../lib/gcc/pic32mx/8.3.1/../../../../pic32mx/lib\libpic32.a(defaultinterrupt.o)

.bss%z73        0x0000000000000000        0x0
 .bss           0x0000000000000000        0x0 c:/program files/microchip/xc32/v4.35/bin/bin/../../lib/gcc/pic32mx/8.3.1/../../../../pic32mx/lib\libpic32.a(default-general-exception-handler.o)

.bss%z74        0x0000000000000000        0x0
 .bss           0x0000000000000000        0x0 c:/program files/microchip/xc32/v4.35/bin/bin/../../lib/gcc/pic32mx/8.3.1/../../../../pic32mx/lib\libpic32.a(vector43.o)

.bss%z75        0x0000000000000000        0x0
 .bss           0x0000000000000000        0x0 c:/program files/microchip/xc32/v4.35/bin/bin/../../lib/gcc/pic32mx/8.3.1/../../../../pic32mx/lib\libpic32.a(vector41.o)

.bss%z76        0x0000000000000000        0x0
 .bss           0x0000000000000000        0x0 c:/program files/microchip/xc32/v4.35/bin/bin/../../lib/gcc/pic32mx/8.3.1/../../../../pic32mx/lib\libpic32.a(vector40.o)

.bss%z77        0x0000000000000000        0x0
 .bss           0x0000000000000000        0x0 c:/program files/microchip/xc32/v4.35/bin/bin/../../lib/gcc/pic32mx/8.3.1/../../../../pic32mx/lib\libpic32.a(vector39.o)

.bss%z78        0x0000000000000000        0x0
 .bss           0x0000000000000000        0x0 c:/program files/microchip/xc32/v4.35/bin/bin/../../lib/gcc/pic32mx/8.3.1/../../../../pic32mx/lib\libpic32.a(vector38.o)

.bss%z79        0x0000000000000000        0x0
 .bss           0x0000000000000000        0x0 c:/program files/microchip/xc32/v4.35/bin/bin/../../lib/gcc/pic32mx/8.3.1/../../../../pic32mx/lib\libpic32.a(vector37.o)

.bss%z80        0x0000000000000000        0x0
 .bss           0x0000000000000000        0x0 c:/program files/microchip/xc32/v4.35/bin/bin/../../lib/gcc/pic32mx/8.3.1/../../../../pic32mx/lib\libpic32.a(vector36.o)

.bss%z81        0x0000000000000000        0x0
 .bss           0x0000000000000000        0x0 c:/program files/microchip/xc32/v4.35/bin/bin/../../lib/gcc/pic32mx/8.3.1/../../../../pic32mx/lib\libpic32.a(vector35.o)

.bss%z82        0x0000000000000000        0x0
 .bss           0x0000000000000000        0x0 c:/program files/microchip/xc32/v4.35/bin/bin/../../lib/gcc/pic32mx/8.3.1/../../../../pic32mx/lib\libpic32.a(vector33.o)

.bss%z83        0x0000000000000000        0x0
 .bss           0x0000000000000000        0x0 c:/program files/microchip/xc32/v4.35/bin/bin/../../lib/gcc/pic32mx/8.3.1/../../../../pic32mx/lib\libpic32.a(vector32.o)

.bss%z84        0x0000000000000000        0x0
 .bss           0x0000000000000000        0x0 c:/program files/microchip/xc32/v4.35/bin/bin/../../lib/gcc/pic32mx/8.3.1/../../../../pic32mx/lib\libpic32.a(vector31.o)

.bss%z85        0x0000000000000000        0x0
 .bss           0x0000000000000000        0x0 c:/program files/microchip/xc32/v4.35/bin/bin/../../lib/gcc/pic32mx/8.3.1/../../../../pic32mx/lib\libpic32.a(vector30.o)

.bss%z86        0x0000000000000000        0x0
 .bss           0x0000000000000000        0x0 c:/program files/microchip/xc32/v4.35/bin/bin/../../lib/gcc/pic32mx/8.3.1/../../../../pic32mx/lib\libpic32.a(vector29.o)

.bss%z87        0x0000000000000000        0x0
 .bss           0x0000000000000000        0x0 c:/program files/microchip/xc32/v4.35/bin/bin/../../lib/gcc/pic32mx/8.3.1/../../../../pic32mx/lib\libpic32.a(vector28.o)

.bss%z88        0x0000000000000000        0x0
 .bss           0x0000000000000000        0x0 c:/program files/microchip/xc32/v4.35/bin/bin/../../lib/gcc/pic32mx/8.3.1/../../../../pic32mx/lib\libpic32.a(vector27.o)

.bss%z89        0x0000000000000000        0x0
 .bss           0x0000000000000000        0x0 c:/program files/microchip/xc32/v4.35/bin/bin/../../lib/gcc/pic32mx/8.3.1/../../../../pic32mx/lib\libpic32.a(vector26.o)

.bss%z90        0x0000000000000000        0x0
 .bss           0x0000000000000000        0x0 c:/program files/microchip/xc32/v4.35/bin/bin/../../lib/gcc/pic32mx/8.3.1/../../../../pic32mx/lib\libpic32.a(vector24.o)

.bss%z91        0x0000000000000000        0x0
 .bss           0x0000000000000000        0x0 c:/program files/microchip/xc32/v4.35/bin/bin/../../lib/gcc/pic32mx/8.3.1/../../../../pic32mx/lib\libpic32.a(vector23.o)

.bss%z92        0x0000000000000000        0x0
 .bss           0x0000000000000000        0x0 c:/program files/microchip/xc32/v4.35/bin/bin/../../lib/gcc/pic32mx/8.3.1/../../../../pic32mx/lib\libpic32.a(vector22.o)

.bss%z93        0x0000000000000000        0x0
 .bss           0x0000000000000000        0x0 c:/program files/microchip/xc32/v4.35/bin/bin/../../lib/gcc/pic32mx/8.3.1/../../../../pic32mx/lib\libpic32.a(vector21.o)

.bss%z94        0x0000000000000000        0x0
 .bss           0x0000000000000000        0x0 c:/program files/microchip/xc32/v4.35/bin/bin/../../lib/gcc/pic32mx/8.3.1/../../../../pic32mx/lib\libpic32.a(vector20.o)

.bss%z95        0x0000000000000000        0x0
 .bss           0x0000000000000000        0x0 c:/program files/microchip/xc32/v4.35/bin/bin/../../lib/gcc/pic32mx/8.3.1/../../../../pic32mx/lib\libpic32.a(vector18.o)

.bss%z96        0x0000000000000000        0x0
 .bss           0x0000000000000000        0x0 c:/program files/microchip/xc32/v4.35/bin/bin/../../lib/gcc/pic32mx/8.3.1/../../../../pic32mx/lib\libpic32.a(vector17.o)

.bss%z97        0x0000000000000000        0x0
 .bss           0x0000000000000000        0x0 c:/program files/microchip/xc32/v4.35/bin/bin/../../lib/gcc/pic32mx/8.3.1/../../../../pic32mx/lib\libpic32.a(vector16.o)

.bss%z98        0x0000000000000000        0x0
 .bss           0x0000000000000000        0x0 c:/program files/microchip/xc32/v4.35/bin/bin/../../lib/gcc/pic32mx/8.3.1/../../../../pic32mx/lib\libpic32.a(vector15.o)

.bss%z99        0x0000000000000000        0x0
 .bss           0x0000000000000000        0x0 c:/program files/microchip/xc32/v4.35/bin/bin/../../lib/gcc/pic32mx/8.3.1/../../../../pic32mx/lib\libpic32.a(vector14.o)

.bss%z100       0x0000000000000000        0x0
 .bss           0x0000000000000000        0x0 c:/program files/microchip/xc32/v4.35/bin/bin/../../lib/gcc/pic32mx/8.3.1/../../../../pic32mx/lib\libpic32.a(vector13.o)

.bss%z101       0x0000000000000000        0x0
 .bss           0x0000000000000000        0x0 c:/program files/microchip/xc32/v4.35/bin/bin/../../lib/gcc/pic32mx/8.3.1/../../../../pic32mx/lib\libpic32.a(vector12.o)

.bss%z102       0x0000000000000000        0x0
 .bss           0x0000000000000000        0x0 c:/program files/microchip/xc32/v4.35/bin/bin/../../lib/gcc/pic32mx/8.3.1/../../../../pic32mx/lib\libpic32.a(vector11.o)

.bss%z103       0x0000000000000000        0x0
 .bss           0x0000000000000000        0x0 c:/program files/microchip/xc32/v4.35/bin/bin/../../lib/gcc/pic32mx/8.3.1/../../../../pic32mx/lib\libpic32.a(vector10.o)

.bss%z104       0x0000000000000000        0x0
 .bss           0x0000000000000000        0x0 c:/program files/microchip/xc32/v4.35/bin/bin/../../lib/gcc/pic32mx/8.3.1/../../../../pic32mx/lib\libpic32.a(vector9.o)

.bss%z105       0x0000000000000000        0x0
 .bss           0x0000000000000000        0x0 c:/program files/microchip/xc32/v4.35/bin/bin/../../lib/gcc/pic32mx/8.3.1/../../../../pic32mx/lib\libpic32.a(vector7.o)

.bss%z106       0x0000000000000000        0x0
 .bss           0x0000000000000000        0x0 c:/program files/microchip/xc32/v4.35/bin/bin/../../lib/gcc/pic32mx/8.3.1/../../../../pic32mx/lib\libpic32.a(vector6.o)

.bss%z107       0x0000000000000000        0x0
 .bss           0x0000000000000000        0x0 c:/program files/microchip/xc32/v4.35/bin/bin/../../lib/gcc/pic32mx/8.3.1/../../../../pic32mx/lib\libpic32.a(vector5.o)

.bss%z108       0x0000000000000000        0x0
 .bss           0x0000000000000000        0x0 c:/program files/microchip/xc32/v4.35/bin/bin/../../lib/gcc/pic32mx/8.3.1/../../../../pic32mx/lib\libpic32.a(vector3.o)

.bss%z109       0x0000000000000000        0x0
 .bss           0x0000000000000000        0x0 c:/program files/microchip/xc32/v4.35/bin/bin/../../lib/gcc/pic32mx/8.3.1/../../../../pic32mx/lib\libpic32.a(vector2.o)

.bss%z110       0x0000000000000000        0x0
 .bss           0x0000000000000000        0x0 c:/program files/microchip/xc32/v4.35/bin/bin/../../lib/gcc/pic32mx/8.3.1/../../../../pic32mx/lib\libpic32.a(vector1.o)

.bss%z111       0x0000000000000000        0x0
 .bss           0x0000000000000000        0x0 c:/program files/microchip/xc32/v4.35/bin/bin/../../lib/gcc/pic32mx/8.3.1/../../../../pic32mx/lib\libpic32.a(vector0.o)

.bss%z112       0x0000000000000000        0x0
 .bss           0x0000000000000000        0x0 c:/program files/microchip/xc32/v4.35/bin/bin/../../lib/gcc/pic32mx/8.3.1/../../../../pic32mx/lib\libpic32.a(general-exception.o)

.bss%z113       0x0000000000000000        0x0
 .bss           0x0000000000000000        0x0 c:/program files/microchip/xc32/v4.35/bin/bin/../../lib/gcc/pic32mx/8.3.1/../../../../pic32mx/lib\libpic32.a(pic32_data_init_core.o)

.bss%z114       0x0000000000000000        0x0
 .bss           0x0000000000000000        0x0 c:/program files/microchip/xc32/v4.35/bin/bin/../../lib/gcc/pic32mx/8.3.1/../../../../pic32mx/lib\libpic32.a(default-nmi-handler.o)

.bss%z115       0x0000000000000000        0x0
 .bss           0x0000000000000000        0x0 c:/program files/microchip/xc32/v4.35/bin/bin/../../lib/gcc/pic32mx/8.3.1/../../../../pic32mx/lib\libpic32.a(default-on-bootstrap.o)

.bss%z116       0x0000000000000000        0x0
 .bss           0x0000000000000000        0x0 c:/program files/microchip/xc32/v4.35/bin/bin/../../lib/gcc/pic32mx/8.3.1/../../../../pic32mx/lib\libpic32.a(default-on-reset.o)

.bss%z117       0x0000000000000000        0x0
 .bss           0x0000000000000000        0x0 c:/program files/microchip/xc32/v4.35/bin/bin/../../lib/gcc/pic32mx/8.3.1/../../../../pic32mx/lib\libpic32.a(default-bootstrap-exception-handler.o)

.bss%z118       0x0000000000000000        0x0
 .bss           0x0000000000000000        0x0 c:/program files/microchip/xc32/v4.35/bin/bin/../../lib/gcc/pic32mx/8.3.1\libgcc.a(floatunsisf.o)

.bss%z119       0x0000000000000000        0x0
 .bss           0x0000000000000000        0x0 c:/program files/microchip/xc32/v4.35/bin/bin/../../lib/gcc/pic32mx/8.3.1/../../../../pic32mx/lib\pic32_software_reset.o

.bss%z120       0x0000000000000000        0x0
 .bss           0x0000000000000000        0x0 C:\Users\Aeryn\AppData\Local\Temp\cceAxkng.o

.bss%z121       0x0000000000000000        0x0
 .bss           0x0000000000000000        0x0 C:\Users\Aeryn\AppData\Local\Temp\ccl16jcJ.o

.bss%z122       0x0000000000000000        0x0
 .bss           0x0000000000000000        0x0 C:\Users\Aeryn\AppData\Local\Temp\cc2UZsCm.o

.bss%z123       0x0000000000000000        0x0
 .bss           0x0000000000000000        0x0 build/default/production/src/drv/DPS368.o

.bss%z124       0x0000000000000000        0x0
 .bss           0x0000000000000000        0x0 build/default/production/src/Interrupts.o

.bss%z125       0x0000000000000000        0x0
 .bss           0x0000000000000000        0x0 build/default/production/src/drv/SHT4x.o

.bss%z126       0x0000000000000000        0x0
 .bss           0x0000000000000000        0x0 build/default/production/src/Main.o

.bss%z127       0x0000000000000000        0x0
 .bss           0x0000000000000000        0x0 c:/program files/microchip/xc32/v4.35/bin/bin/../../lib/gcc/pic32mx/8.3.1/../../../../pic32mx/lib\debug-exception-return.o

._debug_exception
                0x00000000bfc00480       0x2c
 ._debug_exception
                0x00000000bfc00480       0x2c c:/program files/microchip/xc32/v4.35/bin/bin/../../lib/gcc/pic32mx/8.3.1/../../../../pic32mx/lib\debug-exception-return.o
                0x00000000bfc00480                __DbgExecReturn

.text           0x000000009d000780     0x1238
 .text          0x000000009d000780      0xcc8 build/default/production/src/drv/DPS368.o
                0x000000009d000780                initializeDPS368
                0x000000009d000994                setModeDPS368
                0x000000009d0009f4                getResultStatusDPS368
                0x000000009d000a60                clearFifoDPS368
                0x000000009d000ab0                getPressureResultDPS368
                0x000000009d000af0                getTemperatureResultDPS368
                0x000000009d000b30                getResultsFromFifoDPS368
                0x000000009d000b74                convertToTempCFromDPS368
                0x000000009d000c4c                convertToPressureFromDPS368
                0x000000009d000e80                readCalCoeffsDPS368
                0x000000009d001184                getResultsAtAddressDPS368
                0x000000009d0012f8                forceSign16
                0x000000009d001380                forceSign32
                0x000000009d001400                isPressureDPS368
 .text          0x000000009d001448      0x570 build/default/production/src/drv/HAL.o
                0x000000009d001448                allowSleepMode
                0x000000009d0014d8                changeClockSpeed
                0x000000009d0015e0                writeToI2C
                0x000000009d001708                readFromI2C
                0x000000009d0018c0                writeToUART
                0x000000009d001954                startTxUART

.text           0x000000009d0019b8      0x7f0
 .text          0x000000009d0019b8      0x45c build/default/production/src/Interrupts.o
                0x000000009d0019b8                setupInterrupts
                0x000000009d001a64                timer1PeriodMatchISR
                0x000000009d001b00                timer2PeriodMatchISR
                0x000000009d001b9c                int4ISR
                0x000000009d001c38                rtccAlarmISR
                0x000000009d001cd4                dma2ISR
                0x000000009d001d80                portChangeNoticeISR
 .text          0x000000009d001e14      0x394 build/default/production/src/Main.o
                0x000000009d001e14                setupMCU
                0x000000009d001fa8                setupExternals
                0x000000009d0020c0                main

.text           0x000000009d0021a8      0x2e0
 .text          0x000000009d0021a8      0x2e0 build/default/production/src/drv/SHT4x.o
                0x000000009d0021a8                requestMeasurementSHT4X
                0x000000009d0021ec                getResultsSHT4X
                0x000000009d0022a0                convertToTempCFromSHT4X
                0x000000009d002328                converttoTempFFromSHT4X
                0x000000009d0023b0                convertToRHFromSHT4X

.text.fpsubadd  0x000000009d002488      0x278
 .text.fpsubadd
                0x000000009d002488      0x278 c:/program files/microchip/xc32/v4.35/bin/bin/../../lib/gcc/pic32mx/8.3.1/../../../../pic32mx/lib\libm.a(fp32subadd.o)
                0x000000009d002488                fpsub
                0x000000009d002488                __subsf3
                0x000000009d002490                __addsf3
                0x000000009d002490                fpadd

.text.fp32div   0x000000009d002700      0x230
 .text.fp32div  0x000000009d002700      0x230 c:/program files/microchip/xc32/v4.35/bin/bin/../../lib/gcc/pic32mx/8.3.1/../../../../pic32mx/lib\libm.a(fp32div.o)
                0x000000009d002700                fpdiv
                0x000000009d002700                __divsf3

.text.fp32mul   0x000000009d002930      0x1bc
 .text.fp32mul  0x000000009d002930      0x1bc c:/program files/microchip/xc32/v4.35/bin/bin/../../lib/gcc/pic32mx/8.3.1/../../../../pic32mx/lib\libm.a(fp32mul.o)
                0x000000009d002930                fpmul
                0x000000009d002930                __mulsf3

.text.general_exception
                0x000000009d002aec       0xdc
 .text.general_exception
                0x000000009d002aec       0xdc c:/program files/microchip/xc32/v4.35/bin/bin/../../lib/gcc/pic32mx/8.3.1/../../../../pic32mx/lib\libpic32.a(general-exception.o)
                0x000000009d002aec                _general_exception_context

.text.fpcmp     0x000000009d002bc8       0x9c
 .text.fpcmp    0x000000009d002bc8       0x9c c:/program files/microchip/xc32/v4.35/bin/bin/../../lib/gcc/pic32mx/8.3.1/../../../../pic32mx/lib\libm.a(fpcmp.o)
                0x000000009d002bc8                __gtsf2
                0x000000009d002bc8                __eqsf2
                0x000000009d002bc8                fpcmp
                0x000000009d002bc8                __gesf2
                0x000000009d002bc8                __nesf2

.text.fpcmplt   0x000000009d002c64       0x9c
 .text.fpcmplt  0x000000009d002c64       0x9c c:/program files/microchip/xc32/v4.35/bin/bin/../../lib/gcc/pic32mx/8.3.1/../../../../pic32mx/lib\libm.a(fpcmplt.o)
                0x000000009d002c64                fpcmplt
                0x000000009d002c64                __ltsf2
                0x000000009d002c64                __lesf2

.text           0x000000009d002d00       0x7c
 .text          0x000000009d002d00       0x7c c:/program files/microchip/xc32/v4.35/bin/bin/../../lib/gcc/pic32mx/8.3.1/../../../../pic32mx/lib\libpic32.a(pic32_data_init_core.o)
                0x000000009d002d00                __dinit_copy_val_data
                0x000000009d002d00                __dinit_copy_emb
                0x000000009d002d00                __dinit_decompress
                0x000000009d002d00                __dinit_copy
                0x000000009d002d08                __pic32_data_init

.text.sitofp    0x000000009d002d7c       0x60
 .text.sitofp   0x000000009d002d7c       0x60 c:/program files/microchip/xc32/v4.35/bin/bin/../../lib/gcc/pic32mx/8.3.1/../../../../pic32mx/lib\libm.a(sitofp.o)
                0x000000009d002d7c                __floatsisf
                0x000000009d002d7c                litofp
                0x000000009d002d7c                sitofp

.text.main_entry
                0x000000009d002ddc       0x54
 .text.main_entry
                0x000000009d002ddc       0x54 C:\Users\Aeryn\AppData\Local\Temp\cc2UZsCm.o
                0x000000009d002e10                __crt0_exit

.text           0x000000009d002e30       0x48
 .text          0x000000009d002e30       0x48 c:/program files/microchip/xc32/v4.35/bin/bin/../../lib/gcc/pic32mx/8.3.1\libgcc.a(floatunsisf.o)
                0x000000009d002e30                __floatunsisf

.text._bootstrap_exception_handler
                0x000000009d002e78       0x48
 .text._bootstrap_exception_handler
                0x000000009d002e78       0x48 c:/program files/microchip/xc32/v4.35/bin/bin/../../lib/gcc/pic32mx/8.3.1/../../../../pic32mx/lib\libpic32.a(default-bootstrap-exception-handler.o)
                0x000000009d002e78                _bootstrap_exception_handler

.text._general_exception_handler
                0x000000009d002ec0       0x48
 .text._general_exception_handler
                0x000000009d002ec0       0x48 c:/program files/microchip/xc32/v4.35/bin/bin/../../lib/gcc/pic32mx/8.3.1/../../../../pic32mx/lib\libpic32.a(default-general-exception-handler.o)
                0x000000009d002ec0                _general_exception_handler

.vector_default
                0x000000009d002f08       0x48
 .vector_default
                0x000000009d002f08       0x48 c:/program files/microchip/xc32/v4.35/bin/bin/../../lib/gcc/pic32mx/8.3.1/../../../../pic32mx/lib\libpic32.a(defaultinterrupt.o)
                0x000000009d002f08                _DefaultInterrupt

.text           0x000000009d002f50       0x44
 .text          0x000000009d002f50       0x44 c:/program files/microchip/xc32/v4.35/bin/bin/../../lib/gcc/pic32mx/8.3.1/../../../../pic32mx/lib\pic32_software_reset.o
                0x000000009d002f50                __pic32_software_reset

.rodata         0x000000009d002f94       0x44
 .rodata        0x000000009d002f94       0x24 build/default/production/src/drv/DPS368.o
                0x000000009d002f94                dps368Cal_scalingFactors
 .rodata        0x000000009d002fb8       0x20 build/default/production/src/drv/SHT4x.o

.dinit          0x000000009d002fd8       0x20
 .dinit         0x000000009d002fd8       0x20 data_init

.MIPS.abiflags  0x000000009d002ff8       0x18
 .MIPS.abiflags