Archive member included to satisfy reference by file (symbol)

c:/program files/microchip/xc32/v4.35/bin/bin/../../lib/gcc/pic32mx/8.3.1\libgcc.a(floatunsisf.o)
                              build/basestation_development/debug/src/drv/DPS368/DPS368.o (__floatunsisf)
c:/program files/microchip/xc32/v4.35/bin/bin/../../lib/gcc/pic32mx/8.3.1/../../../../pic32mx/lib\libpic32.a(memcpy.o)
                              build/basestation_development/debug/src/Logging.o (memcpy)
c:/program files/microchip/xc32/v4.35/bin/bin/../../lib/gcc/pic32mx/8.3.1/../../../../pic32mx/lib\libpic32.a(strlen.o)
                              build/basestation_development/debug/src/Logging.o (strlen)
c:/program files/microchip/xc32/v4.35/bin/bin/../../lib/gcc/pic32mx/8.3.1/../../../../pic32mx/lib\libpic32.a(default-bootstrap-exception-handler.o)
                              C:\Users\Aeryn\AppData\Local\Temp\ccUsUt38.o (_bootstrap_exception_handler)
c:/program files/microchip/xc32/v4.35/bin/bin/../../lib/gcc/pic32mx/8.3.1/../../../../pic32mx/lib\libpic32.a(default-on-reset.o)
                              C:\Users\Aeryn\AppData\Local\Temp\ccUsUt38.o (_on_reset)
c:/program files/microchip/xc32/v4.35/bin/bin/../../lib/gcc/pic32mx/8.3.1/../../../../pic32mx/lib\libpic32.a(default-on-bootstrap.o)
                              C:\Users\Aeryn\AppData\Local\Temp\ccUsUt38.o (_on_bootstrap)
c:/program files/microchip/xc32/v4.35/bin/bin/../../lib/gcc/pic32mx/8.3.1/../../../../pic32mx/lib\libpic32.a(default-nmi-handler.o)
                              C:\Users\Aeryn\AppData\Local\Temp\ccUsUt38.o (_nmi_handler)
c:/program files/microchip/xc32/v4.35/bin/bin/../../lib/gcc/pic32mx/8.3.1/../../../../pic32mx/lib\libpic32.a(pic32_data_init_core.o)
                              C:\Users\Aeryn\AppData\Local\Temp\ccUsUt38.o (__pic32_data_init)
c:/program files/microchip/xc32/v4.35/bin/bin/../../lib/gcc/pic32mx/8.3.1/../../../../pic32mx/lib\libpic32.a(general-exception.o)
                              C:\Users\Aeryn\AppData\Local\Temp\ccUsUt38.o (_general_exception_context)
c:/program files/microchip/xc32/v4.35/bin/bin/../../lib/gcc/pic32mx/8.3.1/../../../../pic32mx/lib\libpic32.a(vector0.o)
                              C:\Users\Aeryn\AppData\Local\Temp\ccEkD5gJ.o (__vector_dispatch_0)
c:/program files/microchip/xc32/v4.35/bin/bin/../../lib/gcc/pic32mx/8.3.1/../../../../pic32mx/lib\libpic32.a(vector1.o)
                              C:\Users\Aeryn\AppData\Local\Temp\ccEkD5gJ.o (__vector_dispatch_1)
c:/program files/microchip/xc32/v4.35/bin/bin/../../lib/gcc/pic32mx/8.3.1/../../../../pic32mx/lib\libpic32.a(vector2.o)
                              C:\Users\Aeryn\AppData\Local\Temp\ccEkD5gJ.o (__vector_dispatch_2)
c:/program files/microchip/xc32/v4.35/bin/bin/../../lib/gcc/pic32mx/8.3.1/../../../../pic32mx/lib\libpic32.a(vector3.o)
                              C:\Users\Aeryn\AppData\Local\Temp\ccEkD5gJ.o (__vector_dispatch_3)
c:/program files/microchip/xc32/v4.35/bin/bin/../../lib/gcc/pic32mx/8.3.1/../../../../pic32mx/lib\libpic32.a(vector5.o)
                              C:\Users\Aeryn\AppData\Local\Temp\ccEkD5gJ.o (__vector_dispatch_5)
c:/program files/microchip/xc32/v4.35/bin/bin/../../lib/gcc/pic32mx/8.3.1/../../../../pic32mx/lib\libpic32.a(vector6.o)
                              C:\Users\Aeryn\AppData\Local\Temp\ccEkD5gJ.o (__vector_dispatch_6)
c:/program files/microchip/xc32/v4.35/bin/bin/../../lib/gcc/pic32mx/8.3.1/../../../../pic32mx/lib\libpic32.a(vector7.o)
                              C:\Users\Aeryn\AppData\Local\Temp\ccEkD5gJ.o (__vector_dispatch_7)
c:/program files/microchip/xc32/v4.35/bin/bin/../../lib/gcc/pic32mx/8.3.1/../../../../pic32mx/lib\libpic32.a(vector9.o)
                              C:\Users\Aeryn\AppData\Local\Temp\ccEkD5gJ.o (__vector_dispatch_9)
c:/program files/microchip/xc32/v4.35/bin/bin/../../lib/gcc/pic32mx/8.3.1/../../../../pic32mx/lib\libpic32.a(vector10.o)
                              C:\Users\Aeryn\AppData\Local\Temp\ccEkD5gJ.o (__vector_dispatch_10)
c:/program files/microchip/xc32/v4.35/bin/bin/../../lib/gcc/pic32mx/8.3.1/../../../../pic32mx/lib\libpic32.a(vector11.o)
                              C:\Users\Aeryn\AppData\Local\Temp\ccEkD5gJ.o (__vector_dispatch_11)
c:/program files/microchip/xc32/v4.35/bin/bin/../../lib/gcc/pic32mx/8.3.1/../../../../pic32mx/lib\libpic32.a(vector12.o)
                              C:\Users\Aeryn\AppData\Local\Temp\ccEkD5gJ.o (__vector_dispatch_12)
c:/program files/microchip/xc32/v4.35/bin/bin/../../lib/gcc/pic32mx/8.3.1/../../../../pic32mx/lib\libpic32.a(vector13.o)
                              C:\Users\Aeryn\AppData\Local\Temp\ccEkD5gJ.o (__vector_dispatch_13)
c:/program files/microchip/xc32/v4.35/bin/bin/../../lib/gcc/pic32mx/8.3.1/../../../../pic32mx/lib\libpic32.a(vector14.o)
                              C:\Users\Aeryn\AppData\Local\Temp\ccEkD5gJ.o (__vector_dispatch_14)
[...]
Memory Configuration

Name             Origin             Length             Attributes
kseg0_data_mem   0x0000000080000000 0x0000000000000200
kseg1_data_mem   0x00000000a0000000 0x0000000000002000 w !x
kseg0_boot_mem   0x000000009fc00490 0x0000000000000000
kseg1_boot_mem   0x00000000bfc00000 0x0000000000000490
exception_mem    0x000000009d000000 0x0000000000000780
kseg0_program_mem 0x000000009d000780 0x0000000000007880 xr
debug_exec_mem   0x000000009fc00490 0x0000000000000760
config3          0x00000000bfc00bf0 0x0000000000000004
config2          0x00000000bfc00bf4 0x0000000000000004
config1          0x00000000bfc00bf8 0x0000000000000004
config0          0x00000000bfc00bfc 0x0000000000000004
sfrs             0x00000000bf800000 0x0000000000100000
configsfrs       0x00000000bfc00bf0 0x0000000000000010
*default*        0x0000000000000000 0xffffffffffffffff

Linker script and memory map


reserve_data_0_kseg0
                0x0000000080000000      0x200
                0x0000000080000000        0x2 SHORT 0x0
                0x00000000000001fd                . = 0x1fd
 *fill*         0x0000000080000002      0x1fb 
                0x0000000080000200                . = ALIGN (0x4)
 *fill*         0x00000000800001fd        0x3 

reserve_data_0_kseg1
                0x00000000a0000000      0x200
                0x00000000a0000000        0x2 SHORT 0x0
                0x00000000000001fd                . = 0x1fd
 *fill*         0x00000000a0000002      0x1fb 
                0x00000000a0000200                . = ALIGN (0x4)
 *fill*         0x00000000a00001fd        0x3 

reserve_boot_0x1fc00490_kseg0
                0x000000009fc00490      0x760
                0x000000009fc00490        0x2 SHORT 0x0
                0x0000000000000760                . = 0x760
 *fill*         0x000000009fc00492      0x75e 
                0x000000009fc00bf0                . = ALIGN (0x4)

reserve_boot_0x1fc00490_kseg1
                0x00000000bfc00490      0x760
                0x00000000bfc00490        0x2 SHORT 0x0
                0x0000000000000760                . = 0x760
 *fill*         0x00000000bfc00492      0x75e 
                0x00000000bfc00bf0                . = ALIGN (0x4)
LOAD c:/program files/microchip/xc32/v4.35/bin/bin/../../lib/gcc/pic32mx/8.3.1/../../../../pic32mx/lib\software-debug-break.o
LOAD build/basestation_development/debug/src/drv/DPS368/DPS368.o
LOAD build/basestation_development/debug/src/drv/SHT4x/SHT4x.o
LOAD build/basestation_development/debug/src/drv/SX1231H/SX1231H.o
LOAD build/basestation_development/debug/src/drv/SSD1803A/SSD1803A.o
LOAD build/basestation_development/debug/src/Main.o
LOAD build/basestation_development/debug/src/drv/HAL.o
LOAD build/basestation_development/debug/src/Interrupts.o
LOAD build/basestation_development/debug/src/PacketStructures.o
LOAD build/basestation_development/debug/src/Logging.o
LOAD build/basestation_development/debug/src/Application.o
                0x0000000000000001                __MPLAB_BUILD = 0x1
                0x0000000000000001                __MPLAB_DEBUG = 0x1
                0x0000000000000001                __DEBUG = 0x1
LOAD C:\Users\Aeryn\AppData\Local\Temp\ccUsUt38.o
LOAD C:\Users\Aeryn\AppData\Local\Temp\ccg5zCDh.o
LOAD C:\Users\Aeryn\AppData\Local\Temp\ccEkD5gJ.o
LOAD c:/program files/microchip/xc32/v4.35/bin/bin/../../lib/gcc/pic32mx/8.3.1/../../../../pic32mx/lib\pic32_software_reset.o
LOAD c:/program files/microchip/xc32/v4.35/bin/bin/../../lib/gcc/pic32mx/8.3.1\libgcc.a
START GROUP
LOAD c:/program files/microchip/xc32/v4.35/bin/bin/../../lib/gcc/pic32mx/8.3.1/../../../../pic32mx/lib\libpic32.a
LOAD c:/program files/microchip/xc32/v4.35/bin/bin/../../lib/gcc/pic32mx/8.3.1/../../../../pic32mx/lib\libdebug.a
LOAD c:/program files/microchip/xc32/v4.35/bin/bin/../../lib/gcc/pic32mx/8.3.1/../../../../pic32mx/lib\libc-musl.a
LOAD c:/program files/microchip/xc32/v4.35/bin/bin/../../lib/gcc/pic32mx/8.3.1/../../../../pic32mx/lib\libm.a
LOAD c:/program files/microchip/xc32/v4.35/bin/bin/../../lib/gcc/pic32mx/8.3.1/../../../../pic32mx/lib\libe.a
LOAD c:/program files/microchip/xc32/v4.35/bin/bin/../../lib/gcc/pic32mx/8.3.1/../../../../pic32mx/lib\libm-musl.a
LOAD c:/program files/microchip/xc32/v4.35/bin/bin/../../lib/gcc/pic32mx/8.3.1/../../../../pic32mx/lib\libdsp.a
LOAD c:/program files/microchip/xc32/v4.35/bin/bin/../../lib/gcc/pic32mx/8.3.1\libgcc.a
END GROUP
LOAD c:/program files/microchip/xc32/v4.35/bin/bin/../../lib/gcc/pic32mx/8.3.1\libgcc.a
                0x0000000000000400                PROVIDE (_min_stack_size = 0x400)
START GROUP
LOAD libmchp_peripheral.a
END GROUP
START GROUP
LOAD libmchp_peripheral_32MX120F032B.a
END GROUP
                0x0000000000000001                PROVIDE (_vector_spacing = 0x1)
                0x000000009d000000                PROVIDE (_ebase_address = 0x9d000000)
                0x00000000bfc00000                _RESET_ADDR = 0xbfc00000
                0x00000000bfc00380                _BEV_EXCPT_ADDR = 0xbfc00380
                0x00000000bfc00480                _DBG_EXCPT_ADDR = 0xbfc00480
                0x000000009fc00490                _DBG_CODE_ADDR = 0x9fc00490
                0x0000000000000760                _DBG_CODE_SIZE = 0x760
                0x000000009d000180                _GEN_EXCPT_ADDR = (_ebase_address + 0x180)

.config_BFC00BF0
                0x00000000bfc00bf0        0x4
 *(.config_BFC00BF0)
 .config_BFC00BF0
                0x00000000bfc00bf0        0x4 build/basestation_development/debug/src/Main.o
                0x00000000bfc00bf0                __config_BFC00BF0

.config_BFC00BF4
                0x00000000bfc00bf4        0x4
 *(.config_BFC00BF4)
 .config_BFC00BF4
                0x00000000bfc00bf4        0x4 build/basestation_development/debug/src/Main.o
                0x00000000bfc00bf4                __config_BFC00BF4

.config_BFC00BF8
                0x00000000bfc00bf8        0x4
 *(.config_BFC00BF8)
 .config_BFC00BF8
                0x00000000bfc00bf8        0x4 build/basestation_development/debug/src/Main.o
                0x00000000bfc00bf8                __config_BFC00BF8

.config_BFC00BFC
                0x00000000bfc00bfc        0x4
 *(.config_BFC00BFC)
 .config_BFC00BFC
                0x00000000bfc00bfc        0x4 build/basestation_development/debug/src/Main.o
                0x00000000bfc00bfc                __config_BFC00BFC

.reset          0x00000000bfc00000      0x178
 *(.reset)
 .reset         0x00000000bfc00000        0x8 C:\Users\Aeryn\AppData\Local\Temp\ccUsUt38.o
                0x00000000bfc00000                _reset
 *(.reset.startup)
 .reset.startup
                0x00000000bfc00008      0x170 C:\Users\Aeryn\AppData\Local\Temp\ccUsUt38.o
                0x00000000bfc00008                _startup

.bev_excpt      0x00000000bfc00380       0x10
 *(.bev_handler)
 .bev_handler   0x00000000bfc00380       0x10 C:\Users\Aeryn\AppData\Local\Temp\ccUsUt38.o

.dbg_excpt      0x00000000bfc00480        0x0
                0x00000000bfc00480                . = (. + DEFINED (_DEBUGGER)?0x8:0x0)

.dbg_code       0x000000009fc00490        0x0
                0x000000009fc00490                . = (. + DEFINED (_DEBUGGER)?_DBG_CODE_SIZE:0x0)

.app_excpt      0x000000009d000180       0x10
 *(.gen_handler)
 .gen_handler   0x000000009d000180       0x10 C:\Users\Aeryn\AppData\Local\Temp\ccUsUt38.o

.vector_0       0x000000009d000200        0x8
 *(.vector_0)
 .vector_0      0x000000009d000200        0x8 c:/program files/microchip/xc32/v4.35/bin/bin/../../lib/gcc/pic32mx/8.3.1/../../../../pic32mx/lib\libpic32.a(vector0.o)
                0x000000009d000200                __vector_dispatch_0
                0x0000000000000001                ASSERT (((_vector_spacing == 0x0) || (SIZEOF (.vector_0) <= (_vector_spacing << 0x5))), function at exception vector 0 too large)

.vector_1       0x000000009d000220        0x8
 *(.vector_1)
 .vector_1      0x000000009d000220        0x8 c:/program files/microchip/xc32/v4.35/bin/bin/../../lib/gcc/pic32mx/8.3.1/../../../../pic32mx/lib\libpic32.a(vector1.o)
                0x000000009d000220                __vector_dispatch_1
                0x0000000000000001                ASSERT (((_vector_spacing == 0x0) || (SIZEOF (.vector_1) <= (_vector_spacing << 0x5))), function at exception vector 1 too large)

.vector_2       0x000000009d000240        0x8
 *(.vector_2)
 .vector_2      0x000000009d000240        0x8 c:/program files/microchip/xc32/v4.35/bin/bin/../../lib/gcc/pic32mx/8.3.1/../../../../pic32mx/lib\libpic32.a(vector2.o)
                0x000000009d000240                __vector_dispatch_2
                0x0000000000000001                ASSERT (((_vector_spacing == 0x0) || (SIZEOF (.vector_2) <= (_vector_spacing << 0x5))), function at exception vector 2 too large)

.vector_3       0x000000009d000260        0x8
 *(.vector_3)
 .vector_3      0x000000009d000260        0x8 c:/program files/microchip/xc32/v4.35/bin/bin/../../lib/gcc/pic32mx/8.3.1/../../../../pic32mx/lib\libpic32.a(vector3.o)
                0x000000009d000260                __vector_dispatch_3
                0x0000000000000001                ASSERT (((_vector_spacing == 0x0) || (SIZEOF (.vector_3) <= (_vector_spacing << 0x5))), function at exception vector 3 too large)

.vector_4       0x000000009d000280        0x8
 *(.vector_4)
 .vector_4      0x000000009d000280        0x8 build/basestation_development/debug/src/Interrupts.o
                0x000000009d000280                __vector_dispatch_4
                0x0000000000000001                ASSERT (((_vector_spacing == 0x0) || (SIZEOF (.vector_4) <= (_vector_spacing << 0x5))), function at exception vector 4 too large)

.vector_5       0x000000009d0002a0        0x8
 *(.vector_5)
 .vector_5      0x000000009d0002a0        0x8 c:/program files/microchip/xc32/v4.35/bin/bin/../../lib/gcc/pic32mx/8.3.1/../../../../pic32mx/lib\libpic32.a(vector5.o)
                0x000000009d0002a0                __vector_dispatch_5
                0x0000000000000001                ASSERT (((_vector_spacing == 0x0) || (SIZEOF (.vector_5) <= (_vector_spacing << 0x5))), function at exception vector 5 too large)

.vector_6       0x000000009d0002c0        0x8
 *(.vector_6)
 .vector_6      0x000000009d0002c0        0x8 c:/program files/microchip/xc32/v4.35/bin/bin/../../lib/gcc/pic32mx/8.3.1/../../../../pic32mx/lib\libpic32.a(vector6.o)
                0x000000009d0002c0                __vector_dispatch_6
                0x0000000000000001                ASSERT (((_vector_spacing == 0x0) || (SIZEOF (.vector_6) <= (_vector_spacing << 0x5))), function at exception vector 6 too large)

.vector_7       0x000000009d0002e0        0x8
 *(.vector_7)
 .vector_7      0x000000009d0002e0        0x8 c:/program files/microchip/xc32/v4.35/bin/bin/../../lib/gcc/pic32mx/8.3.1/../../../../pic32mx/lib\libpic32.a(vector7.o)
                0x000000009d0002e0                __vector_dispatch_7
                0x0000000000000001                ASSERT (((_vector_spacing == 0x0) || (SIZEOF (.vector_7) <= (_vector_spacing << 0x5))), function at exception vector 7 too large)

.vector_8       0x000000009d000300        0x8
 *(.vector_8)
 .vector_8      0x000000009d000300        0x8 build/basestation_development/debug/src/Interrupts.o
                0x000000009d000300                __vector_dispatch_8
                0x0000000000000001                ASSERT (((_vector_spacing == 0x0) || (SIZEOF (.vector_8) <= (_vector_spacing << 0x5))), function at exception vector 8 too large)

.vector_9       0x000000009d000320        0x8
 *(.vector_9)
 .vector_9      0x000000009d000320        0x8 c:/program files/microchip/xc32/v4.35/bin/bin/../../lib/gcc/pic32mx/8.3.1/../../../../pic32mx/lib\libpic32.a(vector9.o)
                0x000000009d000320                __vector_dispatch_9
                0x0000000000000001                ASSERT (((_vector_spacing == 0x0) || (SIZEOF (.vector_9) <= (_vector_spacing << 0x5))), function at exception vector 9 too large)

.vector_10      0x000000009d000340        0x8
 *(.vector_10)
 .vector_10     0x000000009d000340        0x8 c:/program files/microchip/xc32/v4.35/bin/bin/../../lib/gcc/pic32mx/8.3.1/../../../../pic32mx/lib\libpic32.a(vector10.o)
                0x000000009d000340                __vector_dispatch_10
                0x0000000000000001                ASSERT (((_vector_spacing == 0x0) || (SIZEOF (.vector_10) <= (_vector_spacing << 0x5))), function at exception vector 10 too large)

.vector_11      0x000000009d000360        0x8
 *(.vector_11)
 .vector_11     0x000000009d000360        0x8 c:/program files/microchip/xc32/v4.35/bin/bin/../../lib/gcc/pic32mx/8.3.1/../../../../pic32mx/lib\libpic32.a(vector11.o)
                0x000000009d000360                __vector_dispatch_11
                0x0000000000000001                ASSERT (((_vector_spacing == 0x0) || (SIZEOF (.vector_11) <= (_vector_spacing << 0x5))), function at exception vector 11 too large)

.vector_12      0x000000009d000380        0x8
 *(.vector_12)
 .vector_12     0x000000009d000380        0x8 c:/program files/microchip/xc32/v4.35/bin/bin/../../lib/gcc/pic32mx/8.3.1/../../../../pic32mx/lib\libpic32.a(vector12.o)
                0x000000009d000380                __vector_dispatch_12
                0x0000000000000001                ASSERT (((_vector_spacing == 0x0) || (SIZEOF (.vector_12) <= (_vector_spacing << 0x5))), function at exception vector 12 too large)

.vector_13      0x000000009d0003a0        0x8
 *(.vector_13)
 .vector_13     0x000000009d0003a0        0x8 c:/program files/microchip/xc32/v4.35/bin/bin/../../lib/gcc/pic32mx/8.3.1/../../../../pic32mx/lib\libpic32.a(vector13.o)
                0x000000009d0003a0                __vector_dispatch_13
                0x0000000000000001                ASSERT (((_vector_spacing == 0x0) || (SIZEOF (.vector_13) <= (_vector_spacing << 0x5))), function at exception vector 13 too large)

.vector_14      0x000000009d0003c0        0x8
 *(.vector_14)
 .vector_14     0x000000009d0003c0        0x8 c:/program files/microchip/xc32/v4.35/bin/bin/../../lib/gcc/pic32mx/8.3.1/../../../../pic32mx/lib\libpic32.a(vector14.o)
                0x000000009d0003c0                __vector_dispatch_14
                0x0000000000000001                ASSERT (((_vector_spacing == 0x0) || (SIZEOF (.vector_14) <= (_vector_spacing << 0x5))), function at exception vector 14 too large)

.vector_15      0x000000009d0003e0        0x8
 *(.vector_15)
 .vector_15     0x000000009d0003e0        0x8 c:/program files/microchip/xc32/v4.35/bin/bin/../../lib/gcc/pic32mx/8.3.1/../../../../pic32mx/lib\libpic32.a(vector15.o)
                0x000000009d0003e0                __vector_dispatch_15
                0x0000000000000001                ASSERT (((_vector_spacing == 0x0) || (SIZEOF (.vector_15) <= (_vector_spacing << 0x5))), function at exception vector 15 too large)

.vector_16      0x000000009d000400        0x8
 *(.vector_16)
 .vector_16     0x000000009d000400        0x8 c:/program files/microchip/xc32/v4.35/bin/bin/../../lib/gcc/pic32mx/8.3.1/../../../../pic32mx/lib\libpic32.a(vector16.o)
                0x000000009d000400                __vector_dispatch_16
                0x0000000000000001                ASSERT (((_vector_spacing == 0x0) || (SIZEOF (.vector_16) <= (_vector_spacing << 0x5))), function at exception vector 16 too large)

.vector_17      0x000000009d000420        0x8
 *(.vector_17)
 .vector_17     0x000000009d000420        0x8 c:/program files/microchip/xc32/v4.35/bin/bin/../../lib/gcc/pic32mx/8.3.1/../../../../pic32mx/lib\libpic32.a(vector17.o)
                0x000000009d000420                __vector_dispatch_17
                0x0000000000000001                ASSERT (((_vector_spacing == 0x0) || (SIZEOF (.vector_17) <= (_vector_spacing << 0x5))), function at exception vector 17 too large)

.vector_18      0x000000009d000440        0x8
 *(.vector_18)
 .vector_18     0x000000009d000440        0x8 c:/program files/microchip/xc32/v4.35/bin/bin/../../lib/gcc/pic32mx/8.3.1/../../../../pic32mx/lib\libpic32.a(vector18.o)
                0x000000009d000440                __vector_dispatch_18
                0x0000000000000001                ASSERT (((_vector_spacing == 0x0) || (SIZEOF (.vector_18) <= (_vector_spacing << 0x5))), function at exception vector 18 too large)

.vector_19      0x000000009d000460        0x8
 *(.vector_19)
 .vector_19     0x000000009d000460        0x8 build/basestation_development/debug/src/Interrupts.o
                0x000000009d000460                __vector_dispatch_19
                0x0000000000000001                ASSERT (((_vector_spacing == 0x0) || (SIZEOF (.vector_19) <= (_vector_spacing << 0x5))), function at exception vector 19 too large)

.vector_20      0x000000009d000480        0x8
 *(.vector_20)
 .vector_20     0x000000009d000480        0x8 c:/program files/microchip/xc32/v4.35/bin/bin/../../lib/gcc/pic32mx/8.3.1/../../../../pic32mx/lib\libpic32.a(vector20.o)
                0x000000009d000480                __vector_dispatch_20
                0x0000000000000001                ASSERT (((_vector_spacing == 0x0) || (SIZEOF (.vector_20) <= (_vector_spacing << 0x5))), function at exception vector 20 too large)

.vector_21      0x000000009d0004a0        0x8
 *(.vector_21)
 .vector_21     0x000000009d0004a0        0x8 c:/program files/microchip/xc32/v4.35/bin/bin/../../lib/gcc/pic32mx/8.3.1/../../../../pic32mx/lib\libpic32.a(vector21.o)
                0x000000009d0004a0                __vector_dispatch_21
                0x0000000000000001                ASSERT (((_vector_spacing == 0x0) || (SIZEOF (.vector_21) <= (_vector_spacing << 0x5))), function at exception vector 21 too large)

.vector_22      0x000000009d0004c0        0x8
 *(.vector_22)
 .vector_22     0x000000009d0004c0        0x8 c:/program files/microchip/xc32/v4.35/bin/bin/../../lib/gcc/pic32mx/8.3.1/../../../../pic32mx/lib\libpic32.a(vector22.o)
                0x000000009d0004c0                __vector_dispatch_22
                0x0000000000000001                ASSERT (((_vector_spacing == 0x0) || (SIZEOF (.vector_22) <= (_vector_spacing << 0x5))), function at exception vector 22 too large)

.vector_23      0x000000009d0004e0        0x8
 *(.vector_23)
 .vector_23     0x000000009d0004e0        0x8 c:/program files/microchip/xc32/v4.35/bin/bin/../../lib/gcc/pic32mx/8.3.1/../../../../pic32mx/lib\libpic32.a(vector23.o)
                0x000000009d0004e0                __vector_dispatch_23
                0x0000000000000001                ASSERT (((_vector_spacing == 0x0) || (SIZEOF (.vector_23) <= (_vector_spacing << 0x5))), function at exception vector 23 too large)

.vector_24      0x000000009d000500        0x8
 *(.vector_24)
 .vector_24     0x000000009d000500        0x8 c:/program files/microchip/xc32/v4.35/bin/bin/../../lib/gcc/pic32mx/8.3.1/../../../../pic32mx/lib\libpic32.a(vector24.o)
                0x000000009d000500                __vector_dispatch_24
                0x0000000000000001                ASSERT (((_vector_spacing == 0x0) || (SIZEOF (.vector_24) <= (_vector_spacing << 0x5))), function at exception vector 24 too large)

.vector_25      0x000000009d000520        0x8
 *(.vector_25)
 .vector_25     0x000000009d000520        0x8 build/basestation_development/debug/src/Interrupts.o
                0x000000009d000520                __vector_dispatch_25
                0x0000000000000001                ASSERT (((_vector_spacing == 0x0) || (SIZEOF (.vector_25) <= (_vector_spacing << 0x5))), function at exception vector 25 too large)

.vector_26      0x000000009d000540        0x8
 *(.vector_26)
 .vector_26     0x000000009d000540        0x8 c:/program files/microchip/xc32/v4.35/bin/bin/../../lib/gcc/pic32mx/8.3.1/../../../../pic32mx/lib\libpic32.a(vector26.o)
                0x000000009d000540                __vector_dispatch_26
                0x0000000000000001                ASSERT (((_vector_spacing == 0x0) || (SIZEOF (.vector_26) <= (_vector_spacing << 0x5))), function at exception vector 26 too large)

.vector_27      0x000000009d000560        0x8
 *(.vector_27)
 .vector_27     0x000000009d000560        0x8 c:/program files/microchip/xc32/v4.35/bin/bin/../../lib/gcc/pic32mx/8.3.1/../../../../pic32mx/lib\libpic32.a(vector27.o)
                0x000000009d000560                __vector_dispatch_27
                0x0000000000000001                ASSERT (((_vector_spacing == 0x0) || (SIZEOF (.vector_27) <= (_vector_spacing << 0x5))), function at exception vector 27 too large)

.vector_28      0x000000009d000580        0x8
 *(.vector_28)
 .vector_28     0x000000009d000580        0x8 c:/program files/microchip/xc32/v4.35/bin/bin/../../lib/gcc/pic32mx/8.3.1/../../../../pic32mx/lib\libpic32.a(vector28.o)
                0x000000009d000580                __vector_dispatch_28
                0x0000000000000001                ASSERT (((_vector_spacing == 0x0) || (SIZEOF (.vector_28) <= (_vector_spacing << 0x5))), function at exception vector 28 too large)

.vector_29      0x000000009d0005a0        0x8
 *(.vector_29)
 .vector_29     0x000000009d0005a0        0x8 c:/program files/microchip/xc32/v4.35/bin/bin/../../lib/gcc/pic32mx/8.3.1/../../../../pic32mx/lib\libpic32.a(vector29.o)
                0x000000009d0005a0                __vector_dispatch_29
                0x0000000000000001                ASSERT (((_vector_spacing == 0x0) || (SIZEOF (.vector_29) <= (_vector_spacing << 0x5))), function at exception vector 29 too large)

.vector_30      0x000000009d0005c0        0x8
 *(.vector_30)
 .vector_30     0x000000009d0005c0        0x8 c:/program files/microchip/xc32/v4.35/bin/bin/../../lib/gcc/pic32mx/8.3.1/../../../../pic32mx/lib\libpic32.a(vector30.o)
                0x000000009d0005c0                __vector_dispatch_30
                0x0000000000000001                ASSERT (((_vector_spacing == 0x0) || (SIZEOF (.vector_30) <= (_vector_spacing << 0x5))), function at exception vector 30 too large)

.vector_31      0x000000009d0005e0        0x8
 *(.vector_31)
 .vector_31     0x000000009d0005e0        0x8 c:/program files/microchip/xc32/v4.35/bin/bin/../../lib/gcc/pic32mx/8.3.1/../../../../pic32mx/lib\libpic32.a(vector31.o)
                0x000000009d0005e0                __vector_dispatch_31
                0x0000000000000001                ASSERT (((_vector_spacing == 0x0) || (SIZEOF (.vector_31) <= (_vector_spacing << 0x5))), function at exception vector 31 too large)

.vector_32      0x000000009d000600        0x8
 *(.vector_32)
 .vector_32     0x000000009d000600        0x8 c:/program files/microchip/xc32/v4.35/bin/bin/../../lib/gcc/pic32mx/8.3.1/../../../../pic32mx/lib\libpic32.a(vector32.o)
                0x000000009d000600                __vector_dispatch_32
                0x0000000000000001                ASSERT (((_vector_spacing == 0x0) || (SIZEOF (.vector_32) <= (_vector_spacing << 0x5))), function at exception vector 32 too large)

.vector_33      0x000000009d000620        0x8
 *(.vector_33)
 .vector_33     0x000000009d000620        0x8 c:/program files/microchip/xc32/v4.35/bin/bin/../../lib/gcc/pic32mx/8.3.1/../../../../pic32mx/lib\libpic32.a(vector33.o)
                0x000000009d000620                __vector_dispatch_33
                0x0000000000000001                ASSERT (((_vector_spacing == 0x0) || (SIZEOF (.vector_33) <= (_vector_spacing << 0x5))), function at exception vector 33 too large)

.vector_34      0x000000009d000640        0x8
 *(.vector_34)
 .vector_34     0x000000009d000640        0x8 build/basestation_development/debug/src/Interrupts.o
                0x000000009d000640                __vector_dispatch_34
                0x0000000000000001                ASSERT (((_vector_spacing == 0x0) || (SIZEOF (.vector_34) <= (_vector_spacing << 0x5))), function at exception vector 34 too large)

.vector_35      0x000000009d000660        0x8
 *(.vector_35)
 .vector_35     0x000000009d000660        0x8 c:/program files/microchip/xc32/v4.35/bin/bin/../../lib/gcc/pic32mx/8.3.1/../../../../pic32mx/lib\libpic32.a(vector35.o)
                0x000000009d000660                __vector_dispatch_35
                0x0000000000000001                ASSERT (((_vector_spacing == 0x0) || (SIZEOF (.vector_35) <= (_vector_spacing << 0x5))), function at exception vector 35 too large)

.vector_36      0x000000009d000680        0x8
 *(.vector_36)
 .vector_36     0x000000009d000680        0x8 c:/program files/microchip/xc32/v4.35/bin/bin/../../lib/gcc/pic32mx/8.3.1/../../../../pic32mx/lib\libpic32.a(vector36.o)
                0x000000009d000680                __vector_dispatch_36
                0x0000000000000001                ASSERT (((_vector_spacing == 0x0) || (SIZEOF (.vector_36) <= (_vector_spacing << 0x5))), function at exception vector 36 too large)

.vector_37      0x000000009d0006a0        0x8
 *(.vector_37)
 .vector_37     0x000000009d0006a0        0x8 c:/program files/microchip/xc32/v4.35/bin/bin/../../lib/gcc/pic32mx/8.3.1/../../../../pic32mx/lib\libpic32.a(vector37.o)
                0x000000009d0006a0                __vector_dispatch_37
                0x0000000000000001                ASSERT (((_vector_spacing == 0x0) || (SIZEOF (.vector_37) <= (_vector_spacing << 0x5))), function at exception vector 37 too large)

.vector_38      0x000000009d0006c0        0x8
 *(.vector_38)
 .vector_38     0x000000009d0006c0        0x8 c:/program files/microchip/xc32/v4.35/bin/bin/../../lib/gcc/pic32mx/8.3.1/../../../../pic32mx/lib\libpic32.a(vector38.o)
                0x000000009d0006c0                __vector_dispatch_38
                0x0000000000000001                ASSERT (((_vector_spacing == 0x0) || (SIZEOF (.vector_38) <= (_vector_spacing << 0x5))), function at exception vector 38 too large)

.vector_39      0x000000009d0006e0        0x8
 *(.vector_39)
 .vector_39     0x000000009d0006e0        0x8 c:/program files/microchip/xc32/v4.35/bin/bin/../../lib/gcc/pic32mx/8.3.1/../../../../pic32mx/lib\libpic32.a(vector39.o)
                0x000000009d0006e0                __vector_dispatch_39
                0x0000000000000001                ASSERT (((_vector_spacing == 0x0) || (SIZEOF (.vector_39) <= (_vector_spacing << 0x5))), function at exception vector 39 too large)

.vector_40      0x000000009d000700        0x8
 *(.vector_40)
 .vector_40     0x000000009d000700        0x8 c:/program files/microchip/xc32/v4.35/bin/bin/../../lib/gcc/pic32mx/8.3.1/../../../../pic32mx/lib\libpic32.a(vector40.o)
                0x000000009d000700                __vector_dispatch_40
                0x0000000000000001                ASSERT (((_vector_spacing == 0x0) || (SIZEOF (.vector_40) <= (_vector_spacing << 0x5))), function at exception vector 40 too large)

.vector_41      0x000000009d000720        0x8
 *(.vector_41)
 .vector_41     0x000000009d000720        0x8 c:/program files/microchip/xc32/v4.35/bin/bin/../../lib/gcc/pic32mx/8.3.1/../../../../pic32mx/lib\libpic32.a(vector41.o)
                0x000000009d000720                __vector_dispatch_41
                0x0000000000000001                ASSERT (((_vector_spacing == 0x0) || (SIZEOF (.vector_41) <= (_vector_spacing << 0x5))), function at exception vector 41 too large)

.vector_42      0x000000009d000740        0x8
 *(.vector_42)
 .vector_42     0x000000009d000740        0x8 build/basestation_development/debug/src/Interrupts.o
                0x000000009d000740                __vector_dispatch_42
                0x0000000000000001                ASSERT (((_vector_spacing == 0x0) || (SIZEOF (.vector_42) <= (_vector_spacing << 0x5))), function at exception vector 42 too large)

.vector_43      0x000000009d000760        0x8
 *(.vector_43)
 .vector_43     0x000000009d000760        0x8 c:/program files/microchip/xc32/v4.35/bin/bin/../../lib/gcc/pic32mx/8.3.1/../../../../pic32mx/lib\libpic32.a(vector43.o)
                0x000000009d000760                __vector_dispatch_43
                0x0000000000000001                ASSERT (((_vector_spacing == 0x0) || (SIZEOF (.vector_43) <= (_vector_spacing << 0x5))), function at exception vector 43 too large)

.startup
 *(.startup)

.text           0x000000009d000780        0x0
 *(.stub .gnu.linkonce.t.*)
 *(.text.*personality*)
 *(.mips16.fn.*)
 *(.mips16.call.*)
 *(.gnu.warning)
                0x000000009d000780                . = ALIGN (0x4)

.init           0x000000009d000780        0x0
 *crti.o(.init)
 *crtbegin.o(.init)
 *(EXCLUDE_FILE(*crtn.o *crtend?.o *crtend.o) .init)
 *crtend.o(.init)
 *crtn.o(.init)
                0x000000009d000780                . = ALIGN (0x4)

.fini           0x000000009d000780        0x0
 *(.fini)
                0x000000009d000780                . = ALIGN (0x4)

.preinit_array  0x000000009d000780        0x0
                [!provide]                        PROVIDE (__preinit_array_start = .)
 *(.preinit_array)
                [!provide]                        PROVIDE (__preinit_array_end = .)
                0x000000009d000780                . = ALIGN (0x4)

.init_array     0x000000009d000780        0x0
                [!provide]                        PROVIDE (__init_array_start = .)
 *(SORT_BY_NAME(.init_array.*))
 *(.init_array)
                [!provide]                        PROVIDE (__init_array_end = .)
                0x000000009d000780                . = ALIGN (0x4)

.fini_array     0x000000009d000780        0x0
                [!provide]                        PROVIDE (__fini_array_start = .)
 *(SORT_BY_NAME(.fini_array.*))
 *(.fini_array)
                [!provide]                        PROVIDE (__fini_array_end = .)
                0x000000009d000780                . = ALIGN (0x4)

.ctors          0x000000009d000780        0x0
 *crtbegin.o(.ctors)
 *crtbegin?.o(.ctors)
 *(EXCLUDE_FILE(*crtend?.o *crtend.o) .ctors)
 *(SORT_BY_NAME(.ctors.*))
 *(.ctors)
                0x000000009d000780                . = ALIGN (0x4)

.dtors          0x000000009d000780        0x0
 *crtbegin.o(.dtors)
 *crtbegin?.o(.dtors)
 *(EXCLUDE_FILE(*crtend?.o *crtend.o) .dtors)
 *(SORT_BY_NAME(.dtors.*))
 *(.dtors)
                0x000000009d000780                . = ALIGN (0x4)

.rodata         0x000000009d000780        0x0
 *(.gnu.linkonce.r.*)
 *(.rodata1)
                0x000000009d000780                . = ALIGN (0x4)

.sdata2         0x000000009d000780        0x0
 *(.sdata2 .sdata2.* .gnu.linkonce.s2.*)
                0x000000009d000780                . = ALIGN (0x4)

.sbss2          0x000000009d000780        0x0
 *(.sbss2 .sbss2.* .gnu.linkonce.sb2.*)
                0x000000009d000780                . = ALIGN (0x4)

.eh_frame_hdr
 *(.eh_frame_hdr)
                0x000000009d000780                . = ALIGN (0x4)

.eh_frame
 *(.eh_frame)
                0x000000009d000780                . = ALIGN (0x4)

.gcc_except_table
 *(.gcc_except_table .gcc_except_table.*)
                0x000000009d000780                . = ALIGN (0x4)

.dbg_data       0x00000000a0000200        0x0
                0x00000000a0000200                . = (. + DEFINED (_DEBUGGER)?0x200:0x0)

.jcr            0x00000000a0000200        0x0
 *(.jcr)
                0x00000000a0000200                . = ALIGN (0x4)

.eh_frame
 *(.eh_frame)
                0x00000000a0000200                . = ALIGN (0x4)

.gcc_except_table
 *(.gcc_except_table .gcc_except_table.*)
                0x00000000a0000200                . = ALIGN (0x4)

.persist        0x00000000a0000200        0x0
                0x00000000a0000200                _persist_begin = .
 *(.persist .persist.*)
                0x00000000a0000200                . = ALIGN (0x4)
                0x00000000a0000200                _persist_end = .

.data           0x00000000a0000200        0x0
 *(.gnu.linkonce.d.*)
 *(.data1)
                0x00000000a0000200                . = ALIGN (0x4)
                0x00000000a0000200                . = .
                0x00000000a00081f0                _gp = (ALIGN (0x10) + 0x7ff0)

.got            0x00000000a0000200        0x0
 *(.got.plt)
 *(.got)
                0x00000000a0000200                . = ALIGN (0x4)

.sdata          0x00000000a0000200        0x0
                0x00000000a0000200                _sdata_begin = .
 *(.sdata .sdata.* .gnu.linkonce.s.*)
                0x00000000a0000200                . = ALIGN (0x4)
                0x00000000a0000200                _sdata_end = .

.lit8
 *(.lit8)

.lit4
 *(.lit4)
                0x00000000a0000200                . = ALIGN (0x4)
                0x00000000a0000200                _data_end = .
                0x00000000a0000200                _bss_begin = .

.sbss           0x00000000a0000200       0x44
                0x00000000a0000200                _sbss_begin = .
 *(.dynsbss)
 *(.sbss .sbss.* .gnu.linkonce.sb.*)
 .sbss          0x00000000a0000200       0x1e build/basestation_development/debug/src/drv/DPS368/DPS368.o
                0x00000000a0000200                presScalingFactorDPS368
                0x00000000a0000204                tempScalingFactorDPS368
                0x00000000a0000208                dps368Cal_c0
                0x00000000a000020a                dps368Cal_c1
                0x00000000a000020c                dps368Cal_c00
                0x00000000a0000210                dps368Cal_c10
                0x00000000a0000214                dps368Cal_c01
                0x00000000a0000216                dps368Cal_c11
                0x00000000a0000218                dps368Cal_c20
                0x00000000a000021a                dps368Cal_c21
                0x00000000a000021c                dps368Cal_c30
 *fill*         0x00000000a000021e        0x2 
 .sbss          0x00000000a0000220        0x4 build/basestation_development/debug/src/drv/SSD1803A/SSD1803A.o
                0x00000000a0000220                statusRegister_SSD1803A
 .sbss          0x00000000a0000224        0x2 build/basestation_development/debug/src/PacketStructures.o
                0x00000000a0000224                globalFrameCount
 *fill*         0x00000000a0000226        0x2 
 .sbss          0x00000000a0000228       0x1c build/basestation_development/debug/src/Application.o
                0x00000000a0000228                sensorThreadState
                0x00000000a000022c                radioThreadState
                0x00000000a0000230                mostRecentTemp
                0x00000000a0000234                mostRecentRH
                0x00000000a0000238                mostRecentPres
                0x00000000a000023c                txAttempts
                0x00000000a0000240                mostRecentRSSI
 *(.scommon)
                0x00000000a0000244                _sbss_end = .
                0x00000000a0000244                . = ALIGN (0x4)

.bss            0x00000000a0000244        0x0
 *(.dynbss)
 *(COMMON)
                0x00000000a0000244                . = ALIGN ((. != 0x0)?0x4:0x1)
                0x00000000a0000244                . = ALIGN (0x4)
                0x00000000a0000244                _end = .
                0x00000000a0000244                _bss_end = .
                0x0000000000002000                _bmxdudba_address = LENGTH (kseg1_data_mem)
                0x0000000000002000                _bmxdupba_address = LENGTH (kseg1_data_mem)

/DISCARD/
 *(.pdr)
 *(.rel.dyn)
 *(.note.GNU-stack)
 *(.note.GNU-stack)
 *(.gnu_debuglink)
 *(.gnu.lto_*)
 *(.discard)

.gptab.sdata
 *(.gptab.data)
 *(.gptab.sdata)

.gptab.sbss
 *(.gptab.bss)
 *(.gptab.sbss)

.mdebug.abi32   0x0000000000000000        0x0
 *(.mdebug.abi32)
 .mdebug.abi32  0x0000000000000000        0x0 c:/program files/microchip/xc32/v4.35/bin/bin/../../lib/gcc/pic32mx/8.3.1/../../../../pic32mx/lib\software-debug-break.o
 .mdebug.abi32  0x0000000000000000        0x0 build/basestation_development/debug/src/drv/DPS368/DPS368.o
 .mdebug.abi32  0x0000000000000000        0x0 build/basestation_development/debug/src/drv/SHT4x/SHT4x.o
 .mdebug.abi32  0x0000000000000000        0x0 build/basestation_development/debug/src/drv/SX1231H/SX1231H.o
 .mdebug.abi32  0x0000000000000000        0x0 build/basestation_development/debug/src/drv/SSD1803A/SSD1803A.o
 .mdebug.abi32  0x0000000000000000        0x0 build/basestation_development/debug/src/Main.o
 .mdebug.abi32  0x0000000000000000        0x0 build/basestation_development/debug/src/drv/HAL.o
 .mdebug.abi32  0x0000000000000000        0x0 build/basestation_development/debug/src/Interrupts.o
 .mdebug.abi32  0x0000000000000000        0x0 build/basestation_development/debug/src/PacketStructures.o
 .mdebug.abi32  0x0000000000000000        0x0 build/basestation_development/debug/src/Logging.o
 .mdebug.abi32  0x0000000000000000        0x0 build/basestation_development/debug/src/Application.o
 .mdebug.abi32  0x0000000000000000        0x0 c:/program files/microchip/xc32/v4.35/bin/bin/../../lib/gcc/pic32mx/8.3.1\libgcc.a(floatunsisf.o)
 .mdebug.abi32  0x0000000000000000        0x0 c:/program files/microchip/xc32/v4.35/bin/bin/../../lib/gcc/pic32mx/8.3.1/../../../../pic32mx/lib\libpic32.a(default-bootstrap-exception-handler.o)
 .mdebug.abi32  0x0000000000000000        0x0 c:/program files/microchip/xc32/v4.35/bin/bin/../../lib/gcc/pic32mx/8.3.1/../../../../pic32mx/lib\libpic32.a(default-on-reset.o)
 .mdebug.abi32  0x0000000000000000        0x0 c:/program files/microchip/xc32/v4.35/bin/bin/../../lib/gcc/pic32mx/8.3.1/../../../../pic32mx/lib\libpic32.a(default-on-bootstrap.o)
 .mdebug.abi32  0x0000000000000000        0x0 c:/program files/microchip/xc32/v4.35/bin/bin/../../lib/gcc/pic32mx/8.3.1/../../../../pic32mx/lib\libpic32.a(default-general-exception-handler.o)
 .mdebug.abi32  0x0000000000000000        0x0 c:/program files/microchip/xc32/v4.35/bin/bin/../../lib/gcc/pic32mx/8.3.1/../../../../pic32mx/lib\libpic32.a(defaultinterrupt.o)

.mdebug.abiN32
 *(.mdebug.abiN32)

.mdebug.abi64
 *(.mdebug.abi64)

.mdebug.abiO64
 *(.mdebug.abiO64)

.mdebug.eabi32
 *(.mdebug.eabi32)

.mdebug.eabi64
 *(.mdebug.eabi64)

.gcc_compiled_long32
 *(.gcc_compiled_long32)

.gcc_compiled_long64
 *(.gcc_compiled_long64)

.stab
 *(.stab)

.stabstr
 *(.stabstr)

.stab.excl
 *(.stab.excl)

.stab.exclstr
 *(.stab.exclstr)

.stab.index
 *(.stab.index)

.stab.indexstr
 *(.stab.indexstr)

.comment        0x0000000000000000       0x44
 *(.comment)
 .comment       0x0000000000000000       0x2b c:/program files/microchip/xc32/v4.35/bin/bin/../../lib/gcc/pic32mx/8.3.1/../../../../pic32mx/lib\software-debug-break.o
                                         0x2c (size before relaxing)
 .comment       0x000000000000002b       0x2c build/basestation_development/debug/src/drv/DPS368/DPS368.o
 .comment       0x000000000000002b       0x2c build/basestation_development/debug/src/drv/SHT4x/SHT4x.o
 .comment       0x000000000000002b       0x2c build/basestation_development/debug/src/drv/SX1231H/SX1231H.o
 .comment       0x000000000000002b       0x2c build/basestation_development/debug/src/drv/SSD1803A/SSD1803A.o
 .comment       0x000000000000002b       0x2c build/basestation_development/debug/src/Main.o
 .comment       0x000000000000002b       0x2c build/basestation_development/debug/src/drv/HAL.o
 .comment       0x000000000000002b       0x2c build/basestation_development/debug/src/Interrupts.o
 .comment       0x000000000000002b       0x2c build/basestation_development/debug/src/PacketStructures.o
 .comment       0x000000000000002b       0x2c build/basestation_development/debug/src/Logging.o
 .comment       0x000000000000002b       0x2c build/basestation_development/debug/src/Application.o
 .comment       0x000000000000002b       0x2c c:/program files/microchip/xc32/v4.35/bin/bin/../../lib/gcc/pic32mx/8.3.1\libgcc.a(floatunsisf.o)
 .comment       0x000000000000002b       0x19 c:/program files/microchip/xc32/v4.35/bin/bin/../../lib/gcc/pic32mx/8.3.1/../../../../pic32mx/lib\libpic32.a(strlen.o)
                                         0x1a (size before relaxing)
 .comment       0x0000000000000044       0x2c c:/program files/microchip/xc32/v4.35/bin/bin/../../lib/gcc/pic32mx/8.3.1/../../../../pic32mx/lib\libpic32.a(default-bootstrap-exception-handler.o)
 .comment       0x0000000000000044       0x2c c:/program files/microchip/xc32/v4.35/bin/bin/../../lib/gcc/pic32mx/8.3.1/../../../../pic32mx/lib\libpic32.a(default-on-reset.o)
 .comment       0x0000000000000044       0x2c c:/program files/microchip/xc32/v4.35/bin/bin/../../lib/gcc/pic32mx/8.3.1/../../../../pic32mx/lib\libpic32.a(default-on-bootstrap.o)
 .comment       0x0000000000000044       0x2c c:/program files/microchip/xc32/v4.35/bin/bin/../../lib/gcc/pic32mx/8.3.1/../../../../pic32mx/lib\libpic32.a(default-general-exception-handler.o)
 .comment       0x0000000000000044       0x2c c:/program files/microchip/xc32/v4.35/bin/bin/../../lib/gcc/pic32mx/8.3.1/../../../../pic32mx/lib\libpic32.a(defaultinterrupt.o)

.debug
 *.elf(.debug)
 *(.debug)

.line
 *.elf(.line)
 *(.line)

.debug_srcinfo
 *.elf(.debug_srcinfo)
 *(.debug_srcinfo)

.debug_sfnames
 *.elf(.debug_sfnames)
 *(.debug_sfnames)

.debug_aranges  0x0000000000000000      0x498
 *.elf(.debug_aranges)
 *(.debug_aranges)
 .debug_aranges
                0x0000000000000000       0x20 c:/program files/microchip/xc32/v4.35/bin/bin/../../lib/gcc/pic32mx/8.3.1/../../../../pic32mx/lib\software-debug-break.o
 .debug_aranges
                0x0000000000000020       0x88 build/basestation_development/debug/src/drv/DPS368/DPS368.o
 .debug_aranges
                0x00000000000000a8       0x40 build/basestation_development/debug/src/drv/SHT4x/SHT4x.o
 .debug_aranges
                0x00000000000000e8       0x78 build/basestation_development/debug/src/drv/SX1231H/SX1231H.o
 .debug_aranges
                0x0000000000000160       0x70 build/basestation_development/debug/src/drv/SSD1803A/SSD1803A.o
 .debug_aranges
                0x00000000000001d0       0x30 build/basestation_development/debug/src/Main.o
 .debug_aranges
                0x0000000000000200       0x48 build/basestation_development/debug/src/drv/HAL.o
 .debug_aranges
                0x0000000000000248       0x50 build/basestation_development/debug/src/Interrupts.o
 .debug_aranges
                0x0000000000000298       0x40 build/basestation_development/debug/src/PacketStructures.o
 .debug_aranges
                0x00000000000002d8       0x40 build/basestation_development/debug/src/Logging.o
 .debug_aranges
                0x0000000000000318       0x80 build/basestation_development/debug/src/Application.o
 .debug_aranges
                0x0000000000000398       0x40 C:\Users\Aeryn\AppData\Local\Temp\ccUsUt38.o
 .debug_aranges
                0x00000000000003d8       0x20 c:/program files/microchip/xc32/v4.35/bin/bin/../../lib/gcc/pic32mx/8.3.1\libgcc.a(floatunsisf.o)
 .debug_aranges
                0x00000000000003f8       0x20 c:/program files/microchip/xc32/v4.35/bin/bin/../../lib/gcc/pic32mx/8.3.1/../../../../pic32mx/lib\libpic32.a(default-bootstrap-exception-handler.o)
 .debug_aranges
                0x0000000000000418       0x20 c:/program files/microchip/xc32/v4.35/bin/bin/../../lib/gcc/pic32mx/8.3.1/../../../../pic32mx/lib\libpic32.a(default-on-reset.o)
 .debug_aranges
                0x0000000000000438       0x20 c:/program files/microchip/xc32/v4.35/bin/bin/../../lib/gcc/pic32mx/8.3.1/../../../../pic32mx/lib\libpic32.a(default-on-bootstrap.o)
 .debug_aranges
                0x0000000000000458       0x20 c:/program files/microchip/xc32/v4.35/bin/bin/../../lib/gcc/pic32mx/8.3.1/../../../../pic32mx/lib\libpic32.a(default-general-exception-handler.o)
 .debug_aranges
                0x0000000000000478       0x20 c:/program files/microchip/xc32/v4.35/bin/bin/../../lib/gcc/pic32mx/8.3.1/../../../../pic32mx/lib\libpic32.a(defaultinterrupt.o)

.debug_pubnames
 *.elf(.debug_pubnames)
 *(.debug_pubnames)

.debug_info     0x0000000000000000     0x3387
 *.elf(.debug_info .gnu.linkonce.wi.*)
 *(.debug_info .gnu.linkonce.wi.*)
 .debug_info    0x0000000000000000       0x3f c:/program files/microchip/xc32/v4.35/bin/bin/../../lib/gcc/pic32mx/8.3.1/../../../../pic32mx/lib\software-debug-break.o
 .debug_info    0x000000000000003f      0x6fa build/basestation_development/debug/src/drv/DPS368/DPS368.o
 .debug_info    0x0000000000000739      0x22a build/basestation_development/debug/src/drv/SHT4x/SHT4x.o
 .debug_info    0x0000000000000963      0x5f6 build/basestation_development/debug/src/drv/SX1231H/SX1231H.o
 .debug_info    0x0000000000000f59      0x4ee build/basestation_development/debug/src/drv/SSD1803A/SSD1803A.o
 .debug_info    0x0000000000001447      0x65b build/basestation_development/debug/src/Main.o
 .debug_info    0x0000000000001aa2      0x3cf build/basestation_development/debug/src/drv/HAL.o
 .debug_info    0x0000000000001e71      0x31b build/basestation_development/debug/src/Interrupts.o
 .debug_info    0x000000000000218c      0x4fc build/basestation_development/debug/src/PacketStructures.o
 .debug_info    0x0000000000002688      0x3a1 build/basestation_development/debug/src/Logging.o
 .debug_info    0x0000000000002a29      0x75f build/basestation_development/debug/src/Application.o
 .debug_info    0x0000000000003188       0x22 C:\Users\Aeryn\AppData\Local\Temp\ccUsUt38.o
 .debug_info    0x00000000000031aa       0x9d c:/program files/microchip/xc32/v4.35/bin/bin/../../lib/gcc/pic32mx/8.3.1\libgcc.a(floatunsisf.o)
 .debug_info    0x0000000000003247       0x41 c:/program files/microchip/xc32/v4.35/bin/bin/../../lib/gcc/pic32mx/8.3.1/../../../../pic32mx/lib\libpic32.a(default-bootstrap-exception-handler.o)
 .debug_info    0x0000000000003288       0x3f c:/program files/microchip/xc32/v4.35/bin/bin/../../lib/gcc/pic32mx/8.3.1/../../../../pic32mx/lib\libpic32.a(default-on-reset.o)
 .debug_info    0x00000000000032c7       0x3f c:/program files/microchip/xc32/v4.35/bin/bin/../../lib/gcc/pic32mx/8.3.1/../../../../pic32mx/lib\libpic32.a(default-on-bootstrap.o)
 .debug_info    0x0000000000003306       0x41 c:/program files/microchip/xc32/v4.35/bin/bin/../../lib/gcc/pic32mx/8.3.1/../../../../pic32mx/lib\libpic32.a(default-general-exception-handler.o)
 .debug_info    0x0000000000003347       0x40 c:/program files/microchip/xc32/v4.35/bin/bin/../../lib/gcc/pic32mx/8.3.1/../../../../pic32mx/lib\libpic32.a(defaultinterrupt.o)

.debug_abbrev   0x0000000000000000      0xdfd
 *.elf(.debug_abbrev)
 *(.debug_abbrev)
 .debug_abbrev  0x0000000000000000       0x2e c:/program files/microchip/xc32/v4.35/bin/bin/../../lib/gcc/pic32mx/8.3.1/../../../../pic32mx/lib\software-debug-break.o
 .debug_abbrev  0x000000000000002e      0x141 build/basestation_development/debug/src/drv/DPS368/DPS368.o
 .debug_abbrev  0x000000000000016f       0xe4 build/basestation_development/debug/src/drv/SHT4x/SHT4x.o
 .debug_abbrev  0x0000000000000253      0x16b build/basestation_development/debug/src/drv/SX1231H/SX1231H.o
 .debug_abbrev  0x00000000000003be      0x15b build/basestation_development/debug/src/drv/SSD1803A/SSD1803A.o
 .debug_abbrev  0x0000000000000519      0x147 build/basestation_development/debug/src/Main.o
 .debug_abbrev  0x0000000000000660      0x13a build/basestation_development/debug/src/drv/HAL.o
 .debug_abbrev  0x000000000000079a       0xd6 build/basestation_development/debug/src/Interrupts.o
 .debug_abbrev  0x0000000000000870      0x141 build/basestation_development/debug/src/PacketStructures.o
 .debug_abbrev  0x00000000000009b1      0x10b build/basestation_development/debug/src/Logging.o
 .debug_abbrev  0x0000000000000abc      0x1c3 build/basestation_development/debug/src/Application.o
 .debug_abbrev  0x0000000000000c7f       0x12 C:\Users\Aeryn\AppData\Local\Temp\ccUsUt38.o
 .debug_abbrev  0x0000000000000c91       0x7d c:/program files/microchip/xc32/v4.35/bin/bin/../../lib/gcc/pic32mx/8.3.1\libgcc.a(floatunsisf.o)
 .debug_abbrev  0x0000000000000d0e       0x31 c:/program files/microchip/xc32/v4.35/bin/bin/../../lib/gcc/pic32mx/8.3.1/../../../../pic32mx/lib\libpic32.a(default-bootstrap-exception-handler.o)
 .debug_abbrev  0x0000000000000d3f       0x2e c:/program files/microchip/xc32/v4.35/bin/bin/../../lib/gcc/pic32mx/8.3.1/../../../../pic32mx/lib\libpic32.a(default-on-reset.o)
 .debug_abbrev  0x0000000000000d6d       0x2e c:/program files/microchip/xc32/v4.35/bin/bin/../../lib/gcc/pic32mx/8.3.1/../../../../pic32mx/lib\libpic32.a(default-on-bootstrap.o)
 .debug_abbrev  0x0000000000000d9b       0x31 c:/program files/microchip/xc32/v4.35/bin/bin/../../lib/gcc/pic32mx/8.3.1/../../../../pic32mx/lib\libpic32.a(default-general-exception-handler.o)
 .debug_abbrev  0x0000000000000dcc       0x31 c:/program files/microchip/xc32/v4.35/bin/bin/../../lib/gcc/pic32mx/8.3.1/../../../../pic32mx/lib\libpic32.a(defaultinterrupt.o)

.debug_line     0x0000000000000000     0x2789
 *.elf(.debug_line)
 *(.debug_line)
 .debug_line    0x0000000000000000       0xb3 c:/program files/microchip/xc32/v4.35/bin/bin/../../lib/gcc/pic32mx/8.3.1/../../../../pic32mx/lib\software-debug-break.o
 .debug_line    0x00000000000000b3      0x4c4 build/basestation_development/debug/src/drv/DPS368/DPS368.o
 .debug_line    0x0000000000000577      0x1b8 build/basestation_development/debug/src/drv/SHT4x/SHT4x.o
 .debug_line    0x000000000000072f      0x3bc build/basestation_development/debug/src/drv/SX1231H/SX1231H.o
 .debug_line    0x0000000000000aeb      0x3c9 build/basestation_development/debug/src/drv/SSD1803A/SSD1803A.o
 .debug_line    0x0000000000000eb4      0x3ec build/basestation_development/debug/src/Main.o
 .debug_line    0x00000000000012a0      0x35a build/basestation_development/debug/src/drv/HAL.o
 .debug_line    0x00000000000015fa      0x22f build/basestation_development/debug/src/Interrupts.o
 .debug_line    0x0000000000001829      0x1f0 build/basestation_development/debug/src/PacketStructures.o
 .debug_line    0x0000000000001a19      0x31d build/basestation_development/debug/src/Logging.o
 .debug_line    0x0000000000001d36      0x4a5 build/basestation_development/debug/src/Application.o
 .debug_line    0x00000000000021db      0x147 C:\Users\Aeryn\AppData\Local\Temp\ccUsUt38.o
 .debug_line    0x0000000000002322       0xb2 c:/program files/microchip/xc32/v4.35/bin/bin/../../lib/gcc/pic32mx/8.3.1\libgcc.a(floatunsisf.o)
 .debug_line    0x00000000000023d4       0xcc c:/program files/microchip/xc32/v4.35/bin/bin/../../lib/gcc/pic32mx/8.3.1/../../../../pic32mx/lib\libpic32.a(default-bootstrap-exception-handler.o)
 .debug_line    0x00000000000024a0       0xa8 c:/program files/microchip/xc32/v4.35/bin/bin/../../lib/gcc/pic32mx/8.3.1/../../../../pic32mx/lib\libpic32.a(default-on-reset.o)
 .debug_line    0x0000000000002548       0xac c:/program files/microchip/xc32/v4.35/bin/bin/../../lib/gcc/pic32mx/8.3.1/../../../../pic32mx/lib\libpic32.a(default-on-bootstrap.o)
 .debug_line    0x00000000000025f4       0xca c:/program files/microchip/xc32/v4.35/bin/bin/../../lib/gcc/pic32mx/8.3.1/../../../../pic32mx/lib\libpic32.a(default-general-exception-handler.o)
 .debug_line    0x00000000000026be       0xcb c:/program files/microchip/xc32/v4.35/bin/bin/../../lib/gcc/pic32mx/8.3.1/../../../../pic32mx/lib\libpic32.a(defaultinterrupt.o)

.debug_frame    0x0000000000000000      0xd4c
 *.elf(.debug_frame)
 *(.debug_frame)
 .debug_frame   0x0000000000000000       0x20 c:/program files/microchip/xc32/v4.35/bin/bin/../../lib/gcc/pic32mx/8.3.1/../../../../pic32mx/lib\software-debug-break.o
 .debug_frame   0x0000000000000020      0x204 build/basestation_development/debug/src/drv/DPS368/DPS368.o
 .debug_frame   0x0000000000000224       0xc4 build/basestation_development/debug/src/drv/SHT4x/SHT4x.o
 .debug_frame   0x00000000000002e8      0x1c0 build/basestation_development/debug/src/drv/SX1231H/SX1231H.o
 .debug_frame   0x00000000000004a8      0x19c build/basestation_development/debug/src/drv/SSD1803A/SSD1803A.o
 .debug_frame   0x0000000000000644       0x74 build/basestation_development/debug/src/Main.o
 .debug_frame   0x00000000000006b8       0xd8 build/basestation_development/debug/src/drv/HAL.o
 .debug_frame   0x0000000000000790      0x180 build/basestation_development/debug/src/Interrupts.o
 .debug_frame   0x0000000000000910       0xc0 build/basestation_development/debug/src/PacketStructures.o
 .debug_frame   0x00000000000009d0       0xc4 build/basestation_development/debug/src/Logging.o
 .debug_frame   0x0000000000000a94      0x1d4 build/basestation_development/debug/src/Application.o
 .debug_frame   0x0000000000000c68       0x2c c:/program files/microchip/xc32/v4.35/bin/bin/../../lib/gcc/pic32mx/8.3.1\libgcc.a(floatunsisf.o)
 .debug_frame   0x0000000000000c94       0x2c c:/program files/microchip/xc32/v4.35/bin/bin/../../lib/gcc/pic32mx/8.3.1/../../../../pic32mx/lib\libpic32.a(default-bootstrap-exception-handler.o)
 .debug_frame   0x0000000000000cc0       0x20 c:/program files/microchip/xc32/v4.35/bin/bin/../../lib/gcc/pic32mx/8.3.1/../../../../pic32mx/lib\libpic32.a(default-on-reset.o)
 .debug_frame   0x0000000000000ce0       0x20 c:/program files/microchip/xc32/v4.35/bin/bin/../../lib/gcc/pic32mx/8.3.1/../../../../pic32mx/lib\libpic32.a(default-on-bootstrap.o)
 .debug_frame   0x0000000000000d00       0x2c c:/program files/microchip/xc32/v4.35/bin/bin/../../lib/gcc/pic32mx/8.3.1/../../../../pic32mx/lib\libpic32.a(default-general-exception-handler.o)
 .debug_frame   0x0000000000000d2c       0x20 c:/program files/microchip/xc32/v4.35/bin/bin/../../lib/gcc/pic32mx/8.3.1/../../../../pic32mx/lib\libpic32.a(defaultinterrupt.o)

.debug_str      0x0000000000000000     0x55ca
 *.elf(.debug_str)
 *(.debug_str)
 .debug_str     0x0000000000000000      0x35e c:/program files/microchip/xc32/v4.35/bin/bin/../../lib/gcc/pic32mx/8.3.1/../../../../pic32mx/lib\software-debug-break.o
 .debug_str     0x000000000000035e      0x790 build/basestation_development/debug/src/drv/DPS368/DPS368.o
 .debug_str     0x0000000000000aee      0x4d9 build/basestation_development/debug/src/drv/SHT4x/SHT4x.o
 .debug_str     0x0000000000000fc7      0x6f3 build/basestation_development/debug/src/drv/SX1231H/SX1231H.o
 .debug_str     0x00000000000016ba      0x62f build/basestation_development/debug/src/drv/SSD1803A/SSD1803A.o
 .debug_str     0x0000000000001ce9      0x7cf build/basestation_development/debug/src/Main.o
 .debug_str     0x00000000000024b8      0x470 build/basestation_development/debug/src/drv/HAL.o
 .debug_str     0x0000000000002928      0x546 build/basestation_development/debug/src/Interrupts.o
 .debug_str     0x0000000000002e6e      0x555 build/basestation_development/debug/src/PacketStructures.o
 .debug_str     0x00000000000033c3      0x4ba build/basestation_development/debug/src/Logging.o
 .debug_str     0x000000000000387d      0x91f build/basestation_development/debug/src/Application.o
 .debug_str     0x000000000000419c       0xb5 C:\Users\Aeryn\AppData\Local\Temp\ccUsUt38.o
 .debug_str     0x0000000000004251      0x2a7 c:/program files/microchip/xc32/v4.35/bin/bin/../../lib/gcc/pic32mx/8.3.1\libgcc.a(floatunsisf.o)
 .debug_str     0x00000000000044f8      0x36e c:/program files/microchip/xc32/v4.35/bin/bin/../../lib/gcc/pic32mx/8.3.1/../../../../pic32mx/lib\libpic32.a(default-bootstrap-exception-handler.o)
 .debug_str     0x0000000000004866      0x348 c:/program files/microchip/xc32/v4.35/bin/bin/../../lib/gcc/pic32mx/8.3.1/../../../../pic32mx/lib\libpic32.a(default-on-reset.o)
 .debug_str     0x0000000000004bae      0x350 c:/program files/microchip/xc32/v4.35/bin/bin/../../lib/gcc/pic32mx/8.3.1/../../../../pic32mx/lib\libpic32.a(default-on-bootstrap.o)
 .debug_str     0x0000000000004efe      0x36a c:/program files/microchip/xc32/v4.35/bin/bin/../../lib/gcc/pic32mx/8.3.1/../../../../pic32mx/lib\libpic32.a(default-general-exception-handler.o)
 .debug_str     0x0000000000005268      0x362 c:/program files/microchip/xc32/v4.35/bin/bin/../../lib/gcc/pic32mx/8.3.1/../../../../pic32mx/lib\libpic32.a(defaultinterrupt.o)

.debug_loc      0x0000000000000000     0x164b
 *.elf(.debug_loc)
 *(.debug_loc)
 .debug_loc     0x0000000000000000      0x3b8 build/basestation_development/debug/src/drv/DPS368/DPS368.o
 .debug_loc     0x00000000000003b8      0x154 build/basestation_development/debug/src/drv/SHT4x/SHT4x.o
 .debug_loc     0x000000000000050c      0x333 build/basestation_development/debug/src/drv/SX1231H/SX1231H.o
 .debug_loc     0x000000000000083f      0x2ec build/basestation_development/debug/src/drv/SSD1803A/SSD1803A.o
 .debug_loc     0x0000000000000b2b       0xb4 build/basestation_development/debug/src/Main.o
 .debug_loc     0x0000000000000bdf      0x198 build/basestation_development/debug/src/drv/HAL.o
 .debug_loc     0x0000000000000d77      0x1dc build/basestation_development/debug/src/Interrupts.o
 .debug_loc     0x0000000000000f53      0x154 build/basestation_development/debug/src/PacketStructures.o
 .debug_loc     0x00000000000010a7      0x154 build/basestation_development/debug/src/Logging.o
 .debug_loc     0x00000000000011fb      0x374 build/basestation_development/debug/src/Application.o
 .debug_loc     0x000000000000156f       0x84 c:/program files/microchip/xc32/v4.35/bin/bin/../../lib/gcc/pic32mx/8.3.1\libgcc.a(floatunsisf.o)
 .debug_loc     0x00000000000015f3       0x2c c:/program files/microchip/xc32/v4.35/bin/bin/../../lib/gcc/pic32mx/8.3.1/../../../../pic32mx/lib\libpic32.a(default-bootstrap-exception-handler.o)
 .debug_loc     0x000000000000161f       0x2c c:/program files/microchip/xc32/v4.35/bin/bin/../../lib/gcc/pic32mx/8.3.1/../../../../pic32mx/lib\libpic32.a(default-general-exception-handler.o)

.debug_macinfo
 *.elf(.debug_macinfo)
 *(.debug_macinfo)

.debug_weaknames
 *.elf(.debug_weaknames)
 *(.debug_weaknames)

.debug_funcnames
 *.elf(.debug_funcnames)
 *(.debug_funcnames)

.debug_typenames
 *.elf(.debug_typenames)
 *(.debug_typenames)

.debug_varnames
 *.elf(.debug_varnames)
 *(.debug_varnames)

.debug_pubtypes
 *.elf(.debug_pubtypes)
 *(.debug_pubtypes)

.debug_ranges   0x0000000000000000      0x370
 *.elf(.debug_ranges)
 *(.debug_ranges)
 .debug_ranges  0x0000000000000000       0x10 c:/program files/microchip/xc32/v4.35/bin/bin/../../lib/gcc/pic32mx/8.3.1/../../../../pic32mx/lib\software-debug-break.o
 .debug_ranges  0x0000000000000010       0x78 build/basestation_development/debug/src/drv/DPS368/DPS368.o
 .debug_ranges  0x0000000000000088       0x30 build/basestation_development/debug/src/drv/SHT4x/SHT4x.o
 .debug_ranges  0x00000000000000b8       0x68 build/basestation_development/debug/src/drv/SX1231H/SX1231H.o
 .debug_ranges  0x0000000000000120       0x60 build/basestation_development/debug/src/drv/SSD1803A/SSD1803A.o
 .debug_ranges  0x0000000000000180       0x20 build/basestation_development/debug/src/Main.o
 .debug_ranges  0x00000000000001a0       0x38 build/basestation_development/debug/src/drv/HAL.o
 .debug_ranges  0x00000000000001d8       0x40 build/basestation_development/debug/src/Interrupts.o
 .debug_ranges  0x0000000000000218       0x30 build/basestation_development/debug/src/PacketStructures.o
 .debug_ranges  0x0000000000000248       0x30 build/basestation_development/debug/src/Logging.o
 .debug_ranges  0x0000000000000278       0x70 build/basestation_development/debug/src/Application.o
 .debug_ranges  0x00000000000002e8       0x38 C:\Users\Aeryn\AppData\Local\Temp\ccUsUt38.o
 .debug_ranges  0x0000000000000320       0x10 c:/program files/microchip/xc32/v4.35/bin/bin/../../lib/gcc/pic32mx/8.3.1/../../../../pic32mx/lib\libpic32.a(default-bootstrap-exception-handler.o)
 .debug_ranges  0x0000000000000330       0x10 c:/program files/microchip/xc32/v4.35/bin/bin/../../lib/gcc/pic32mx/8.3.1/../../../../pic32mx/lib\libpic32.a(default-on-reset.o)
 .debug_ranges  0x0000000000000340       0x10 c:/program files/microchip/xc32/v4.35/bin/bin/../../lib/gcc/pic32mx/8.3.1/../../../../pic32mx/lib\libpic32.a(default-on-bootstrap.o)
 .debug_ranges  0x0000000000000350       0x10 c:/program files/microchip/xc32/v4.35/bin/bin/../../lib/gcc/pic32mx/8.3.1/../../../../pic32mx/lib\libpic32.a(default-general-exception-handler.o)
 .debug_ranges  0x0000000000000360       0x10 c:/program files/microchip/xc32/v4.35/bin/bin/../../lib/gcc/pic32mx/8.3.1/../../../../pic32mx/lib\libpic32.a(defaultinterrupt.o)

.gnu.attributes
                0x0000000000000000       0x10
 *(.gnu.attributes)
 .gnu.attributes
                0x0000000000000000       0x10 c:/program files/microchip/xc32/v4.35/bin/bin/../../lib/gcc/pic32mx/8.3.1/../../../../pic32mx/lib\software-debug-break.o
 .gnu.attributes
                0x0000000000000010       0x10 build/basestation_development/debug/src/drv/DPS368/DPS368.o
 .gnu.attributes
                0x0000000000000020       0x10 build/basestation_development/debug/src/drv/SHT4x/SHT4x.o
 .gnu.attributes
                0x0000000000000030       0x10 build/basestation_development/debug/src/drv/SX1231H/SX1231H.o
 .gnu.attributes
                0x0000000000000040       0x10 build/basestation_development/debug/src/drv/SSD1803A/SSD1803A.o
 .gnu.attributes
                0x0000000000000050       0x10 build/basestation_development/debug/src/Main.o
 .gnu.attributes
                0x0000000000000060       0x10 build/basestation_development/debug/src/drv/HAL.o
 .gnu.attributes
                0x0000000000000070       0x10 build/basestation_development/debug/src/Interrupts.o
 .gnu.attributes
                0x0000000000000080       0x10 build/basestation_development/debug/src/PacketStructures.o
 .gnu.attributes
                0x0000000000000090       0x10 build/basestation_development/debug/src/Logging.o
 .gnu.attributes
                0x00000000000000a0       0x10 build/basestation_development/debug/src/Application.o
 .gnu.attributes
                0x00000000000000b0       0x10 C:\Users\Aeryn\AppData\Local\Temp\ccUsUt38.o
 .gnu.attributes
                0x00000000000000c0       0x10 C:\Users\Aeryn\AppData\Local\Temp\ccg5zCDh.o
 .gnu.attributes
                0x00000000000000d0       0x10 C:\Users\Aeryn\AppData\Local\Temp\ccEkD5gJ.o
 .gnu.attributes
                0x00000000000000e0       0x10 c:/program files/microchip/xc32/v4.35/bin/bin/../../lib/gcc/pic32mx/8.3.1/../../../../pic32mx/lib\pic32_software_reset.o
 .gnu.attributes
                0x00000000000000f0       0x10 c:/program files/microchip/xc32/v4.35/bin/bin/../../lib/gcc/pic32mx/8.3.1\libgcc.a(floatunsisf.o)
 .gnu.attributes
                0x0000000000000100       0x10 c:/program files/microchip/xc32/v4.35/bin/bin/../../lib/gcc/pic32mx/8.3.1/../../../../pic32mx/lib\libpic32.a(memcpy.o)
 .gnu.attributes
                0x0000000000000110       0x10 c:/program files/microchip/xc32/v4.35/bin/bin/../../lib/gcc/pic32mx/8.3.1/../../../../pic32mx/lib\libpic32.a(strlen.o)
 .gnu.attributes
                0x0000000000000120       0x10 c:/program files/microchip/xc32/v4.35/bin/bin/../../lib/gcc/pic32mx/8.3.1/../../../../pic32mx/lib\libpic32.a(default-bootstrap-exception-handler.o)
 .gnu.attributes
                0x0000000000000130       0x10 c:/program files/microchip/xc32/v4.35/bin/bin/../../lib/gcc/pic32mx/8.3.1/../../../../pic32mx/lib\libpic32.a(default-on-reset.o)
 .gnu.attributes
                0x0000000000000140       0x10 c:/program files/microchip/xc32/v4.35/bin/bin/../../lib/gcc/pic32mx/8.3.1/../../../../pic32mx/lib\libpic32.a(default-on-bootstrap.o)
 .gnu.attributes
                0x0000000000000150       0x10 c:/program files/microchip/xc32/v4.35/bin/bin/../../lib/gcc/pic32mx/8.3.1/../../../../pic32mx/lib\libpic32.a(default-nmi-handler.o)
 .gnu.attributes
                0x0000000000000160       0x10 c:/program files/microchip/xc32/v4.35/bin/bin/../../lib/gcc/pic32mx/8.3.1/../../../../pic32mx/lib\libpic32.a(pic32_data_init_core.o)
 .gnu.attributes
                0x0000000000000170       0x10 c:/program files/microchip/xc32/v4.35/bin/bin/../../lib/gcc/pic32mx/8.3.1/../../../../pic32mx/lib\libpic32.a(general-exception.o)
 .gnu.attributes
                0x0000000000000180       0x10 c:/program files/microchip/xc32/v4.35/bin/bin/../../lib/gcc/pic32mx/8.3.1/../../../../pic32mx/lib\libpic32.a(vector0.o)
 .gnu.attributes
                0x0000000000000190       0x10 c:/program files/microchip/xc32/v4.35/bin/bin/../../lib/gcc/pic32mx/8.3.1/../../../../pic32mx/lib\libpic32.a(vector1.o)
 .gnu.attributes
                0x00000000000001a0       0x10 c:/program files/microchip/xc32/v4.35/bin/bin/../../lib/gcc/pic32mx/8.3.1/../../../../pic32mx/lib\libpic32.a(vector2.o)
 .gnu.attributes
                0x00000000000001b0       0x10 c:/program files/microchip/xc32/v4.35/bin/bin/../../lib/gcc/pic32mx/8.3.1/../../../../pic32mx/lib\libpic32.a(vector3.o)
 .gnu.attributes
                0x00000000000001c0       0x10 c:/program files/microchip/xc32/v4.35/bin/bin/../../lib/gcc/pic32mx/8.3.1/../../../../pic32mx/lib\libpic32.a(vector5.o)
 .gnu.attributes
                0x00000000000001d0       0x10 c:/program files/microchip/xc32/v4.35/bin/bin/../../lib/gcc/pic32mx/8.3.1/../../../../pic32mx/lib\libpic32.a(vector6.o)
 .gnu.attributes
                0x00000000000001e0       0x10 c:/program files/microchip/xc32/v4.35/bin/bin/../../lib/gcc/pic32mx/8.3.1/../../../../pic32mx/lib\libpic32.a(vector7.o)
 .gnu.attributes
                0x00000000000001f0       0x10 c:/program files/microchip/xc32/v4.35/bin/bin/../../lib/gcc/pic32mx/8.3.1/../../../../pic32mx/lib\libpic32.a(vector9.o)
 .gnu.attributes
                0x0000000000000200       0x10 c:/program files/microchip/xc32/v4.35/bin/bin/../../lib/gcc/pic32mx/8.3.1/../../../../pic32mx/lib\libpic32.a(vector10.o)
 .gnu.attributes
                0x0000000000000210       0x10 c:/program files/microchip/xc32/v4.35/bin/bin/../../lib/gcc/pic32mx/8.3.1/../../../../pic32mx/lib\libpic32.a(vector11.o)
 .gnu.attributes
                0x0000000000000220       0x10 c:/program files/microchip/xc32/v4.35/bin/bin/../../lib/gcc/pic32mx/8.3.1/../../../../pic32mx/lib\libpic32.a(vector12.o)
 .gnu.attributes
                0x0000000000000230       0x10 c:/program files/microchip/xc32/v4.35/bin/bin/../../lib/gcc/pic32mx/8.3.1/../../../../pic32mx/lib\libpic32.a(vector13.o)
 .gnu.attributes
                0x0000000000000240       0x10 c:/program files/microchip/xc32/v4.35/bin/bin/../../lib/gcc/pic32mx/8.3.1/../../../../pic32mx/lib\libpic32.a(vector14.o)
 .gnu.attributes
                0x0000000000000250       0x10 c:/program files/microchip/xc32/v4.35/bin/bin/../../lib/gcc/pic32mx/8.3.1/../../../../pic32mx/lib\libpic32.a(vector15.o)
 .gnu.attributes
                0x0000000000000260       0x10 c:/program files/microchip/xc32/v4.35/bin/bin/../../lib/gcc/pic32mx/8.3.1/../../../../pic32mx/lib\libpic32.a(vector16.o)
 .gnu.attributes
                0x0000000000000270       0x10 c:/program files/microchip/xc32/v4.35/bin/bin/../../lib/gcc/pic32mx/8.3.1/../../../../pic32mx/lib\libpic32.a(vector17.o)
 .gnu.attributes
                0x0000000000000280       0x10 c:/program files/microchip/xc32/v4.35/bin/bin/../../lib/gcc/pic32mx/8.3.1/../../../../pic32mx/lib\libpic32.a(vector18.o)
 .gnu.attributes
                0x0000000000000290       0x10 c:/program files/microchip/xc32/v4.35/bin/bin/../../lib/gcc/pic32mx/8.3.1/../../../../pic32mx/lib\libpic32.a(vector20.o)
 .gnu.attributes
                0x00000000000002a0       0x10 c:/program files/microchip/xc32/v4.35/bin/bin/../../lib/gcc/pic32mx/8.3.1/../../../../pic32mx/lib\libpic32.a(vector21.o)
 .gnu.attributes
                0x00000000000002b0       0x10 c:/program files/microchip/xc32/v4.35/bin/bin/../../lib/gcc/pic32mx/8.3.1/../../../../pic32mx/lib\libpic32.a(vector22.o)
 .gnu.attributes
                0x00000000000002c0       0x10 c:/program files/microchip/xc32/v4.35/bin/bin/../../lib/gcc/pic32mx/8.3.1/../../../../pic32mx/lib\libpic32.a(vector23.o)
 .gnu.attributes
                0x00000000000002d0       0x10 c:/program files/microchip/xc32/v4.35/bin/bin/../../lib/gcc/pic32mx/8.3.1/../../../../pic32mx/lib\libpic32.a(vector24.o)
 .gnu.attributes
                0x00000000000002e0       0x10 c:/program files/microchip/xc32/v4.35/bin/bin/../../lib/gcc/pic32mx/8.3.1/../../../../pic32mx/lib\libpic32.a(vector26.o)
 .gnu.attributes
                0x00000000000002f0       0x10 c:/program files/microchip/xc32/v4.35/bin/bin/../../lib/gcc/pic32mx/8.3.1/../../../../pic32mx/lib\libpic32.a(vector27.o)
 .gnu.attributes
                0x0000000000000300       0x10 c:/program files/microchip/xc32/v4.35/bin/bin/../../lib/gcc/pic32mx/8.3.1/../../../../pic32mx/lib\libpic32.a(vector28.o)
 .gnu.attributes
                0x0000000000000310       0x10 c:/program files/microchip/xc32/v4.35/bin/bin/../../lib/gcc/pic32mx/8.3.1/../../../../pic32mx/lib\libpic32.a(vector29.o)
 .gnu.attributes
                0x0000000000000320       0x10 c:/program files/microchip/xc32/v4.35/bin/bin/../../lib/gcc/pic32mx/8.3.1/../../../../pic32mx/lib\libpic32.a(vector30.o)
 .gnu.attributes
                0x0000000000000330       0x10 c:/program files/microchip/xc32/v4.35/bin/bin/../../lib/gcc/pic32mx/8.3.1/../../../../pic32mx/lib\libpic32.a(vector31.o)
 .gnu.attributes
                0x0000000000000340       0x10 c:/program files/microchip/xc32/v4.35/bin/bin/../../lib/gcc/pic32mx/8.3.1/../../../../pic32mx/lib\libpic32.a(vector32.o)
 .gnu.attributes
                0x0000000000000350       0x10 c:/program files/microchip/xc32/v4.35/bin/bin/../../lib/gcc/pic32mx/8.3.1/../../../../pic32mx/lib\libpic32.a(vector33.o)
 .gnu.attributes
                0x0000000000000360       0x10 c:/program files/microchip/xc32/v4.35/bin/bin/../../lib/gcc/pic32mx/8.3.1/../../../../pic32mx/lib\libpic32.a(vector35.o)
 .gnu.attributes
                0x0000000000000370       0x10 c:/program files/microchip/xc32/v4.35/bin/bin/../../lib/gcc/pic32mx/8.3.1/../../../../pic32mx/lib\libpic32.a(vector36.o)
 .gnu.attributes
                0x0000000000000380       0x10 c:/program files/microchip/xc32/v4.35/bin/bin/../../lib/gcc/pic32mx/8.3.1/../../../../pic32mx/lib\libpic32.a(vector37.o)
 .gnu.attributes
                0x0000000000000390       0x10 c:/program files/microchip/xc32/v4.35/bin/bin/../../lib/gcc/pic32mx/8.3.1/../../../../pic32mx/lib\libpic32.a(vector38.o)
 .gnu.attributes
                0x00000000000003a0       0x10 c:/program files/microchip/xc32/v4.35/bin/bin/../../lib/gcc/pic32mx/8.3.1/../../../../pic32mx/lib\libpic32.a(vector39.o)
 .gnu.attributes
                0x00000000000003b0       0x10 c:/program files/microchip/xc32/v4.35/bin/bin/../../lib/gcc/pic32mx/8.3.1/../../../../pic32mx/lib\libpic32.a(vector40.o)
 .gnu.attributes
                0x00000000000003c0       0x10 c:/program files/microchip/xc32/v4.35/bin/bin/../../lib/gcc/pic32mx/8.3.1/../../../../pic32mx/lib\libpic32.a(vector41.o)
 .gnu.attributes
                0x00000000000003d0       0x10 c:/program files/microchip/xc32/v4.35/bin/bin/../../lib/gcc/pic32mx/8.3.1/../../../../pic32mx/lib\libpic32.a(vector43.o)
 .gnu.attributes
                0x00000000000003e0       0x10 c:/program files/microchip/xc32/v4.35/bin/bin/../../lib/gcc/pic32mx/8.3.1/../../../../pic32mx/lib\libpic32.a(default-general-exception-handler.o)
 .gnu.attributes
                0x00000000000003f0       0x10 c:/program files/microchip/xc32/v4.35/bin/bin/../../lib/gcc/pic32mx/8.3.1/../../../../pic32mx/lib\libpic32.a(defaultinterrupt.o)
 .gnu.attributes
                0x0000000000000400       0x10 c:/program files/microchip/xc32/v4.35/bin/bin/../../lib/gcc/pic32mx/8.3.1/../../../../pic32mx/lib\libm.a(fp32div.o)
 .gnu.attributes
                0x0000000000000410       0x10 c:/program files/microchip/xc32/v4.35/bin/bin/../../lib/gcc/pic32mx/8.3.1/../../../../pic32mx/lib\libm.a(fp32mul.o)
 .gnu.attributes
                0x0000000000000420       0x10 c:/program files/microchip/xc32/v4.35/bin/bin/../../lib/gcc/pic32mx/8.3.1/../../../../pic32mx/lib\libm.a(fp32subadd.o)
 .gnu.attributes
                0x0000000000000430       0x10 c:/program files/microchip/xc32/v4.35/bin/bin/../../lib/gcc/pic32mx/8.3.1/../../../../pic32mx/lib\libm.a(fpcmp.o)
 .gnu.attributes
                0x0000000000000440       0x10 c:/program files/microchip/xc32/v4.35/bin/bin/../../lib/gcc/pic32mx/8.3.1/../../../../pic32mx/lib\libm.a(fpcmplt.o)
 .gnu.attributes
                0x0000000000000450       0x10 c:/program files/microchip/xc32/v4.35/bin/bin/../../lib/gcc/pic32mx/8.3.1/../../../../pic32mx/lib\libm.a(fptoli.o)
 .gnu.attributes
                0x0000000000000460       0x10 c:/program files/microchip/xc32/v4.35/bin/bin/../../lib/gcc/pic32mx/8.3.1/../../../../pic32mx/lib\libm.a(fptoul.o)
 .gnu.attributes
                0x0000000000000470       0x10 c:/program files/microchip/xc32/v4.35/bin/bin/../../lib/gcc/pic32mx/8.3.1/../../../../pic32mx/lib\libm.a(sitofp.o)
 .gnu.attributes
                0x0000000000000480       0x10 c:/program files/microchip/xc32/v4.35/bin/bin/../../lib/gcc/pic32mx/8.3.1/../../../../pic32mx/lib\libpic32.a(pic32_data_init_clear.o)
 .gnu.attributes
                0x0000000000000490       0x10 c:/program files/microchip/xc32/v4.35/bin/bin/../../lib/gcc/pic32mx/8.3.1/../../../../pic32mx/lib\libpic32.a(pic32_data_init_copy.o)
OUTPUT(dist/basestation_development/debug/base-station.X.debug.elf elf32-tradlittlemips)
LOAD data_init
LOAD stack

.reginfo        0x0000000000000000       0x18
 .reginfo       0x0000000000000000       0x18 c:/program files/microchip/xc32/v4.35/bin/bin/../../lib/gcc/pic32mx/8.3.1/../../../../pic32mx/lib\software-debug-break.o

.stack          0x00000000a0000438      0x400
 .stack         0x00000000a0000438      0x400 stack

.data           0x00000000a0000244       0x44
 .data          0x00000000a0000244       0x44 build/basestation_development/debug/src/Application.o
                0x00000000a0000244                sensorFunctionTable
                0x00000000a000025c                radioFunctionTable

.bss            0x00000000a0000288       0xff
 .bss           0x00000000a0000288       0xff build/basestation_development/debug/src/drv/HAL.o
                0x00000000a0000288                dmaBufferTxUART

.bss            0x00000000a0000388       0x86
 .bss           0x00000000a0000388       0x86 build/basestation_development/debug/src/Application.o
                0x00000000a0000388                txBuffer
                0x00000000a00003cc                rxBuffer

.thread_handlers
                0x000000009d000780      0x640
 .thread_handlers
                0x000000009d000780      0x640 build/basestation_development/debug/src/Application.o
                0x000000009d000780                sensorStartMeasurements
                0x000000009d0007d8                sensorGetPressure
                0x000000009d000868                sensorGetTemperature
                0x000000009d000914                sensorReportMeasurements
                0x000000009d0009b8                sensorMeasureFail
                0x000000009d0009e0                radioProcessInterrupts
                0x000000009d000b3c                radioStartRX
                0x000000009d000bd0                radioStartTX
                0x000000009d000c6c                radioGetPayload
                0x000000009d000d38                radioTimeoutRX
                0x000000009d000d9c                threadSleep

.text.readCalCoeffsDPS368
                0x000000009d000dc0      0x304
 .text.readCalCoeffsDPS368
                0x000000009d000dc0      0x304 build/basestation_development/debug/src/drv/DPS368/DPS368.o
                0x000000009d000dc0                readCalCoeffsDPS368

.text.constructMeasurementLog
                0x000000009d0010c4      0x2f4
 .text.constructMeasurementLog
                0x000000009d0010c4      0x2f4 build/basestation_development/debug/src/Logging.o
                0x000000009d0010c4                constructMeasurementLog

.text.fpsubadd  0x000000009d0013b8      0x278
 .text.fpsubadd
                0x000000009d0013b8      0x278 c:/program files/microchip/xc32/v4.35/bin/bin/../../lib/gcc/pic32mx/8.3.1/../../../../pic32mx/lib\libm.a(fp32subadd.o)
                0x000000009d0013b8                fpsub
                0x000000009d0013b8                __subsf3
                0x000000009d0013c0                __addsf3
                0x000000009d0013c0                fpadd

.text.convertToPressureFromDPS368
                0x000000009d001630      0x234
 .text.convertToPressureFromDPS368
                0x000000009d001630      0x234 build/basestation_development/debug/src/drv/DPS368/DPS368.o
                0x000000009d001630                convertToPressureFromDPS368

.text.fp32div   0x000000009d001864      0x230
 .text.fp32div  0x000000009d001864      0x230 c:/program files/microchip/xc32/v4.35/bin/bin/../../lib/gcc/pic32mx/8.3.1/../../../../pic32mx/lib\libm.a(fp32div.o)
                0x000000009d001864                fpdiv
                0x000000009d001864                __divsf3

.text.initializeSSD1803A
                0x000000009d001a94      0x22c
 .text.initializeSSD1803A
                0x000000009d001a94      0x22c build/basestation_development/debug/src/drv/SSD1803A/SSD1803A.o
                0x000000009d001a94                initializeSSD1803A

.text.setupMCU  0x000000009d001cc0      0x218
 .text.setupMCU
                0x000000009d001cc0      0x218 build/basestation_development/debug/src/Main.o
                0x000000009d001cc0                setupMCU

.text.initializeDPS368
                0x000000009d001ed8      0x214
 .text.initializeDPS368
                0x000000009d001ed8      0x214 build/basestation_development/debug/src/drv/DPS368/DPS368.o
                0x000000009d001ed8                initializeDPS368

.text.fp32mul   0x000000009d0020ec      0x1bc
 .text.fp32mul  0x000000009d0020ec      0x1bc c:/program files/microchip/xc32/v4.35/bin/bin/../../lib/gcc/pic32mx/8.3.1/../../../../pic32mx/lib\libm.a(fp32mul.o)
                0x000000009d0020ec                fpmul
                0x000000009d0020ec                __mulsf3

.text.readFromI2C
                0x000000009d0022a8      0x1b8
 .text.readFromI2C
                0x000000009d0022a8      0x1b8 build/basestation_development/debug/src/drv/HAL.o
                0x000000009d0022a8                readFromI2C

.text.functionSetSSD1803A
                0x000000009d002460      0x198
 .text.functionSetSSD1803A
                0x000000009d002460      0x198 build/basestation_development/debug/src/drv/SSD1803A/SSD1803A.o
                0x000000009d002460                functionSetSSD1803A

.text.getResultsAtAddressDPS368
                0x000000009d0025f8      0x174
 .text.getResultsAtAddressDPS368
                0x000000009d0025f8      0x174 build/basestation_development/debug/src/drv/DPS368/DPS368.o
                0x000000009d0025f8                getResultsAtAddressDPS368

.text           0x000000009d00276c      0x2d0
 .text          0x000000009d00276c      0x168 c:/program files/microchip/xc32/v4.35/bin/bin/../../lib/gcc/pic32mx/8.3.1/../../../../pic32mx/lib\libpic32.a(memcpy.o)
                0x000000009d00276c                memcpy
 .text          0x000000009d0028d4      0x168 c:/program files/microchip/xc32/v4.35/bin/bin/../../lib/gcc/pic32mx/8.3.1/../../../../pic32mx/lib\libpic32.a(strlen.o)
                0x000000009d0028d4                strlen

.text.interactWithRegistersSX1231H
                0x000000009d002a3c      0x164
 .text.interactWithRegistersSX1231H
                0x000000009d002a3c      0x164 build/basestation_development/debug/src/drv/SX1231H/SX1231H.o
                0x000000009d002a3c                interactWithRegistersSX1231H

.text.setPowerLevelSX1231H
                0x000000009d002ba0      0x15c
 .text.setPowerLevelSX1231H
                0x000000009d002ba0      0x15c build/basestation_development/debug/src/drv/SX1231H/SX1231H.o
                0x000000009d002ba0                setPowerLevelSX1231H

.text.writeToI2C
                0x000000009d002cfc      0x128
 .text.writeToI2C
                0x000000009d002cfc      0x128 build/basestation_development/debug/src/drv/HAL.o
                0x000000009d002cfc                writeToI2C

.text.uintToDecString
                0x000000009d002e24      0x11c
 .text.uintToDecString
                0x000000009d002e24      0x11c build/basestation_development/debug/src/Logging.o
                0x000000009d002e24                uintToDecString

.text.setupExternals
                0x000000009d002f40      0x118
 .text.setupExternals
                0x000000009d002f40      0x118 build/basestation_development/debug/src/Main.o
                0x000000009d002f40                setupExternals

.text.main      0x000000009d003058       0xe8
 .text.main     0x000000009d003058       0xe8 build/basestation_development/debug/src/Main.o
                0x000000009d003058                main

.text.general_exception
                0x000000009d003140       0xdc
 .text.general_exception
                0x000000009d003140       0xdc c:/program files/microchip/xc32/v4.35/bin/bin/../../lib/gcc/pic32mx/8.3.1/../../../../pic32mx/lib\libpic32.a(general-exception.o)
                0x000000009d003140                _general_exception_context

.text.convertToRHFromSHT4X
                0x000000009d00321c       0xd8
 .text.convertToRHFromSHT4X
                0x000000009d00321c       0xd8 build/basestation_development/debug/src/drv/SHT4x/SHT4x.o
                0x000000009d00321c                convertToRHFromSHT4X

.logging_constants
                0x000000009d0032f4       0xd8
 .logging_constants
                0x000000009d0032f4       0xd8 build/basestation_development/debug/src/Logging.o
                0x000000009d0032f4                logConstants_measurementReport
                0x000000009d003340                logConstants_packet
                0x000000009d00338c                logConstants_rssi
                0x000000009d0033a4                logConstants_packetType_acknowledge
                0x000000009d0033b4                logConstants_packetType_event
                0x000000009d0033bc                logConstants_packetType_measureReport

.text.setCarrierFreqSX1231H
                0x000000009d0033cc       0xc0
 .text.setCarrierFreqSX1231H
                0x000000009d0033cc       0xc0 build/basestation_development/debug/src/drv/SX1231H/SX1231H.o
                0x000000009d0033cc                setCarrierFreqSX1231H

.text.initializeSX1231H
                0x000000009d00348c       0xbc
 .text.initializeSX1231H
                0x000000009d00348c       0xbc build/basestation_development/debug/src/drv/SX1231H/SX1231H.o
                0x000000009d00348c                initializeSX1231H

.text.getResultsSHT4X
                0x000000009d003548       0xb4
 .text.getResultsSHT4X
                0x000000009d003548       0xb4 build/basestation_development/debug/src/drv/SHT4x/SHT4x.o
                0x000000009d003548                getResultsSHT4X

.text.printStringSSD1803A
                0x000000009d0035fc       0xac
 .text.printStringSSD1803A
                0x000000009d0035fc       0xac build/basestation_development/debug/src/drv/SSD1803A/SSD1803A.o
                0x000000009d0035fc                printStringSSD1803A

.text.setupInterrupts
                0x000000009d0036a8       0xac
 .text.setupInterrupts
                0x000000009d0036a8       0xac build/basestation_development/debug/src/Interrupts.o
                0x000000009d0036a8                setupInterrupts

.text.dma2ISR   0x000000009d003754       0xac
 .text.dma2ISR  0x000000009d003754       0xac build/basestation_development/debug/src/Interrupts.o
                0x000000009d003754                dma2ISR

.text.generateHeader
                0x000000009d003800       0xac
 .text.generateHeader
                0x000000009d003800       0xac build/basestation_development/debug/src/PacketStructures.o
                0x000000009d003800                generateHeader

.text.setFreqDeviationSX1231H
                0x000000009d0038ac       0xa8
 .text.setFreqDeviationSX1231H
                0x000000009d0038ac       0xa8 build/basestation_development/debug/src/drv/SX1231H/SX1231H.o
                0x000000009d0038ac                setFreqDeviationSX1231H

.text.setAutoModeSX1231H
                0x000000009d003954       0xa8
 .text.setAutoModeSX1231H
                0x000000009d003954       0xa8 build/basestation_development/debug/src/drv/SX1231H/SX1231H.o
                0x000000009d003954                setAutoModeSX1231H

.dinit          0x000000009d0039fc       0xa0
 .dinit         0x000000009d0039fc       0xa0 data_init

.text.writePacketSX1231H
                0x000000009d003a9c       0x9c
 .text.writePacketSX1231H
                0x000000009d003a9c       0x9c build/basestation_development/debug/src/drv/SX1231H/SX1231H.o
                0x000000009d003a9c                writePacketSX1231H

.text.timer1PeriodMatchISR
                0x000000009d003b38       0x9c
 .text.timer1PeriodMatchISR
                0x000000009d003b38       0x9c build/basestation_development/debug/src/Interrupts.o
                0x000000009d003b38                timer1PeriodMatchISR

.text.timer2PeriodMatchISR
                0x000000009d003bd4       0x9c
 .text.timer2PeriodMatchISR
                0x000000009d003bd4       0x9c build/basestation_development/debug/src/Interrupts.o
                0x000000009d003bd4                timer2PeriodMatchISR

.text.int4ISR   0x000000009d003c70       0x9c
 .text.int4ISR  0x000000009d003c70       0x9c build/basestation_development/debug/src/Interrupts.o
                0x000000009d003c70                int4ISR

.text.rtccAlarmISR
                0x000000009d003d0c       0x9c
 .text.rtccAlarmISR
                0x000000009d003d0c       0x9c build/basestation_development/debug/src/Interrupts.o
                0x000000009d003d0c                rtccAlarmISR

.text.fpcmp     0x000000009d003da8       0x9c
 .text.fpcmp    0x000000009d003da8       0x9c c:/program files/microchip/xc32/v4.35/bin/bin/../../lib/gcc/pic32mx/8.3.1/../../../../pic32mx/lib\libm.a(fpcmp.o)
                0x000000009d003da8                __gtsf2
                0x000000009d003da8                __eqsf2
                0x000000009d003da8                fpcmp
                0x000000009d003da8                __gesf2
                0x000000009d003da8                __nesf2

.text.fpcmplt   0x000000009d003e44       0x9c
 .text.fpcmplt  0x000000009d003e44       0x9c c:/program files/microchip/xc32/v4.35/bin/bin/../../lib/gcc/pic32mx/8.3.1/../../../../pic32mx/lib\libm.a(fpcmplt.o)
                0x000000009d003e44                fpcmplt
                0x000000009d003e44                __ltsf2
                0x000000009d003e44                __lesf2

.text.portChangeNoticeISR
                0x000000009d003ee0       0x94
 .text.portChangeNoticeISR
                0x000000009d003ee0       0x94 build/basestation_development/debug/src/Interrupts.o
                0x000000009d003ee0                portChangeNoticeISR

.text.setBitRateSX1231H
                0x000000009d003f74       0x90
 .text.setBitRateSX1231H
                0x000000009d003f74       0x90 build/basestation_development/debug/src/drv/SX1231H/SX1231H.o
                0x000000009d003f74                setBitRateSX1231H

.text.allowSleepMode
                0x000000009d004004       0x90
 .text.allowSleepMode
                0x000000009d004004       0x90 build/basestation_development/debug/src/drv/HAL.o
                0x000000009d004004                allowSleepMode

.text.forceSign16
                0x000000009d004094       0x88
 .text.forceSign16
                0x000000009d004094       0x88 build/basestation_development/debug/src/drv/DPS368/DPS368.o
                0x000000009d004094                forceSign16

.text.convertToTempCFromSHT4X
                0x000000009d00411c       0x88
 .text.convertToTempCFromSHT4X
                0x000000009d00411c       0x88 build/basestation_development/debug/src/drv/SHT4x/SHT4x.o
                0x000000009d00411c                convertToTempCFromSHT4X

.text.forceSign32
                0x000000009d0041a4       0x80
 .text.forceSign32
                0x000000009d0041a4       0x80 build/basestation_development/debug/src/drv/DPS368/DPS368.o
                0x000000009d0041a4                forceSign32

.text.setDIOMappingsSX1231H
                0x000000009d004224       0x80
 .text.setDIOMappingsSX1231H
                0x000000009d004224       0x80 build/basestation_development/debug/src/drv/SX1231H/SX1231H.o
                0x000000009d004224                setDIOMappingsSX1231H

.text.fptoli    0x000000009d0042a4       0x80
 .text.fptoli   0x000000009d0042a4       0x80 c:/program files/microchip/xc32/v4.35/bin/bin/../../lib/gcc/pic32mx/8.3.1/../../../../pic32mx/lib\libm.a(fptoli.o)
                0x000000009d0042a4                fptoli
                0x000000009d0042a4                fptosi
                0x000000009d0042a4                __fixsfsi

.text           0x000000009d004324       0x7c
 .text          0x000000009d004324       0x7c c:/program files/microchip/xc32/v4.35/bin/bin/../../lib/gcc/pic32mx/8.3.1/../../../../pic32mx/lib\libpic32.a(pic32_data_init_core.o)
                0x000000009d004324                __dinit_copy_emb
                0x000000009d004324                __dinit_decompress
                0x000000009d004324                __dinit_copy_val_data
                0x000000009d00432c                __pic32_data_init

.text.fptoul    0x000000009d0043a0       0x7c
 .text.fptoul   0x000000009d0043a0       0x7c c:/program files/microchip/xc32/v4.35/bin/bin/../../lib/gcc/pic32mx/8.3.1/../../../../pic32mx/lib\libm.a(fptoul.o)
                0x000000009d0043a0                __fixunssfsi
                0x000000009d0043a0                fptoul
                0x000000009d0043a0                fptoui

.text.setDeviceModeSX1231H
                0x000000009d00441c       0x78
 .text.setDeviceModeSX1231H
                0x000000009d00441c       0x78 build/basestation_development/debug/src/drv/SX1231H/SX1231H.o
                0x000000009d00441c                setDeviceModeSX1231H

.text.sendCommandSSD1803A
                0x000000009d004494       0x78
 .text.sendCommandSSD1803A
                0x000000009d004494       0x78 build/basestation_development/debug/src/drv/SSD1803A/SSD1803A.o
                0x000000009d004494                sendCommandSSD1803A

.text.putCursorSSD1803A
                0x000000009d00450c       0x74
 .text.putCursorSSD1803A
                0x000000009d00450c       0x74 build/basestation_development/debug/src/drv/SSD1803A/SSD1803A.o
                0x000000009d00450c                putCursorSSD1803A

.text.getRssiSX1231H
                0x000000009d004580       0x70
 .text.getRssiSX1231H
                0x000000009d004580       0x70 build/basestation_development/debug/src/drv/SX1231H/SX1231H.o
                0x000000009d004580                getRssiSX1231H

.text.getResultStatusDPS368
                0x000000009d0045f0       0x6c
 .text.getResultStatusDPS368
                0x000000009d0045f0       0x6c build/basestation_development/debug/src/drv/DPS368/DPS368.o
                0x000000009d0045f0                getResultStatusDPS368

.text.startTxUART
                0x000000009d00465c       0x64
 .text.startTxUART
                0x000000009d00465c       0x64 build/basestation_development/debug/src/drv/HAL.o
                0x000000009d00465c                startTxUART

.text.setModeDPS368
                0x000000009d0046c0       0x60
 .text.setModeDPS368
                0x000000009d0046c0       0x60 build/basestation_development/debug/src/drv/DPS368/DPS368.o
                0x000000009d0046c0                setModeDPS368

.text.sitofp    0x000000009d004720       0x60
 .text.sitofp   0x000000009d004720       0x60 c:/program files/microchip/xc32/v4.35/bin/bin/../../lib/gcc/pic32mx/8.3.1/../../../../pic32mx/lib\libm.a(sitofp.o)
                0x000000009d004720                __floatsisf
                0x000000009d004720                litofp
                0x000000009d004720                sitofp

.text.main_entry
                0x000000009d004780       0x54
 .text.main_entry
                0x000000009d004780       0x54 C:\Users\Aeryn\AppData\Local\Temp\ccUsUt38.o
                0x000000009d0047b4                __crt0_exit

.text.newAcknowledgePacket
                0x000000009d0047d4       0x48
 .text.newAcknowledgePacket
                0x000000009d0047d4       0x48 build/basestation_development/debug/src/PacketStructures.o
                0x000000009d0047d4                newAcknowledgePacket

.text           0x000000009d00481c       0x48
 .text          0x000000009d00481c       0x48 c:/program files/microchip/xc32/v4.35/bin/bin/../../lib/gcc/pic32mx/8.3.1\libgcc.a(floatunsisf.o)
                0x000000009d00481c                __floatunsisf

.text._bootstrap_exception_handler
                0x000000009d004864       0x48
 .text._bootstrap_exception_handler
                0x000000009d004864       0x48 c:/program files/microchip/xc32/v4.35/bin/bin/../../lib/gcc/pic32mx/8.3.1/../../../../pic32mx/lib\libpic32.a(default-bootstrap-exception-handler.o)
                0x000000009d004864                _bootstrap_exception_handler

.text._general_exception_handler
                0x000000009d0048ac       0x48
 .text._general_exception_handler
                0x000000009d0048ac       0x48 c:/program files/microchip/xc32/v4.35/bin/bin/../../lib/gcc/pic32mx/8.3.1/../../../../pic32mx/lib\libpic32.a(default-general-exception-handler.o)
                0x000000009d0048ac                _general_exception_handler

.vector_default
                0x000000009d0048f4       0x48
 .vector_default
                0x000000009d0048f4       0x48 c:/program files/microchip/xc32/v4.35/bin/bin/../../lib/gcc/pic32mx/8.3.1/../../../../pic32mx/lib\libpic32.a(defaultinterrupt.o)
                0x000000009d0048f4                _DefaultInterrupt

.text.getResultsFromFifoDPS368
                0x000000009d00493c       0x44
 .text.getResultsFromFifoDPS368
                0x000000009d00493c       0x44 build/basestation_development/debug/src/drv/DPS368/DPS368.o
                0x000000009d00493c                getResultsFromFifoDPS368

.text           0x000000009d004980       0x44
 .text          0x000000009d004980       0x44 c:/program files/microchip/xc32/v4.35/bin/bin/../../lib/gcc/pic32mx/8.3.1/../../../../pic32mx/lib\pic32_software_reset.o
                0x000000009d004980                __pic32_software_reset

.text.requestMeasurementSHT4X
                0x000000009d0049c4       0x40
 .text.requestMeasurementSHT4X
                0x000000009d0049c4       0x40 build/basestation_development/debug/src/drv/SHT4x/SHT4x.o
                0x000000009d0049c4                requestMeasurementSHT4X

.text.initializeApplication
                0x000000009d004a04       0x40
 .text.initializeApplication
                0x000000009d004a04       0x40 build/basestation_development/debug/src/Application.o
                0x000000009d004a04                initializeApplication

.rodata         0x000000009d004a44       0x44